<html>
<body>
<pre>
<h1>µVision Build Log</h1>
<h2>Tool Versions:</h2>
IDE-Version: µVision V5.17.0.0
Copyright (C) 2015 ARM Ltd and ARM Germany GmbH. All rights reserved.
License Information: iut cachan iut cachan Flex license: MDK-ARM Professional: 25 user(s) (mdk_pro) Operation stops: 11 Apr 2027
 
Tool Versions:
Toolchain:       MDK-ARM Professional: 25 user(s)  Version: 5.17
Toolchain Path:  C:\Keil_v5\ARM\ARMCC\Bin
C Compiler:      Armcc.exe V5.06 update 1 (build 61)
Assembler:       Armasm.exe V5.06 update 1 (build 61)
Linker/Locator:  ArmLink.exe V5.06 update 1 (build 61)
Library Manager: ArmAr.exe V5.06 update 1 (build 61)
Hex Converter:   FromElf.exe V5.06 update 1 (build 61)
CPU DLL:         SARMCM3.DLL V5.17
Dialog DLL:      DARMP1.DLL V1.25.0.0
Target DLL:      UL2CM3.DLL V1.156.1.0
Dialog DLL:      TARMP1.DLL V1.24.0.0
 
<h2>Project:</h2>
U:\Projet IT2R - Copie\DFPLAYER.uvprojx
Project File Date:  02/18/2026

<h2>Output:</h2>
*** Using Compiler 'V5.06 update 1 (build 61)', folder: 'C:\Keil_v5\ARM\ARMCC\Bin'
Rebuild target 'Target_1'
assembling startup_LPC17xx.s...
compiling system_LPC17xx.c...
compiling PIN_LPC17xx.c...
compiling main.c...
main.c(48): warning:  #223-D: function "Initialise_GPIO" declared implicitly
  		Initialise_GPIO ();
main.c(56): warning:  #223-D: function "Allumer_1LED" declared implicitly
  		Allumer_1LED(1);
main.c(67): warning:  #1-D: last line of file ends without a newline
  }
main.c: 3 warnings, 0 errors
compiling GPDMA_LPC17xx.c...
compiling GPIO.c...
compiling UART_LPC17xx.c...
linking...
Program Size: Code=8820 RO-data=720 RW-data=12 ZI-data=820  
".\Objects\DFPLAYER.axf" - 0 Error(s), 3 Warning(s).

<h2>Software Packages used:</h2>

Package Vendor: ARM
                http://www.keil.com/pack/ARM.CMSIS.5.6.0.pack
                ::CMSIS Driver:USART:2.3.0 (API)
                CMSIS (Cortex Microcontroller Software Interface Standard)
   * Component: USART Version: 2.3.0
   * Component: CORE Version: 5.3.0

Package Vendor: Keil
                https://www.keil.com/pack/Keil.LPC1700_DFP.3.0.0.pack
                Keil::Device:GPDMA:1.4.0
                NXP LPC1700 Series Device Support, Drivers and Examples for MCB1700 and LPC1788-32
   * Component: GPDMA Version: 1.4.0
   * Component: PIN Version: 1.0.0
   * Component: USART Version: 2.13.0
   * Component: Startup Version: 1.0.0

<h2>Collection of Component include folders:</h2>
  U:\Projet IT2R - Copie\RTE
  U:\Projet IT2R - Copie\RTE\Device\LPC1768
  C:\Keil_v5\ARM\PACK\ARM\CMSIS\5.6.0\CMSIS\Core\Include
  C:\Keil_v5\ARM\PACK\ARM\CMSIS\5.6.0\CMSIS\Driver\Include
  C:\Keil_v5\ARM\PACK\Keil\LPC1700_DFP\3.0.0\Device\Include
  C:\Keil_v5\ARM\PACK\Keil\LPC1700_DFP\3.0.0\RTE_Driver

<h2>Collection of Component Files used:</h2>

   * Component: ::CMSIS Driver:USART:2.3.0 (API)
      Include file:  CMSIS\Driver\Include\Driver_USART.h

   * Component: ARM::CMSIS:CORE:5.3.0

   * Component: Keil::Device:GPDMA:1.4.0
      Source file:   RTE_Driver\GPDMA_LPC17xx.c
      Include file:  RTE_Driver\GPDMA_LPC17xx.h

   * Component: Keil::Device:PIN:1.0.0
      Include file:  RTE_Driver\PIN_LPC17xx.h
      Source file:   RTE_Driver\PIN_LPC17xx.c

   * Component: Keil::CMSIS Driver:USART:2.13.0
      Source file:   RTE_Driver\UART_LPC17xx.c

   * Component: Keil::Device:Startup:1.0.0
      Source file:   Device\Source\ARM\startup_LPC17xx.s
      Include file:  RTE_Driver\Config\RTE_Device.h
      Source file:   Device\Source\system_LPC17xx.c
      Include file:  Device\Include\LPC17xx.h
Build Time Elapsed:  00:00:21
</pre>
</body>
</html>
