<html>
<body>
<pre>
<h1>µVision Build Log</h1>
<h2>Tool Versions:</h2>
IDE-Version: µVision V5.43.1.0
Copyright (C) 2025 ARM Ltd and ARM Germany GmbH. All rights reserved.
License Information: iut cachan iut cachan Flex license: MDK Professional 5.43 (Flex) (mdk_pro) Operation stops: 11 Apr 2027
 
Tool Versions:
Toolchain:       MDK Professional 5.43 (Flex)  Version: 5.43.0.0
Toolchain Path:  C:\Keil_v5\ARM\ARMCLANG\Bin
C Compiler:      ArmClang.exe V6.24
Assembler:       Armasm.exe V6.24
Linker/Locator:  ArmLink.exe V6.24
Library Manager: ArmAr.exe V6.24
Hex Converter:   FromElf.exe V6.24
CPU DLL:         SARMCM3.DLL V5.43.0.0
Dialog DLL:      DARMP1.DLL V1.28.1.0
Target DLL:      UL2CM3.DLL V1.164.16.0
Dialog DLL:      TARMP1.DLL V1.27.1.0
 
<h2>Project:</h2>
C:\Etudiants\Nouveau dossier\Projet_IT2R_S4_D1\sous_fonctions\avertisseur_sonore\DFPLAYER.uvprojx
Project File Date:  03/17/2026

<h2>Output:</h2>
*** Using Compiler 'V6.24', folder: 'C:\Keil_v5\ARM\ARMCLANG\Bin'
Rebuild target 'Target_1'
compiling rtx_delay.c...
main.c(94): warning: expression result unused [-Wunused-value]
   94 |                 SystemCoreClockUpdate;
      |                 ^~~~~~~~~~~~~~~~~~~~~
main.c(101): warning: expression result unused [-Wunused-value]
  101 |                 osKernelStart;
      |                 ^~~~~~~~~~~~~
2 warnings generated.
compiling main.c...
compiling RTX_Config.c...
compiling os_systick.c...
assembling irq_armv7m.S...
compiling rtx_mutex.c...
compiling rtx_semaphore.c...
compiling rtx_evr.c...
compiling GPIO.c...
compiling rtx_lib.c...
compiling rtx_memory.c...
compiling rtx_system.c...
compiling rtx_evflags.c...
compiling UART_LPC17xx.c...
compiling rtx_mempool.c...
compiling rtx_timer.c...
compiling PIN_LPC17xx.c...
compiling rtx_kernel.c...
compiling GPDMA_LPC17xx.c...
compiling system_LPC17xx.c...
assembling startup_LPC17xx.s...
compiling rtx_msgqueue.c...
compiling rtx_thread.c...
linking...
Program Size: Code=13852 RO-data=996 RW-data=204 ZI-data=22724  
".\Objects\DFPLAYER.axf" - 0 Error(s), 2 Warning(s).

<h2>Software Packages used:</h2>

Package Vendor: ARM
                https://www.keil.com/pack/ARM.CMSIS.6.3.0.pack
                ARM::CMSIS@6.3.0
                CMSIS (Common Microcontroller Software Interface Standard)
   * Component: CORE Version: 6.2.0
   * Component: SysTick Version: 1.0.5
   * Component: USART Version: 2.4.0
   * Component: OS Tick Version: 1.0.1
   * Component: RTOS2 Version: 2.3.0

Package Vendor: ARM
                https://www.keil.com/pack/ARM.CMSIS-RTX.5.9.0.pack
                ARM::CMSIS-RTX@5.9.0
                RTX RTOS implementation of CMSIS-RTOS2 API
   * Component: Keil RTX5 Variant: Source Version: 5.9.0

Package Vendor: Keil
                https://www.keil.com/pack/Keil.LPC1700_DFP.3.0.0.pack
                Keil::LPC1700_DFP@3.0.0
                NXP LPC1700 Series Device Support, Drivers and Examples for MCB1700 and LPC1788-32
   * Component: USART Version: 2.13.0
   * Component: GPDMA Version: 1.4.0
   * Component: PIN Version: 1.0.0
   * Component: Startup Version: 1.0.0

<h2>Collection of Component include folders:</h2>
  ./RTE/CMSIS
  ./RTE/Device/LPC1768
  ./RTE/_Target_1
  C:/Keil_v5/ARM/PACK/ARM/CMSIS-RTX/5.9.0/Include
  C:/Keil_v5/ARM/PACK/ARM/CMSIS/6.3.0/CMSIS/Core/Include
  C:/Keil_v5/ARM/PACK/ARM/CMSIS/6.3.0/CMSIS/Driver/Include
  C:/Keil_v5/ARM/PACK/ARM/CMSIS/6.3.0/CMSIS/RTOS2/Include
  C:/Keil_v5/ARM/PACK/Keil/LPC1700_DFP/3.0.0/Device/Include
  C:/Keil_v5/ARM/PACK/Keil/LPC1700_DFP/3.0.0/RTE_Driver

<h2>Collection of Component Files used:</h2>

   * Component: ARM::CMSIS:CORE@6.2.0

   * Component: ARM::CMSIS:OS Tick:SysTick@1.0.5
      Source file:   CMSIS/RTOS2/Source/os_systick.c

   * Component: ARM::CMSIS:RTOS2:Keil RTX5&Source@5.9.0
      Source file:   Config/RTX_Config.c
      Source file:   Template/Semaphore.c
      Include file:  Config/RTX_Config.h
      Source file:   Template/Thread.c
      Source file:   Template/Timer.c
      Source file:   Template/main.c
      Source file:   Template/MsgQueue.c
      Source file:   Template/Events.c
      Include file:  Include/rtx_os.h
      Source file:   Template/MemPool.c
      Source file:   Template/Mutex.c
      Source file:   Source/rtx_delay.c
      Source file:   Source/rtx_mutex.c
      Source file:   Source/rtx_system.c
      Source file:   Source/rtx_kernel.c
      Source file:   Template/svc_user.c
      Source file:   Source/rtx_semaphore.c
      Source file:   Source/rtx_memory.c
      Source file:   Source/rtx_lib.c
      Source file:   Source/GCC/irq_armv7m.S
      Source file:   Source/rtx_thread.c
      Source file:   Source/rtx_evr.c
      Source file:   Source/rtx_evflags.c
      Source file:   Source/rtx_timer.c
      Source file:   Source/rtx_mempool.c
      Source file:   Source/rtx_msgqueue.c

   * Component: CMSIS Driver:USART(API)@2.4.0
      Include file:  CMSIS/Driver/Include/Driver_USART.h

   * Component: CMSIS:OS Tick(API)@1.0.1
      Include file:  CMSIS/RTOS2/Include/os_tick.h

   * Component: CMSIS:RTOS2(API)@2.3.0
      Include file:  CMSIS/RTOS2/Include/cmsis_os2.h

   * Component: Keil::CMSIS Driver:USART@2.13.0
      Source file:   RTE_Driver/UART_LPC17xx.c

   * Component: Keil::Device:GPDMA@1.4.0
      Include file:  RTE_Driver/GPDMA_LPC17xx.h
      Source file:   RTE_Driver/GPDMA_LPC17xx.c

   * Component: Keil::Device:PIN@1.0.0
      Include file:  RTE_Driver/PIN_LPC17xx.h
      Source file:   RTE_Driver/PIN_LPC17xx.c

   * Component: Keil::Device:Startup@1.0.0
      Include file:  RTE_Driver/Config/RTE_Device.h
      Source file:   Device/Source/system_LPC17xx.c
      Source file:   Device/Source/ARM/startup_LPC17xx.s
      Include file:  Device/Include/LPC17xx.h
Build Time Elapsed:  00:00:01
</pre>
</body>
</html>
