<html>
<body>
<pre>
<h1>µVision Build Log</h1>
<h2>Tool Versions:</h2>
IDE-Version: µVision V5.43.1.0
Copyright (C) 2025 ARM Ltd and ARM Germany GmbH. All rights reserved.
License Information: IUT Cachan IUT Cachan IUT Cachan Flex license: MDK Professional 5.43 (Flex) (mdk_pro) Operation stops: 11 Apr 2027
 
Tool Versions:
Toolchain:       MDK Professional 5.43 (Flex)  Version: 5.43.0.0
Toolchain Path:  C:\Keil_v5\ARM\ARMCLANG\Bin
C Compiler:      ArmClang.exe V6.24
Assembler:       Armasm.exe V6.24
Linker/Locator:  ArmLink.exe V6.24
Library Manager: ArmAr.exe V6.24
Hex Converter:   FromElf.exe V6.24
CPU DLL:         SARMCM3.DLL V5.43.0.0
Dialog DLL:      DCM.DLL V1.17.5.0
Target DLL:      STLink\ST-LINKIII-KEIL_SWO.dll V3.3.1.0
Dialog DLL:      TCM.DLL V1.56.6.0
 
<h2>Project:</h2>
C:\Etudiants\Git\Projet_IT2R_S4_D1\sous_fonctions\position_GPS\code_gps\position_gps.uvprojx
Project File Date:  04/14/2026

<h2>Output:</h2>
*** Using Compiler 'V6.24', folder: 'C:\Keil_v5\ARM\ARMCLANG\Bin'
Build target 'Target_1'
main.c(109): warning: passing 'uint8_t[100]' (aka 'unsigned char[100]') to parameter of type 'const char *' converts between pointers to integer types where one is of the unique plain 'char' type and the other is not [-Wpointer-sign]
  109 |                 retour_val_GPRMC = strncmp(MessageRecu.data, "$GPRMC",6);       // strncmp renvoie 0 correspond <E0> la cha<EE>ne de carcact<E8>re
      |                                            ^~~~~~~~~~~~~~~~
C:\Keil_v5\ARM\ARMCLANG\bin\..\include\string.h(132): note: passing argument to parameter here
  132 | extern _ARMABI int strncmp(const char * /*s1*/, const char * /*s2*/, size_t /*n*/) __attribute__((__nonnull__(1,2)));
      |                                               ^
main.c(110): warning: passing 'uint8_t[100]' (aka 'unsigned char[100]') to parameter of type 'const char *' converts between pointers to integer types where one is of the unique plain 'char' type and the other is not [-Wpointer-sign]
  110 |                 retour_val_GPGGA = strncmp(MessageRecu.data, "$GPGGA",6);
      |                                            ^~~~~~~~~~~~~~~~
C:\Keil_v5\ARM\ARMCLANG\bin\..\include\string.h(132): note: passing argument to parameter here
  132 | extern _ARMABI int strncmp(const char * /*s1*/, const char * /*s2*/, size_t /*n*/) __attribute__((__nonnull__(1,2)));
      |                                               ^
main.c(112): warning: passing 'uint8_t *' (aka 'unsigned char *') to parameter of type 'const char *' converts between pointers to integer types where one is of the unique plain 'char' type and the other is not [-Wpointer-sign]
  112 |                 retour_val_GPRMCb = strncmp(MessageRecu.data+1, "$GPRMC",6);    // strncmp renvoie 0 correspond <E0> la cha<EE>ne de carcact<E8>re
      |                                             ^~~~~~~~~~~~~~~~~~
C:\Keil_v5\ARM\ARMCLANG\bin\..\include\string.h(132): note: passing argument to parameter here
  132 | extern _ARMABI int strncmp(const char * /*s1*/, const char * /*s2*/, size_t /*n*/) __attribute__((__nonnull__(1,2)));
      |                                               ^
main.c(113): warning: passing 'uint8_t *' (aka 'unsigned char *') to parameter of type 'const char *' converts between pointers to integer types where one is of the unique plain 'char' type and the other is not [-Wpointer-sign]
  113 |                 retour_val_GPGGAb = strncmp(MessageRecu.data+1, "$GPGGA",6);
      |                                             ^~~~~~~~~~~~~~~~~~
C:\Keil_v5\ARM\ARMCLANG\bin\..\include\string.h(132): note: passing argument to parameter here
  132 | extern _ARMABI int strncmp(const char * /*s1*/, const char * /*s2*/, size_t /*n*/) __attribute__((__nonnull__(1,2)));
      |                                               ^
main.c(119): warning: passing 'uint8_t[100]' (aka 'unsigned char[100]') to parameter of type 'char *' converts between pointers to integer types where one is of the unique plain 'char' type and the other is not [-Wpointer-sign]
  119 |                          strToken = strtok(MessageRecu.data, separateur);
      |                                            ^~~~~~~~~~~~~~~~
C:\Keil_v5\ARM\ARMCLANG\bin\..\include\string.h(280): note: passing argument to parameter here
  280 | extern _ARMABI char *strtok(char * __restrict /*s1*/, const char * __restrict /*s2*/) __attribute__((__nonnull__(2)));
      |                                                     ^
main.c(139): warning: passing 'uint8_t[100]' (aka 'unsigned char[100]') to parameter of type 'char *' converts between pointers to integer types where one is of the unique plain 'char' type and the other is not [-Wpointer-sign]
  139 |                         strToken = strtok(MessageRecu.data, separateur);
      |                                           ^~~~~~~~~~~~~~~~
C:\Keil_v5\ARM\ARMCLANG\bin\..\include\string.h(280): note: passing argument to parameter here
  280 | extern _ARMABI char *strtok(char * __restrict /*s1*/, const char * __restrict /*s2*/) __attribute__((__nonnull__(2)));
      |                                                     ^
main.c(85): warning: variable 'i' set but not used [-Wunused-but-set-variable]
   85 |         int i=0;
      |             ^
main.c(87): warning: unused variable 'val_GPRMC' [-Wunused-variable]
   87 |         char val_GPRMC[10];
      |              ^~~~~~~~~
main.c(88): warning: unused variable 'val_GPGGA' [-Wunused-variable]
   88 |         char val_GPGGA[10];
      |              ^~~~~~~~~
main.c(89): warning: unused variable 'val' [-Wunused-variable]
   89 |         char val[6];
      |              ^~~
main.c(90): warning: unused variable 'val2' [-Wunused-variable]
   90 |         char val2[6];
      |              ^~~~
main.c(96): warning: variable 'retour_val_GPRMCb' set but not used [-Wunused-but-set-variable]
   96 |         int32_t  retour_val_GPRMCb;
      |                  ^
main.c(97): warning: variable 'retour_val_GPGGAb' set but not used [-Wunused-but-set-variable]
   97 |         int32_t  retour_val_GPGGAb;
      |                  ^
main.c(334): warning: unused parameter 'obj_idx' [-Wunused-parameter]
  334 | void myCAN2_callback(uint32_t obj_idx, uint32_t event)
      |                               ^
14 warnings generated.
compiling main.c...
linking...
Program Size: Code=42748 RO-data=972 RW-data=280 ZI-data=55264  
".\Objects\position_gps.axf" - 0 Error(s), 14 Warning(s).

<h2>Software Packages used:</h2>

Package Vendor: ARM
                https://www.keil.com/pack/ARM.CMSIS.6.3.0.pack
                ARM::CMSIS@6.3.0
                CMSIS (Common Microcontroller Software Interface Standard)
   * Component: CORE Version: 6.2.0
   * Component: SysTick Version: 1.0.5
   * Component: CAN Version: 1.3.0
   * Component: USART Version: 2.4.0
   * Component: OS Tick Version: 1.0.1
   * Component: RTOS2 Version: 2.3.0

Package Vendor: ARM
                https://www.keil.com/pack/ARM.CMSIS-RTX.5.9.0.pack
                ARM::CMSIS-RTX@5.9.0
                RTX RTOS implementation of CMSIS-RTOS2 API
   * Component: Keil RTX5 Variant: Source Version: 5.9.0

Package Vendor: ARM
                https://www.keil.com/pack/ARM.CMSIS-View.1.2.0.pack
                ARM::CMSIS-View@1.2.0
                Debugger visualization of software events and statistics
   * Component: Event Recorder Variant: DAP Version: 1.6.0

Package Vendor: Keil
                https://www.keil.com/pack/Keil.STM32F4xx_DFP.2.17.1.pack
                Keil::STM32F4xx_DFP@2.17.1
                STMicroelectronics STM32F4 Series Device Support, Drivers and Examples
   * Component: STM32Cube Framework Version: 1.0.0
   * Component: CAN Version: 1.17
   * Component: USART Version: 2.16
   * Component: Classic Version: 1.8.1
   * Component: Common Version: 1.8.1
   * Component: Cortex Version: 1.8.1
   * Component: DMA Version: 1.8.1
   * Component: GPIO Version: 1.8.1
   * Component: PWR Version: 1.8.1
   * Component: RCC Version: 1.8.1
   * Component: USART Version: 1.8.1
   * Component: Startup Version: 2.6.3

<h2>Collection of Component include folders:</h2>
  ./RTE/CMSIS
  ./RTE/CMSIS-View
  ./RTE/Device/STM32F407VGTx
  ./RTE/_Target_1
  C:/Keil_v5/ARM/PACK/ARM/CMSIS-RTX/5.9.0/Include
  C:/Keil_v5/ARM/PACK/ARM/CMSIS-View/1.2.0/EventRecorder/Include
  C:/Keil_v5/ARM/PACK/ARM/CMSIS/6.3.0/CMSIS/Core/Include
  C:/Keil_v5/ARM/PACK/ARM/CMSIS/6.3.0/CMSIS/Driver/Include
  C:/Keil_v5/ARM/PACK/ARM/CMSIS/6.3.0/CMSIS/RTOS2/Include
  C:/Keil_v5/ARM/PACK/Keil/STM32F4xx_DFP/2.17.1/Drivers/CMSIS/Device/ST/STM32F4xx/Include
  C:/Keil_v5/ARM/PACK/Keil/STM32F4xx_DFP/2.17.1/Drivers/STM32F4xx_HAL_Driver/Inc

<h2>Collection of Component Files used:</h2>

   * Component: ARM::CMSIS-View:Event Recorder&DAP@1.6.0
      Include file:  EventRecorder/Include/EventRecorder.h
      Source file:   EventRecorder/Source/EventRecorder.c
      Include file:  EventRecorder/Config/EventRecorderConf.h

   * Component: ARM::CMSIS:CORE@6.2.0

   * Component: ARM::CMSIS:OS Tick:SysTick@1.0.5
      Source file:   CMSIS/RTOS2/Source/os_systick.c

   * Component: ARM::CMSIS:RTOS2:Keil RTX5&Source@5.9.0
      Include file:  Include/rtx_os.h
      Include file:  Config/RTX_Config.h
      Source file:   Config/RTX_Config.c
      Source file:   Template/main.c
      Source file:   Template/Semaphore.c
      Source file:   Source/rtx_evflags.c
      Source file:   Template/Timer.c
      Source file:   Template/Mutex.c
      Source file:   Source/rtx_kernel.c
      Source file:   Source/rtx_semaphore.c
      Source file:   Source/rtx_msgqueue.c
      Source file:   Template/MsgQueue.c
      Source file:   Source/rtx_mutex.c
      Source file:   Source/rtx_mempool.c
      Source file:   Template/Events.c
      Source file:   Source/rtx_delay.c
      Source file:   Source/rtx_timer.c
      Source file:   Source/rtx_system.c
      Source file:   Source/rtx_evr.c
      Source file:   Source/rtx_lib.c
      Source file:   Template/MemPool.c
      Source file:   Source/GCC/irq_armv7m.S
      Source file:   Template/svc_user.c
      Source file:   Template/Thread.c
      Source file:   Source/rtx_thread.c
      Source file:   Source/rtx_memory.c

   * Component: CMSIS Driver:CAN(API)@1.3.0
      Include file:  CMSIS/Driver/Include/Driver_CAN.h

   * Component: CMSIS Driver:USART(API)@2.4.0
      Include file:  CMSIS/Driver/Include/Driver_USART.h

   * Component: CMSIS:OS Tick(API)@1.0.1
      Include file:  CMSIS/RTOS2/Include/os_tick.h

   * Component: CMSIS:RTOS2(API)@2.3.0
      Include file:  CMSIS/RTOS2/Include/cmsis_os2.h

   * Component: Device:STM32Cube Framework(API)@1.0.0

   * Component: Keil::CMSIS Driver:CAN@1.17
      Source file:   CMSIS/Driver/CAN_STM32F4xx.c

   * Component: Keil::CMSIS Driver:USART@2.16
      Source file:   CMSIS/Driver/USART_STM32F4xx.c

   * Component: Keil::Device:STM32Cube Framework:Classic@1.8.1
      Source file:   MDK/Templates_LL/Src/main.c
      Include file:  CMSIS/Driver/Config/RTE_Device.h
      Include file:  MDK/Templates/Inc/stm32f4xx_it.h
      Source file:   MDK/Templates/Src/main.c
      Source file:   MDK/Templates/Src/stm32f4xx_hal_msp.c
      Source file:   MDK/Templates/Src/stm32f4xx_it.c
      Include file:  MDK/Templates_LL/Inc/main.h
      Include file:  MDK/Templates/Inc/stm32f4xx_hal_conf.h
      Include file:  MDK/Templates/Inc/main.h

   * Component: Keil::Device:STM32Cube HAL:Common@1.8.1
      Include file:  Drivers/STM32F4xx_HAL_Driver/Inc/stm32f4xx_hal.h
      Source file:   Drivers/STM32F4xx_HAL_Driver/Src/stm32f4xx_hal.c

   * Component: Keil::Device:STM32Cube HAL:Cortex@1.8.1
      Source file:   Drivers/STM32F4xx_HAL_Driver/Src/stm32f4xx_hal_cortex.c

   * Component: Keil::Device:STM32Cube HAL:DMA@1.8.1
      Source file:   Drivers/STM32F4xx_HAL_Driver/Src/stm32f4xx_hal_dma.c
      Source file:   Drivers/STM32F4xx_HAL_Driver/Src/stm32f4xx_hal_dma_ex.c

   * Component: Keil::Device:STM32Cube HAL:GPIO@1.8.1
      Source file:   Drivers/STM32F4xx_HAL_Driver/Src/stm32f4xx_hal_gpio.c

   * Component: Keil::Device:STM32Cube HAL:PWR@1.8.1
      Source file:   Drivers/STM32F4xx_HAL_Driver/Src/stm32f4xx_hal_pwr.c
      Source file:   Drivers/STM32F4xx_HAL_Driver/Src/stm32f4xx_hal_pwr_ex.c

   * Component: Keil::Device:STM32Cube HAL:RCC@1.8.1
      Source file:   Drivers/STM32F4xx_HAL_Driver/Src/stm32f4xx_hal_rcc_ex.c
      Source file:   Drivers/STM32F4xx_HAL_Driver/Src/stm32f4xx_hal_rcc.c

   * Component: Keil::Device:STM32Cube HAL:USART@1.8.1
      Source file:   Drivers/STM32F4xx_HAL_Driver/Src/stm32f4xx_hal_usart.c

   * Component: Keil::Device:Startup@2.6.3
      Source file:   Drivers/CMSIS/Device/ST/STM32F4xx/Source/Templates/arm/startup_stm32f407xx.s
      Source file:   MDK/Device/Source/ARM/STM32F40xxx_41xxx_OPT.s
      Include file:  Drivers/CMSIS/Device/ST/STM32F4xx/Include/stm32f4xx.h
      Source file:   MDK/Device/Source/ARM/STM32F4xx_OTP.s
      Source file:   Drivers/CMSIS/Device/ST/STM32F4xx/Source/Templates/system_stm32f4xx.c
Build Time Elapsed:  00:00:02
</pre>
</body>
</html>
