Component: Arm Compiler for Embedded 6.24 Tool: armlink [5f371500]

==============================================================================

Section Cross References

    main.o(.text.main) refers to system_lpc17xx.o(.text.SystemCoreClockUpdate) for SystemCoreClockUpdate
    main.o(.text.main) refers to main.o(.text.USART_Init) for USART_Init
    main.o(.text.main) refers to main.o(.text.init_moteur_motricite) for init_moteur_motricite
    main.o(.text.main) refers to main.o(.text.init_servo_moteur) for init_servo_moteur
    main.o(.text.main) refers to rtx_kernel.o(.text.osKernelInitialize) for osKernelInitialize
    main.o(.text.main) refers to main.o(.text.direction_roue) for direction_roue
    main.o(.text.main) refers to main.o(.text.control_hacheur) for control_hacheur
    main.o(.text.main) refers to glcd_mcb1700.o(.text.GLCD_Initialize) for GLCD_Initialize
    main.o(.text.main) refers to glcd_mcb1700.o(.text.GLCD_ClearScreen) for GLCD_ClearScreen
    main.o(.text.main) refers to glcd_fonts.o(.rodata.GLCD_Font_16x24) for GLCD_Font_16x24
    main.o(.text.main) refers to glcd_mcb1700.o(.text.GLCD_SetFont) for GLCD_SetFont
    main.o(.text.main) refers to main.o(.text.Thread_Bluetooth) for Thread_Bluetooth
    main.o(.text.main) refers to main.o(.data.configT1) for configT1
    main.o(.text.main) refers to rtx_thread.o(.text.osThreadNew) for osThreadNew
    main.o(.text.main) refers to main.o(.bss.ID_Thread_Bluetooth) for ID_Thread_Bluetooth
    main.o(.text.main) refers to rtx_kernel.o(.text.osKernelStart) for osKernelStart
    main.o(.ARM.exidx.text.main) refers to main.o(.text.main) for [Anonymous Symbol]
    main.o(.text.USART_Init) refers to uart_lpc17xx.o(.rodata.Driver_USART1) for Driver_USART1
    main.o(.ARM.exidx.text.USART_Init) refers to main.o(.text.USART_Init) for [Anonymous Symbol]
    main.o(.ARM.exidx.text.init_moteur_motricite) refers to main.o(.text.init_moteur_motricite) for [Anonymous Symbol]
    main.o(.text.direction_roue) refers to dflt_clz.o(x$fpl$dflt) for __aeabi_i2d
    main.o(.text.direction_roue) refers to dmul.o(x$fpl$dmul) for __aeabi_dmul
    main.o(.text.direction_roue) refers to ddiv.o(x$fpl$ddiv) for __aeabi_ddiv
    main.o(.text.direction_roue) refers to daddsub_clz.o(x$fpl$dadd) for __aeabi_dadd
    main.o(.text.direction_roue) refers to dfixu.o(x$fpl$dfixu) for __aeabi_d2uiz
    main.o(.text.direction_roue) refers to main.o(.data.VAL_PWM_SERVO) for VAL_PWM_SERVO
    main.o(.ARM.exidx.text.direction_roue) refers to main.o(.text.direction_roue) for [Anonymous Symbol]
    main.o(.ARM.exidx.text.control_hacheur) refers to main.o(.text.control_hacheur) for [Anonymous Symbol]
    main.o(.text.Thread_Bluetooth) refers to main.o(.bss.mut_bl) for mut_bl
    main.o(.text.Thread_Bluetooth) refers to rtx_mutex.o(.text.osMutexAcquire) for osMutexAcquire
    main.o(.text.Thread_Bluetooth) refers to uart_lpc17xx.o(.rodata.Driver_USART1) for Driver_USART1
    main.o(.text.Thread_Bluetooth) refers to rtx_delay.o(.text.osDelay) for osDelay
    main.o(.text.Thread_Bluetooth) refers to main.o(.rodata.str1.1) for .L.str
    main.o(.text.Thread_Bluetooth) refers to sprintf.o(.text) for sprintf
    main.o(.text.Thread_Bluetooth) refers to glcd_mcb1700.o(.text.GLCD_DrawString) for GLCD_DrawString
    main.o(.text.Thread_Bluetooth) refers to main.o(.bss.i) for i
    main.o(.text.Thread_Bluetooth) refers to main.o(.text.direction_roue) for direction_roue
    main.o(.text.Thread_Bluetooth) refers to main.o(.text.control_vitesse) for control_vitesse
    main.o(.text.Thread_Bluetooth) refers to main.o(.text.control_hacheur) for control_hacheur
    main.o(.text.Thread_Bluetooth) refers to rtx_mutex.o(.text.osMutexRelease) for osMutexRelease
    main.o(.ARM.exidx.text.Thread_Bluetooth) refers to main.o(.text.Thread_Bluetooth) for [Anonymous Symbol]
    main.o(.text.control_vitesse) refers to dflt_clz.o(x$fpl$dflt) for __aeabi_i2d
    main.o(.text.control_vitesse) refers to dmul.o(x$fpl$dmul) for __aeabi_dmul
    main.o(.text.control_vitesse) refers to dfix.o(x$fpl$dfix) for __aeabi_d2iz
    main.o(.text.control_vitesse) refers to ddiv.o(x$fpl$ddiv) for __aeabi_ddiv
    main.o(.text.control_vitesse) refers to dfixu.o(x$fpl$dfixu) for __aeabi_d2uiz
    main.o(.ARM.exidx.text.control_vitesse) refers to main.o(.text.control_vitesse) for [Anonymous Symbol]
    main.o(.text.init_servo_moteur) refers to main.o(.text.__NVIC_SetPriority) for __NVIC_SetPriority
    main.o(.text.init_servo_moteur) refers to main.o(.text.__NVIC_EnableIRQ) for __NVIC_EnableIRQ
    main.o(.ARM.exidx.text.init_servo_moteur) refers to main.o(.text.init_servo_moteur) for [Anonymous Symbol]
    main.o(.ARM.exidx.text.__NVIC_SetPriority) refers to main.o(.text.__NVIC_SetPriority) for [Anonymous Symbol]
    main.o(.ARM.exidx.text.__NVIC_EnableIRQ) refers to main.o(.text.__NVIC_EnableIRQ) for [Anonymous Symbol]
    main.o(.text.TIMER0_IRQHandler) refers to main.o(.bss.TIMER0_IRQHandler.stat) for TIMER0_IRQHandler.stat
[...]
    EvrRtxThreadBlocked                      0x00001b09   Thumb Code    10  rtx_evr.o(.text.EvrRtxThreadBlocked)
    EvrRtxThreadCreated                      0x00001b15   Thumb Code    12  rtx_evr.o(.text.EvrRtxThreadCreated)
    EvrRtxThreadDestroyed                    0x00001b21   Thumb Code     8  rtx_evr.o(.text.EvrRtxThreadDestroyed)
    EvrRtxThreadError                        0x00001b29   Thumb Code    10  rtx_evr.o(.text.EvrRtxThreadError)
    EvrRtxThreadExit                         0x00001b35   Thumb Code     2  rtx_evr.o(.text.EvrRtxThreadExit)
    EvrRtxThreadFlagsWaitCompleted           0x00001b39   Thumb Code    14  rtx_evr.o(.text.EvrRtxThreadFlagsWaitCompleted)
    EvrRtxThreadFlagsWaitTimeout             0x00001b49   Thumb Code     8  rtx_evr.o(.text.EvrRtxThreadFlagsWaitTimeout)
    EvrRtxThreadJoined                       0x00001b51   Thumb Code     8  rtx_evr.o(.text.EvrRtxThreadJoined)
    EvrRtxThreadNew                          0x00001b59   Thumb Code    12  rtx_evr.o(.text.EvrRtxThreadNew)
    EvrRtxThreadPreempted                    0x00001b65   Thumb Code     8  rtx_evr.o(.text.EvrRtxThreadPreempted)
    EvrRtxThreadSwitched                     0x00001b6d   Thumb Code     8  rtx_evr.o(.text.EvrRtxThreadSwitched)
    EvrRtxThreadUnblocked                    0x00001b75   Thumb Code    10  rtx_evr.o(.text.EvrRtxThreadUnblocked)
    EvrRtxTimerCallback                      0x00001b81   Thumb Code    10  rtx_evr.o(.text.EvrRtxTimerCallback)
    GLCD_ClearScreen                         0x00001b8d   Thumb Code    80  glcd_mcb1700.o(.text.GLCD_ClearScreen)
    GLCD_DrawChar                            0x00001bdd   Thumb Code   296  glcd_mcb1700.o(.text.GLCD_DrawChar)
    GLCD_DrawString                          0x00001d05   Thumb Code    62  glcd_mcb1700.o(.text.GLCD_DrawString)
    GLCD_Initialize                          0x00001d45   Thumb Code  1606  glcd_mcb1700.o(.text.GLCD_Initialize)
    GLCD_SetFont                             0x0000238d   Thumb Code    22  glcd_mcb1700.o(.text.GLCD_SetFont)
    GPDMA_ChannelConfigure                   0x00002469   Thumb Code   416  gpdma_lpc17xx.o(.text.GPDMA_ChannelConfigure)
    GPDMA_ChannelDisable                     0x00002609   Thumb Code    68  gpdma_lpc17xx.o(.text.GPDMA_ChannelDisable)
    GPDMA_ChannelGetCount                    0x0000264d   Thumb Code    72  gpdma_lpc17xx.o(.text.GPDMA_ChannelGetCount)
    GPDMA_Initialize                         0x00002695   Thumb Code   190  gpdma_lpc17xx.o(.text.GPDMA_Initialize)
    GPDMA_PeripheralSelect                   0x00002755   Thumb Code   136  gpdma_lpc17xx.o(.text.GPDMA_PeripheralSelect)
    GPDMA_Uninitialize                       0x000027dd   Thumb Code    94  gpdma_lpc17xx.o(.text.GPDMA_Uninitialize)
    GPIO_PinRead                             0x0000283d   Thumb Code    32  gpio_lpc17xx.o(.text.GPIO_PinRead)
    GPIO_PinWrite                            0x0000285d   Thumb Code    62  gpio_lpc17xx.o(.text.GPIO_PinWrite)
    GPIO_PortClock                           0x0000289d   Thumb Code    50  gpio_lpc17xx.o(.text.GPIO_PortClock)
    GPIO_SetDir                              0x000028d1   Thumb Code    74  gpio_lpc17xx.o(.text.GPIO_SetDir)
    OS_Tick_AcknowledgeIRQ                   0x00002d11   Thumb Code    12  os_systick.o(.text.OS_Tick_AcknowledgeIRQ)
    OS_Tick_Enable                           0x00002d1d   Thumb Code    60  os_systick.o(.text.OS_Tick_Enable)
    OS_Tick_GetIRQn                          0x00002d59   Thumb Code     6  os_systick.o(.text.OS_Tick_GetIRQn)
    OS_Tick_Setup                            0x00002d61   Thumb Code   126  os_systick.o(.text.OS_Tick_Setup)
    PIN_Configure                            0x00002de1   Thumb Code   292  pin_lpc17xx.o(.text.PIN_Configure)
    SSP1_GPDMA_Rx_SignalEvent                0x00002f21   Thumb Code    24  ssp_lpc17xx.o(.text.SSP1_GPDMA_Rx_SignalEvent)
    SSP1_GPDMA_Tx_SignalEvent                0x00002f39   Thumb Code    24  ssp_lpc17xx.o(.text.SSP1_GPDMA_Tx_SignalEvent)
    SSP1_IRQHandler                          0x00002f79   Thumb Code    16  ssp_lpc17xx.o(.text.SSP1_IRQHandler)
    SSPx_GPDMA_Rx_SignalEvent                0x00003689   Thumb Code    74  ssp_lpc17xx.o(.text.SSPx_GPDMA_Rx_SignalEvent)
    SSPx_GPDMA_Tx_SignalEvent                0x000036d5   Thumb Code    42  ssp_lpc17xx.o(.text.SSPx_GPDMA_Tx_SignalEvent)
    SystemCoreClockUpdate                    0x00004299   Thumb Code   428  system_lpc17xx.o(.text.SystemCoreClockUpdate)
    SystemInit                               0x00004445   Thumb Code   388  system_lpc17xx.o(.text.SystemInit)
    TIMER0_IRQHandler                        0x000045c9   Thumb Code   112  main.o(.text.TIMER0_IRQHandler)
    Thread_Bluetooth                         0x000046b5   Thumb Code   262  main.o(.text.Thread_Bluetooth)
    UART1_IRQHandler                         0x00004885   Thumb Code    16  uart_lpc17xx.o(.text.UART1_IRQHandler)
    USART1_GPDMA_Rx_Event                    0x000048b1   Thumb Code    24  uart_lpc17xx.o(.text.USART1_GPDMA_Rx_Event)
    USART1_GPDMA_Tx_Event                    0x000048c9   Thumb Code    24  uart_lpc17xx.o(.text.USART1_GPDMA_Tx_Event)
    USART_Init                               0x000058e9   Thumb Code    66  main.o(.text.USART_Init)
    USART_SetBaudrate                        0x00006315   Thumb Code   420  uart_lpc17xx.o(.text.USART_SetBaudrate)
    _mutex_acquire                           0x000069ed   Thumb Code    32  rtx_lib.o(.text._mutex_acquire)
    _mutex_free                              0x00006a0d   Thumb Code    18  rtx_lib.o(.text._mutex_free)
    _mutex_initialize                        0x00006a21   Thumb Code    50  rtx_lib.o(.text._mutex_initialize)
    _mutex_release                           0x00006a55   Thumb Code    28  rtx_lib.o(.text._mutex_release)
    _platform_post_stackheap_init            0x00006a71   Thumb Code     8  rtx_lib.o(.text._platform_post_stackheap_init)
    control_hacheur                          0x00006c85   Thumb Code   144  main.o(.text.control_hacheur)
    control_vitesse                          0x00006d15   Thumb Code   124  main.o(.text.control_vitesse)
    direction_roue                           0x00006dd5   Thumb Code   108  main.o(.text.direction_roue)
    init_moteur_motricite                    0x00006e41   Thumb Code   150  main.o(.text.init_moteur_motricite)
    init_servo_moteur                        0x00006ed9   Thumb Code   114  main.o(.text.init_servo_moteur)
    main                                     0x00007169   Thumb Code   116  main.o(.text.main)
    osDelay                                  0x000071dd   Thumb Code    84  rtx_delay.o(.text.osDelay)
    osKernelGetState                         0x00007231   Thumb Code    66  rtx_kernel.o(.text.osKernelGetState)
    osKernelInitialize                       0x00007275   Thumb Code    74  rtx_kernel.o(.text.osKernelInitialize)
    osKernelStart                            0x000072c1   Thumb Code    70  rtx_kernel.o(.text.osKernelStart)
    osMessageQueueGet                        0x00007309   Thumb Code   126  rtx_msgqueue.o(.text.osMessageQueueGet)
    osMessageQueuePut                        0x00007389   Thumb Code   138  rtx_msgqueue.o(.text.osMessageQueuePut)
    osMutexAcquire                           0x00007415   Thumb Code   100  rtx_mutex.o(.text.osMutexAcquire)
    osMutexDelete                            0x00007479   Thumb Code    86  rtx_mutex.o(.text.osMutexDelete)
    osMutexNew                               0x000074d1   Thumb Code    86  rtx_mutex.o(.text.osMutexNew)
    osMutexRelease                           0x00007529   Thumb Code    86  rtx_mutex.o(.text.osMutexRelease)
    osRtxErrorNotify                         0x00007581   Thumb Code    48  rtx_config.o(.text.osRtxErrorNotify)
    osRtxIdleThread                          0x000075bd   Thumb Code     8  rtx_config.o(.text.osRtxIdleThread)
    osRtxKernelBeforeInit                    0x000075c5   Thumb Code     2  rtx_kernel.o(.text.osRtxKernelBeforeInit)
    osRtxKernelErrorNotify                   0x000075c9   Thumb Code    28  rtx_kernel.o(.text.osRtxKernelErrorNotify)
    osRtxMemoryAlloc                         0x00007609   Thumb Code   332  rtx_memory.o(.text.osRtxMemoryAlloc)
    osRtxMemoryFree                          0x00007755   Thumb Code   194  rtx_memory.o(.text.osRtxMemoryFree)
    osRtxMemoryInit                          0x00007819   Thumb Code   150  rtx_memory.o(.text.osRtxMemoryInit)
    osRtxMemoryPoolAlloc                     0x000078b1   Thumb Code    74  rtx_mempool.o(.text.osRtxMemoryPoolAlloc)
    osRtxMemoryPoolFree                      0x000078fd   Thumb Code   100  rtx_mempool.o(.text.osRtxMemoryPoolFree)
    osRtxMemoryPoolInit                      0x00007961   Thumb Code   152  rtx_mempool.o(.text.osRtxMemoryPoolInit)
    osRtxMessageQueueTimerSetup              0x00007b61   Thumb Code    62  rtx_msgqueue.o(.text.osRtxMessageQueueTimerSetup)
    osRtxMutexOwnerRelease                   0x00007c15   Thumb Code   152  rtx_mutex.o(.text.osRtxMutexOwnerRelease)
    osRtxMutexOwnerRestore                   0x00007cad   Thumb Code   172  rtx_mutex.o(.text.osRtxMutexOwnerRestore)
    osRtxPendSV_Handler                      0x00007e85   Thumb Code   184  rtx_system.o(.text.osRtxPendSV_Handler)
    osRtxPostProcess                         0x00007f3d   Thumb Code    66  rtx_system.o(.text.osRtxPostProcess)
    osRtxThreadBeforeFree                    0x00007f8d   Thumb Code    16  rtx_lib.o(.text.osRtxThreadBeforeFree)
    osRtxThreadDelayRemove                   0x00008121   Thumb Code   156  rtx_thread.o(.text.osRtxThreadDelayRemove)
    osRtxThreadDelayTick                     0x000081bd   Thumb Code   336  rtx_thread.o(.text.osRtxThreadDelayTick)
    osRtxThreadDestroy                       0x0000830d   Thumb Code    96  rtx_thread.o(.text.osRtxThreadDestroy)
    osRtxThreadDispatch                      0x0000836d   Thumb Code   150  rtx_thread.o(.text.osRtxThreadDispatch)
    osRtxThreadJoinWakeup                    0x000084e5   Thumb Code    60  rtx_thread.o(.text.osRtxThreadJoinWakeup)
    osRtxThreadListGet                       0x00008521   Thumb Code    54  rtx_thread.o(.text.osRtxThreadListGet)
    osRtxThreadListPut                       0x00008559   Thumb Code   118  rtx_thread.o(.text.osRtxThreadListPut)
    osRtxThreadListRemove                    0x000085d1   Thumb Code    50  rtx_thread.o(.text.osRtxThreadListRemove)
    osRtxThreadListSort                      0x00008629   Thumb Code    88  rtx_thread.o(.text.osRtxThreadListSort)
    osRtxThreadReadyPut                      0x000086dd   Thumb Code    32  rtx_thread.o(.text.osRtxThreadReadyPut)
    osRtxThreadRegPtr                        0x000086fd   Thumb Code    34  rtx_thread.o(.text.osRtxThreadRegPtr)
    osRtxThreadStackCheck                    0x00008749   Thumb Code    60  rtx_thread.o(.text.osRtxThreadStackCheck)
    osRtxThreadStartup                       0x00008785   Thumb Code   150  rtx_thread.o(.text.osRtxThreadStartup)
    osRtxThreadSwitch                        0x0000881d   Thumb Code    46  rtx_thread.o(.text.osRtxThreadSwitch)
    osRtxThreadWaitEnter                     0x0000884d   Thumb Code   118  rtx_thread.o(.text.osRtxThreadWaitEnter)
    osRtxThreadWaitExit                      0x000088c5   Thumb Code    70  rtx_thread.o(.text.osRtxThreadWaitExit)
    osRtxTick_Handler                        0x0000890d   Thumb Code   272  rtx_system.o(.text.osRtxTick_Handler)
    osRtxTimerSetup                          0x00008a1d   Thumb Code    48  rtx_timer.o(.text.osRtxTimerSetup)
    osRtxTimerThread                         0x00008a4d   Thumb Code    50  rtx_timer.o(.text.osRtxTimerThread)
    osThreadExit                             0x00008b6d   Thumb Code    36  rtx_thread.o(.text.osThreadExit)
    osThreadNew                              0x00008b91   Thumb Code   114  rtx_thread.o(.text.osThreadNew)
    _btod_d2e                                0x0000a36f   Thumb Code    62  btod.o(CL$$btod_d2e)
    _d2e_denorm_low                          0x0000a3ad   Thumb Code    70  btod.o(CL$$btod_d2e_denorm_low)
    _d2e_norm_op1                            0x0000a3f3   Thumb Code    96  btod.o(CL$$btod_d2e_norm_op1)
    __btod_div_common                        0x0000a455   Thumb Code   696  btod.o(CL$$btod_div_common)
    _e2e                                     0x0000a78d   Thumb Code   220  btod.o(CL$$btod_e2e)
    _btod_ediv                               0x0000a869   Thumb Code    42  btod.o(CL$$btod_ediv)
    _btod_emul                               0x0000a893   Thumb Code    42  btod.o(CL$$btod_emul)
    __btod_mult_common                       0x0000a8bd   Thumb Code   580  btod.o(CL$$btod_mult_common)
    __ARM_fpclassify                         0x0000ab01   Thumb Code    40  fpclassify.o(i.__ARM_fpclassify)
    _is_digit                                0x0000ab29   Thumb Code    14  __printf_wp.o(i._is_digit)
    _get_lc_numeric                          0x0000ab39   Thumb Code    44  lc_numeric_c.o(locale$$code)
    _get_lc_ctype                            0x0000ab65   Thumb Code    44  lc_ctype_c.o(locale$$code)
    __aeabi_dadd                             0x0000ab91   Thumb Code     0  daddsub_clz.o(x$fpl$dadd)
    _dadd                                    0x0000ab91   Thumb Code   332  daddsub_clz.o(x$fpl$dadd)
    __aeabi_ddiv                             0x0000ace1   Thumb Code     0  ddiv.o(x$fpl$ddiv)
    _ddiv                                    0x0000ace1   Thumb Code   560  ddiv.o(x$fpl$ddiv)
    __aeabi_d2iz                             0x0000af99   Thumb Code     0  dfix.o(x$fpl$dfix)
    _dfix                                    0x0000af99   Thumb Code    94  dfix.o(x$fpl$dfix)
    __aeabi_d2uiz                            0x0000aff9   Thumb Code     0  dfixu.o(x$fpl$dfixu)
    _dfixu                                   0x0000aff9   Thumb Code    90  dfixu.o(x$fpl$dfixu)
    __aeabi_i2d                              0x0000b053   Thumb Code     0  dflt_clz.o(x$fpl$dflt)
    _dflt                                    0x0000b053   Thumb Code    46  dflt_clz.o(x$fpl$dflt)
    __aeabi_dmul                             0x0000b081   Thumb Code     0  dmul.o(x$fpl$dmul)
    _dmul                                    0x0000b081   Thumb Code   332  dmul.o(x$fpl$dmul)
    __fpl_dnaninf                            0x0000b1d5   Thumb Code   156  dnaninf.o(x$fpl$dnaninf)
    __fpl_dretinf                            0x0000b271   Thumb Code    12  dretinf.o(x$fpl$dretinf)
    __aeabi_dsub                             0x0000b27d   Thumb Code     0  daddsub_clz.o(x$fpl$dsub)
    _dsub                                    0x0000b27d   Thumb Code   472  daddsub_clz.o(x$fpl$dsub)
    _printf_fp_dec                           0x0000b459   Thumb Code     4  printf1.o(x$fpl$printf1)
    _printf_fp_hex                           0x0000b45d   Thumb Code     4  printf2.o(x$fpl$printf2)
    __I$use$fp                               0x0000b460   Number         0  usenofp.o(x$fpl$usenofp)
    osRtxConfig                              0x0000b55c   Data         112  rtx_lib.o(.rodata)
    os_cb_sections                           0x0000b5cc   Data          56  rtx_lib.o(.rodata)
    Driver_SPI1                              0x0000b604   Data          44  ssp_lpc17xx.o(.rodata.Driver_SPI1)
    Driver_USART1                            0x0000b630   Data          56  uart_lpc17xx.o(.rodata.Driver_USART1)
    GLCD_Font_16x24                          0x0000cb68   Data          16  glcd_fonts.o(.rodata.GLCD_Font_16x24)
    osRtxUserSVC                             0x0000cd60   Data           4  rtx_lib.o(.rodata.osRtxUserSVC)
    Region$$Table$$Base                      0x0000cde8   Number         0  anon$$obj.o(Region$$Table)
    Region$$Table$$Limit                     0x0000ce18   Number         0  anon$$obj.o(Region$$Table)
    __ctype                                  0x0000ce41   Data           0  lc_ctype_c.o(locale$$data)
    SystemCoreClock                          0x2007c000   Data           4  system_lpc17xx.o(.data.SystemCoreClock)
    VAL_PWM_SERVO                            0x2007c004   Data           4  main.o(.data.VAL_PWM_SERVO)
    configT1                                 0x2007c00c   Data          36  main.o(.data.configT1)
    osRtxInfo                                0x2007c030   Data         164  rtx_kernel.o(.data.os)
    __libspace_start                         0x2007c0d8   Data          96  libspace.o(.bss)
    __temporary_stack_top$libspace           0x2007c138   Data           0  libspace.o(.bss)
    ID_Thread_Bluetooth                      0x2007c1e4   Data           4  main.o(.bss.ID_Thread_Bluetooth)
    i                                        0x2007c260   Data           4  main.o(.bss.i)
    mut_bl                                   0x2007c264   Data           4  main.o(.bss.mut_bl)
    .bss.os.msgqueue.cb$$Base                0x2007c45c   Number         0  rtx_lib.o(.bss.os.msgqueue.cb)
    .bss.os.msgqueue.cb$$Limit               0x2007c490   Number         0  rtx_lib.o(.bss.os.msgqueue.cb)
    .bss.os.thread.cb$$Base                  0x2007c4e0   Number         0  rtx_lib.o(.bss.os.thread.cb)
    .bss.os.thread.cb$$Limit                 0x2007c580   Number         0  rtx_lib.o(.bss.os.thread.cb)



==============================================================================

Memory Map of the image

  Image Entry point : 0x000000cd

  Load Region LR_IROM1 (Base: 0x00000000, Size: 0x0000d020, Max: 0x00080000, ABSOLUTE)

    Execution Region ER_IROM1 (Exec base: 0x00000000, Load base: 0x00000000, Size: 0x0000cf44, Max: 0x00080000, ABSOLUTE)

    Exec Addr    Load Addr    Size         Type   Attr      Idx    E Section Name        Object

    0x00000000   0x00000000   0x000000cc   Data   RO         1660    RESET               startup_lpc17xx.o
    0x000000cc   0x000000cc   0x00000008   Code   RO         1696  * !!!main             c_w.l(__main.o)
    0x000000d4   0x000000d4   0x0000005c   Code   RO         2075    !!!scatter          c_w.l(__scatter.o)
    0x00000130   0x00000130   0x0000001a   Code   RO         2079    !!handler_copy      c_w.l(__scatter_copy.o)
    0x0000014a   0x0000014a   0x00000002   PAD
    0x0000014c   0x0000014c   0x00000002   Code   RO         2076    !!handler_null      c_w.l(__scatter.o)
    0x0000014e   0x0000014e   0x00000002   PAD
    0x00000150   0x00000150   0x0000001c   Code   RO         2081    !!handler_zi        c_w.l(__scatter_zi.o)
    0x0000016c   0x0000016c   0x00000000   Code   RO         1810    .ARM.Collect$$_printf_percent$$00000000  c_w.l(_printf_percent.o)
    0x0000016c   0x0000016c   0x00000006   Code   RO         1799    .ARM.Collect$$_printf_percent$$00000001  c_w.l(_printf_n.o)
    0x00000172   0x00000172   0x00000006   Code   RO         1801    .ARM.Collect$$_printf_percent$$00000002  c_w.l(_printf_p.o)
    0x00000178   0x00000178   0x00000006   Code   RO         1806    .ARM.Collect$$_printf_percent$$00000003  c_w.l(_printf_f.o)
    0x0000017e   0x0000017e   0x00000006   Code   RO         1807    .ARM.Collect$$_printf_percent$$00000004  c_w.l(_printf_e.o)
    0x00000184   0x00000184   0x00000006   Code   RO         1808    .ARM.Collect$$_printf_percent$$00000005  c_w.l(_printf_g.o)
    0x0000018a   0x0000018a   0x00000006   Code   RO         1809    .ARM.Collect$$_printf_percent$$00000006  c_w.l(_printf_a.o)
    0x00000190   0x00000190   0x0000000a   Code   RO         1814    .ARM.Collect$$_printf_percent$$00000007  c_w.l(_printf_ll.o)
    0x0000019a   0x0000019a   0x00000006   Code   RO         1803    .ARM.Collect$$_printf_percent$$00000008  c_w.l(_printf_i.o)
    0x000001a0   0x000001a0   0x00000006   Code   RO         1804    .ARM.Collect$$_printf_percent$$00000009  c_w.l(_printf_d.o)
    0x000001a6   0x000001a6   0x00000006   Code   RO         1805    .ARM.Collect$$_printf_percent$$0000000A  c_w.l(_printf_u.o)
    0x000001ac   0x000001ac   0x00000006   Code   RO         1802    .ARM.Collect$$_printf_percent$$0000000B  c_w.l(_printf_o.o)
    0x000001b2   0x000001b2   0x00000006   Code   RO         1800    .ARM.Collect$$_printf_percent$$0000000C  c_w.l(_printf_x.o)
    0x000001b8   0x000001b8   0x00000006   Code   RO         1811    .ARM.Collect$$_printf_percent$$0000000D  c_w.l(_printf_lli.o)
    0x000001be   0x000001be   0x00000006   Code   RO         1812    .ARM.Collect$$_printf_percent$$0000000E  c_w.l(_printf_lld.o)
    0x000001c4   0x000001c4   0x00000006   Code   RO         1813    .ARM.Collect$$_printf_percent$$0000000F  c_w.l(_printf_llu.o)
    0x000001ca   0x000001ca   0x00000006   Code   RO         1818    .ARM.Collect$$_printf_percent$$00000010  c_w.l(_printf_llo.o)
    0x000001d0   0x000001d0   0x00000006   Code   RO         1819    .ARM.Collect$$_printf_percent$$00000011  c_w.l(_printf_llx.o)
    0x000001d6   0x000001d6   0x0000000a   Code   RO         1815    .ARM.Collect$$_printf_percent$$00000012  c_w.l(_printf_l.o)
    0x000001e0   0x000001e0   0x00000006   Code   RO         1797    .ARM.Collect$$_printf_percent$$00000013  c_w.l(_printf_c.o)
    0x000001e6   0x000001e6   0x00000006   Code   RO         1798    .ARM.Collect$$_printf_percent$$00000014  c_w.l(_printf_s.o)
    0x000001ec   0x000001ec   0x00000006   Code   RO         1816    .ARM.Collect$$_printf_percent$$00000015  c_w.l(_printf_lc.o)
    0x000001f2   0x000001f2   0x00000006   Code   RO         1817    .ARM.Collect$$_printf_percent$$00000016  c_w.l(_printf_ls.o)
    0x000001f8   0x000001f8   0x00000004   Code   RO         1869    .ARM.Collect$$_printf_percent$$00000017  c_w.l(_printf_percent_end.o)
    0x000001fc   0x000001fc   0x00000002   Code   RO         1924    .ARM.Collect$$libinit$$00000000  c_w.l(libinit.o)
    0x000001fe   0x000001fe   0x00000000   Code   RO         1948    .ARM.Collect$$libinit$$00000002  c_w.l(libinit2.o)
    0x000001fe   0x000001fe   0x00000000   Code   RO         1950    .ARM.Collect$$libinit$$00000004  c_w.l(libinit2.o)
    0x000001fe   0x000001fe   0x00000000   Code   RO         1952    .ARM.Collect$$libinit$$00000006  c_w.l(libinit2.o)
    0x000001fe   0x000001fe   0x00000000   Code   RO         1955    .ARM.Collect$$libinit$$0000000C  c_w.l(libinit2.o)
    0x000001fe   0x000001fe   0x00000000   Code   RO         1957    .ARM.Collect$$libinit$$0000000E  c_w.l(libinit2.o)
    0x000001fe   0x000001fe   0x00000000   Code   RO         1959    .ARM.Collect$$libinit$$00000010  c_w.l(libinit2.o)
    0x000001fe   0x000001fe   0x00000006   Code   RO         1960    .ARM.Collect$$libinit$$00000011  c_w.l(libinit2.o)
    0x00000204   0x00000204   0x00000000   Code   RO         1962    .ARM.Collect$$libinit$$00000013  c_w.l(libinit2.o)
    0x00000204   0x00000204   0x0000000c   Code   RO         1963    .ARM.Collect$$libinit$$00000014  c_w.l(libinit2.o)
    0x00000210   0x00000210   0x00000000   Code   RO         1964    .ARM.Collect$$libinit$$00000015  c_w.l(libinit2.o)
    0x00000210   0x00000210   0x00000000   Code   RO         1966    .ARM.Collect$$libinit$$00000017  c_w.l(libinit2.o)
    0x00000210   0x00000210   0x0000000a   Code   RO         1967    .ARM.Collect$$libinit$$00000018  c_w.l(libinit2.o)
    0x0000021a   0x0000021a   0x00000000   Code   RO         1968    .ARM.Collect$$libinit$$00000019  c_w.l(libinit2.o)
    0x0000021a   0x0000021a   0x00000000   Code   RO         1970    .ARM.Collect$$libinit$$0000001B  c_w.l(libinit2.o)
    0x0000021a   0x0000021a   0x00000000   Code   RO         1972    .ARM.Collect$$libinit$$0000001D  c_w.l(libinit2.o)
    0x0000021a   0x0000021a   0x00000000   Code   RO         1974    .ARM.Collect$$libinit$$0000001F  c_w.l(libinit2.o)
    0x0000021a   0x0000021a   0x00000000   Code   RO         1976    .ARM.Collect$$libinit$$00000021  c_w.l(libinit2.o)
    0x0000021a   0x0000021a   0x00000000   Code   RO         1978    .ARM.Collect$$libinit$$00000023  c_w.l(libinit2.o)
    0x0000021a   0x0000021a   0x00000000   Code   RO         1980    .ARM.Collect$$libinit$$00000025  c_w.l(libinit2.o)
    0x0000021a   0x0000021a   0x00000000   Code   RO         1982    .ARM.Collect$$libinit$$00000027  c_w.l(libinit2.o)
    0x0000021a   0x0000021a   0x00000000   Code   RO         1986    .ARM.Collect$$libinit$$0000002E  c_w.l(libinit2.o)
    0x0000021a   0x0000021a   0x00000000   Code   RO         1988    .ARM.Collect$$libinit$$00000030  c_w.l(libinit2.o)
    0x0000021a   0x0000021a   0x00000000   Code   RO         1990    .ARM.Collect$$libinit$$00000032  c_w.l(libinit2.o)
    0x0000021a   0x0000021a   0x00000000   Code   RO         1992    .ARM.Collect$$libinit$$00000034  c_w.l(libinit2.o)
    0x0000021a   0x0000021a   0x00000002   Code   RO         1993    .ARM.Collect$$libinit$$00000035  c_w.l(libinit2.o)
    0x0000021c   0x0000021c   0x00000002   Code   RO         2030    .ARM.Collect$$libshutdown$$00000000  c_w.l(libshutdown.o)
    0x0000021e   0x0000021e   0x00000000   Code   RO         2058    .ARM.Collect$$libshutdown$$00000002  c_w.l(libshutdown2.o)
    0x0000021e   0x0000021e   0x00000000   Code   RO         2060    .ARM.Collect$$libshutdown$$00000004  c_w.l(libshutdown2.o)
    0x0000021e   0x0000021e   0x00000000   Code   RO         2063    .ARM.Collect$$libshutdown$$00000007  c_w.l(libshutdown2.o)
    0x0000021e   0x0000021e   0x00000000   Code   RO         2066    .ARM.Collect$$libshutdown$$0000000A  c_w.l(libshutdown2.o)
    0x0000021e   0x0000021e   0x00000000   Code   RO         2068    .ARM.Collect$$libshutdown$$0000000C  c_w.l(libshutdown2.o)
    0x0000021e   0x0000021e   0x00000000   Code   RO         2071    .ARM.Collect$$libshutdown$$0000000F  c_w.l(libshutdown2.o)
    0x0000021e   0x0000021e   0x00000002   Code   RO         2072    .ARM.Collect$$libshutdown$$00000010  c_w.l(libshutdown2.o)
    0x00000220   0x00000220   0x00000000   Code   RO         1724    .ARM.Collect$$rtentry$$00000000  c_w.l(__rtentry.o)
    0x00000220   0x00000220   0x00000000   Code   RO         1836    .ARM.Collect$$rtentry$$00000002  c_w.l(__rtentry2.o)
    0x00000220   0x00000220   0x00000006   Code   RO         1848    .ARM.Collect$$rtentry$$00000004  c_w.l(__rtentry4.o)
    0x00000226   0x00000226   0x00000008   Code   RO         1837    .ARM.Collect$$rtentry$$00000008  c_w.l(__rtentry2.o)
    0x0000022e   0x0000022e   0x00000004   Code   RO         1839    .ARM.Collect$$rtentry$$0000000A  c_w.l(__rtentry2.o)
    0x00000232   0x00000232   0x00000000   Code   RO         1841    .ARM.Collect$$rtentry$$0000000C  c_w.l(__rtentry2.o)
    0x00000232   0x00000232   0x00000008   Code   RO         1842    .ARM.Collect$$rtentry$$0000000D  c_w.l(__rtentry2.o)
    0x0000023a   0x0000023a   0x00000002   Code   RO         1932    .ARM.Collect$$rtexit$$00000000  c_w.l(rtexit.o)
    0x0000023c   0x0000023c   0x00000000   Code   RO         1999    .ARM.Collect$$rtexit$$00000002  c_w.l(rtexit2.o)
    0x0000023c   0x0000023c   0x00000004   Code   RO         2000    .ARM.Collect$$rtexit$$00000003  c_w.l(rtexit2.o)
    0x00000240   0x00000240   0x00000006   Code   RO         2001    .ARM.Collect$$rtexit$$00000004  c_w.l(rtexit2.o)
    0x00000246   0x00000246   0x00000002   PAD
    0x00000248   0x00000248   0x0000003c   Code   RO         1662    .text               startup_lpc17xx.o
    0x00000284   0x00000284   0x0000002c   Code   RO         1686    .text               c_w.l(sprintf.o)
    0x000002b0   0x000002b0   0x00000044   Code   RO         1690    .text               c_w.l(rt_memclr.o)
    0x000002f4   0x000002f4   0x00000006   Code   RO         1694    .text               c_w.l(heapauxi.o)
    0x000002fa   0x000002fa   0x00000002   Code   RO         2019    .text               c_w.l(use_no_semi.o)
    0x000002fc   0x000002fc   0x00000004   Code   RO         1661    .ARM.__at_0x02FC    startup_lpc17xx.o
    0x00000300   0x00000300   0x000000c0   Code   RO          147    .text               irq_armv7m.o
    0x000003c0   0x000003c0   0x000000f0   Code   RO         1684    .text               c_w.l(lludivv7m.o)
    0x000004b0   0x000004b0   0x0000008a   Code   RO         1688    .text               c_w.l(rt_memcpy_v6.o)
    0x0000053a   0x0000053a   0x0000004e   Code   RO         1692    .text               c_w.l(rt_memclr_w.o)
    0x00000588   0x00000588   0x0000004e   Code   RO         1731    .text               c_w.l(_printf_pad.o)
    0x000005d6   0x000005d6   0x00000024   Code   RO         1733    .text               c_w.l(_printf_truncate.o)
    0x000005fa   0x000005fa   0x00000052   Code   RO         1735    .text               c_w.l(_printf_str.o)
    0x0000064c   0x0000064c   0x00000078   Code   RO         1737    .text               c_w.l(_printf_dec.o)
    0x000006c4   0x000006c4   0x00000028   Code   RO         1739    .text               c_w.l(_printf_charcount.o)
    0x000006ec   0x000006ec   0x00000030   Code   RO         1741    .text               c_w.l(_printf_char_common.o)
    0x0000071c   0x0000071c   0x0000000a   Code   RO         1743    .text               c_w.l(_sputc.o)
    0x00000726   0x00000726   0x00000002   PAD
    0x00000728   0x00000728   0x000000bc   Code   RO         1745    .text               c_w.l(_printf_wctomb.o)
    0x000007e4   0x000007e4   0x0000007c   Code   RO         1748    .text               c_w.l(_printf_longlong_dec.o)
    0x00000860   0x00000860   0x00000070   Code   RO         1754    .text               c_w.l(_printf_oct_int_ll.o)
    0x000008d0   0x000008d0   0x00000094   Code   RO         1774    .text               c_w.l(_printf_hex_int_ll_ptr.o)
    0x00000964   0x00000964   0x00000188   Code   RO         1794    .text               c_w.l(__printf_flags_ss_wp.o)
    0x00000aec   0x00000aec   0x00000064   Code   RO         1820    .text               c_w.l(rt_memcpy_w.o)
    0x00000b50   0x00000b50   0x0000008a   Code   RO         1852    .text               c_w.l(lludiv10.o)
    0x00000bda   0x00000bda   0x000000b2   Code   RO         1854    .text               c_w.l(_printf_intcommon.o)
    0x00000c8c   0x00000c8c   0x0000041c   Code   RO         1856    .text               c_w.l(_printf_fp_dec.o)
    0x000010a8   0x000010a8   0x000002fc   Code   RO         1860    .text               c_w.l(_printf_fp_hex.o)
    0x000013a4   0x000013a4   0x0000002c   Code   RO         1865    .text               c_w.l(_printf_char.o)
    0x000013d0   0x000013d0   0x0000002c   Code   RO         1867    .text               c_w.l(_printf_wchar.o)
    0x000013fc   0x000013fc   0x00000048   Code   RO         1870    .text               c_w.l(_c16rtomb.o)
    0x00001444   0x00001444   0x0000004a   Code   RO         1872    .text               c_w.l(sys_stackheap_outer.o)
    0x0000148e   0x0000148e   0x00000002   PAD
    0x00001490   0x00001490   0x00000010   Code   RO         1874    .text               c_w.l(rt_ctype_table.o)
    0x000014a0   0x000014a0   0x0000000a   Code   RO         1881    .text               c_w.l(rt_locale_twolibspace.o)
    0x000014aa   0x000014aa   0x00000002   PAD
    0x000014ac   0x000014ac   0x00000080   Code   RO         1883    .text               c_w.l(_printf_fp_infnan.o)
    0x0000152c   0x0000152c   0x000000e4   Code   RO         1885    .text               c_w.l(bigflt0.o)
    0x00001610   0x00001610   0x00000012   Code   RO         1915    .text               c_w.l(exit.o)
    0x00001622   0x00001622   0x00000002   PAD
    0x00001624   0x00001624   0x00000008   Code   RO         1929    .text               c_w.l(libspace.o)
    0x0000162c   0x0000162c   0x00000080   Code   RO         1945    .text               c_w.l(strcmpv7m.o)
    0x000016ac   0x000016ac   0x0000000c   Code   RO         1994    .text               c_w.l(sys_exit.o)
    0x000016b8   0x000016b8   0x00000000   Code   RO         2021    .text               c_w.l(indicate_semi.o)
    0x000016b8   0x000016b8   0x00000036   Code   RO           55    .text.ADC_IRQHandler  adc_mcb1700.o
    0x000016ee   0x000016ee   0x00000002   PAD
    0x000016f0   0x000016f0   0x0000002e   Code   RO         1605    .text.Clear_Channel_active_flag  gpdma_lpc17xx.o
    0x0000171e   0x0000171e   0x00000002   PAD
    0x00001720   0x00001720   0x00000220   Code   RO         1615    .text.DMA_IRQHandler  gpdma_lpc17xx.o
    0x00001940   0x00001940   0x00000008   Code   RO          411    .text.EvrRtxDelay   rtx_evr.o
    0x00001948   0x00001948   0x00000008   Code   RO          419    .text.EvrRtxDelayCompleted  rtx_evr.o
    0x00001950   0x00001950   0x00000008   Code   RO          409    .text.EvrRtxDelayError  rtx_evr.o
    0x00001958   0x00001958   0x00000008   Code   RO          415    .text.EvrRtxDelayStarted  rtx_evr.o
    0x00001960   0x00001960   0x00000008   Code   RO          467    .text.EvrRtxEventFlagsWaitTimeout  rtx_evr.o
    0x00001968   0x00001968   0x00000008   Code   RO          255    .text.EvrRtxKernelError  rtx_evr.o
    0x00001970   0x00001970   0x0000000a   Code   RO          303    .text.EvrRtxKernelErrorNotify  rtx_evr.o
    0x0000197a   0x0000197a   0x00000002   PAD
    0x0000197c   0x0000197c   0x00000008   Code   RO          265    .text.EvrRtxKernelGetState  rtx_evr.o
    0x00001984   0x00001984   0x00000002   Code   RO          257    .text.EvrRtxKernelInitialize  rtx_evr.o
    0x00001986   0x00001986   0x00000002   PAD
    0x00001988   0x00001988   0x00000002   Code   RO          259    .text.EvrRtxKernelInitialized  rtx_evr.o
    0x0000198a   0x0000198a   0x00000002   PAD
    0x0000198c   0x0000198c   0x00000002   Code   RO          267    .text.EvrRtxKernelStart  rtx_evr.o
    0x0000198e   0x0000198e   0x00000002   PAD
    0x00001990   0x00001990   0x00000002   Code   RO          269    .text.EvrRtxKernelStarted  rtx_evr.o
    0x00001992   0x00001992   0x00000002   PAD
    0x00001994   0x00001994   0x0000000e   Code   RO          245    .text.EvrRtxMemoryAlloc  rtx_evr.o
    0x000019a2   0x000019a2   0x00000002   PAD
    0x000019a4   0x000019a4   0x0000000a   Code   RO          251    .text.EvrRtxMemoryBlockAlloc  rtx_evr.o
    0x000019ae   0x000019ae   0x00000002   PAD
    0x000019b0   0x000019b0   0x0000000c   Code   RO          253    .text.EvrRtxMemoryBlockFree  rtx_evr.o
    0x000019bc   0x000019bc   0x0000000e   Code   RO          249    .text.EvrRtxMemoryBlockInit  rtx_evr.o
    0x000019ca   0x000019ca   0x00000002   PAD
    0x000019cc   0x000019cc   0x0000000c   Code   RO          247    .text.EvrRtxMemoryFree  rtx_evr.o
    0x000019d8   0x000019d8   0x0000000c   Code   RO          243    .text.EvrRtxMemoryInit  rtx_evr.o
    0x000019e4   0x000019e4   0x00000008   Code   RO          545    .text.EvrRtxMemoryPoolAllocTimeout  rtx_evr.o
    0x000019ec   0x000019ec   0x0000000a   Code   RO          573    .text.EvrRtxMessageQueueCreated  rtx_evr.o
    0x000019f6   0x000019f6   0x00000002   PAD
    0x000019f8   0x000019f8   0x0000000a   Code   RO          569    .text.EvrRtxMessageQueueError  rtx_evr.o
    0x00001a02   0x00001a02   0x00000002   PAD
    0x00001a04   0x00001a04   0x0000000e   Code   RO          589    .text.EvrRtxMessageQueueGet  rtx_evr.o
    0x00001a12   0x00001a12   0x00000002   PAD
    0x00001a14   0x00001a14   0x0000000c   Code   RO          591    .text.EvrRtxMessageQueueGetPending  rtx_evr.o
    0x00001a20   0x00001a20   0x00000008   Code   RO          593    .text.EvrRtxMessageQueueGetTimeout  rtx_evr.o
    0x00001a28   0x00001a28   0x0000000a   Code   RO          583    .text.EvrRtxMessageQueueInsertPending  rtx_evr.o
    0x00001a32   0x00001a32   0x00000002   PAD
    0x00001a34   0x00001a34   0x0000000a   Code   RO          585    .text.EvrRtxMessageQueueInserted  rtx_evr.o
    0x00001a3e   0x00001a3e   0x00000002   PAD
    0x00001a40   0x00001a40   0x0000000a   Code   RO          587    .text.EvrRtxMessageQueueNotInserted  rtx_evr.o
    0x00001a4a   0x00001a4a   0x00000002   PAD
    0x00001a4c   0x00001a4c   0x0000000a   Code   RO          597    .text.EvrRtxMessageQueueNotRetrieved  rtx_evr.o
    0x00001a56   0x00001a56   0x00000002   PAD
    0x00001a58   0x00001a58   0x00000010   Code   RO          577    .text.EvrRtxMessageQueuePut  rtx_evr.o
    0x00001a68   0x00001a68   0x0000000c   Code   RO          579    .text.EvrRtxMessageQueuePutPending  rtx_evr.o
    0x00001a74   0x00001a74   0x00000008   Code   RO          581    .text.EvrRtxMessageQueuePutTimeout  rtx_evr.o
    0x00001a7c   0x00001a7c   0x0000000a   Code   RO          595    .text.EvrRtxMessageQueueRetrieved  rtx_evr.o
    0x00001a86   0x00001a86   0x00000002   PAD
    0x00001a88   0x00001a88   0x0000000a   Code   RO          485    .text.EvrRtxMutexAcquire  rtx_evr.o
    0x00001a92   0x00001a92   0x00000002   PAD
    0x00001a94   0x00001a94   0x0000000a   Code   RO          487    .text.EvrRtxMutexAcquirePending  rtx_evr.o
    0x00001a9e   0x00001a9e   0x00000002   PAD
    0x00001aa0   0x00001aa0   0x00000008   Code   RO          489    .text.EvrRtxMutexAcquireTimeout  rtx_evr.o
    0x00001aa8   0x00001aa8   0x0000000a   Code   RO          491    .text.EvrRtxMutexAcquired  rtx_evr.o
    0x00001ab2   0x00001ab2   0x00000002   PAD
    0x00001ab4   0x00001ab4   0x0000000a   Code   RO          481    .text.EvrRtxMutexCreated  rtx_evr.o
    0x00001abe   0x00001abe   0x00000002   PAD
    0x00001ac0   0x00001ac0   0x00000008   Code   RO          501    .text.EvrRtxMutexDelete  rtx_evr.o
    0x00001ac8   0x00001ac8   0x00000008   Code   RO          503    .text.EvrRtxMutexDestroyed  rtx_evr.o
    0x00001ad0   0x00001ad0   0x0000000a   Code   RO          477    .text.EvrRtxMutexError  rtx_evr.o
    0x00001ada   0x00001ada   0x00000002   PAD
    0x00001adc   0x00001adc   0x00000008   Code   RO          479    .text.EvrRtxMutexNew  rtx_evr.o
    0x00001ae4   0x00001ae4   0x00000008   Code   RO          493    .text.EvrRtxMutexNotAcquired  rtx_evr.o
    0x00001aec   0x00001aec   0x00000008   Code   RO          495    .text.EvrRtxMutexRelease  rtx_evr.o
    0x00001af4   0x00001af4   0x0000000a   Code   RO          497    .text.EvrRtxMutexReleased  rtx_evr.o
    0x00001afe   0x00001afe   0x00000002   PAD
    0x00001b00   0x00001b00   0x00000008   Code   RO          517    .text.EvrRtxSemaphoreAcquireTimeout  rtx_evr.o
    0x00001b08   0x00001b08   0x0000000a   Code   RO          353    .text.EvrRtxThreadBlocked  rtx_evr.o
    0x00001b12   0x00001b12   0x00000002   PAD
    0x00001b14   0x00001b14   0x0000000c   Code   RO          311    .text.EvrRtxThreadCreated  rtx_evr.o
    0x00001b20   0x00001b20   0x00000008   Code   RO          365    .text.EvrRtxThreadDestroyed  rtx_evr.o
    0x00001b28   0x00001b28   0x0000000a   Code   RO          307    .text.EvrRtxThreadError  rtx_evr.o
    0x00001b32   0x00001b32   0x00000002   PAD
    0x00001b34   0x00001b34   0x00000002   Code   RO          361    .text.EvrRtxThreadExit  rtx_evr.o
    0x00001b36   0x00001b36   0x00000002   PAD
    0x00001b38   0x00001b38   0x0000000e   Code   RO          405    .text.EvrRtxThreadFlagsWaitCompleted  rtx_evr.o
    0x00001b46   0x00001b46   0x00000002   PAD
    0x00001b48   0x00001b48   0x00000008   Code   RO          403    .text.EvrRtxThreadFlagsWaitTimeout  rtx_evr.o
    0x00001b50   0x00001b50   0x00000008   Code   RO          351    .text.EvrRtxThreadJoined  rtx_evr.o
    0x00001b58   0x00001b58   0x0000000c   Code   RO          309    .text.EvrRtxThreadNew  rtx_evr.o
    0x00001b64   0x00001b64   0x00000008   Code   RO          357    .text.EvrRtxThreadPreempted  rtx_evr.o
    0x00001b6c   0x00001b6c   0x00000008   Code   RO          359    .text.EvrRtxThreadSwitched  rtx_evr.o
    0x00001b74   0x00001b74   0x0000000a   Code   RO          355    .text.EvrRtxThreadUnblocked  rtx_evr.o
    0x00001b7e   0x00001b7e   0x00000002   PAD
    0x00001b80   0x00001b80   0x0000000a   Code   RO          423    .text.EvrRtxTimerCallback  rtx_evr.o
    0x00001b8a   0x00001b8a   0x00000002   PAD
    0x00001b8c   0x00001b8c   0x00000050   Code   RO           92    .text.GLCD_ClearScreen  glcd_mcb1700.o
    0x00001bdc   0x00001bdc   0x00000128   Code   RO          116    .text.GLCD_DrawChar  glcd_mcb1700.o
    0x00001d04   0x00001d04   0x0000003e   Code   RO          118    .text.GLCD_DrawString  glcd_mcb1700.o
    0x00001d42   0x00001d42   0x00000002   PAD
    0x00001d44   0x00001d44   0x00000646   Code   RO           76    .text.GLCD_Initialize  glcd_mcb1700.o
    0x0000238a   0x0000238a   0x00000002   PAD
    0x0000238c   0x0000238c   0x00000016   Code   RO          104    .text.GLCD_SetFont  glcd_mcb1700.o
    0x000023a2   0x000023a2   0x00000002   PAD
    0x000023a4   0x000023a4   0x000000c2   Code   RO           94    .text.GLCD_SetWindow  glcd_mcb1700.o
    0x00002466   0x00002466   0x00000002   PAD
    0x00002468   0x00002468   0x000001a0   Code   RO         1601    .text.GPDMA_ChannelConfigure  gpdma_lpc17xx.o
    0x00002608   0x00002608   0x00000044   Code   RO         1609    .text.GPDMA_ChannelDisable  gpdma_lpc17xx.o
    0x0000264c   0x0000264c   0x00000048   Code   RO         1613    .text.GPDMA_ChannelGetCount  gpdma_lpc17xx.o
    0x00002694   0x00002694   0x000000be   Code   RO         1589    .text.GPDMA_Initialize  gpdma_lpc17xx.o
    0x00002752   0x00002752   0x00000002   PAD
    0x00002754   0x00002754   0x00000088   Code   RO         1599    .text.GPDMA_PeripheralSelect  gpdma_lpc17xx.o
    0x000027dc   0x000027dc   0x0000005e   Code   RO         1595    .text.GPDMA_Uninitialize  gpdma_lpc17xx.o
    0x0000283a   0x0000283a   0x00000002   PAD
    0x0000283c   0x0000283c   0x00000020   Code   RO         1633    .text.GPIO_PinRead  gpio_lpc17xx.o
    0x0000285c   0x0000285c   0x0000003e   Code   RO         1631    .text.GPIO_PinWrite  gpio_lpc17xx.o
    0x0000289a   0x0000289a   0x00000002   PAD
    0x0000289c   0x0000289c   0x00000032   Code   RO         1627    .text.GPIO_PortClock  gpio_lpc17xx.o
    0x000028ce   0x000028ce   0x00000002   PAD
    0x000028d0   0x000028d0   0x0000004a   Code   RO         1629    .text.GPIO_SetDir   gpio_lpc17xx.o
    0x0000291a   0x0000291a   0x00000002   PAD
    0x0000291c   0x0000291c   0x0000005a   Code   RO         1470    .text.GetSSPClockFreq  ssp_lpc17xx.o
    0x00002976   0x00002976   0x00000002   PAD
    0x00002978   0x00002978   0x0000005a   Code   RO         1495    .text.GetUsartClockFreq  uart_lpc17xx.o
    0x000029d2   0x000029d2   0x00000002   PAD
    0x000029d4   0x000029d4   0x00000014   Code   RO          157    .text.IsException   rtx_delay.o
    0x000029e8   0x000029e8   0x00000014   Code   RO          628    .text.IsException   rtx_kernel.o
    0x000029fc   0x000029fc   0x00000014   Code   RO          869    .text.IsException   rtx_msgqueue.o
    0x00002a10   0x00002a10   0x00000014   Code   RO          950    .text.IsException   rtx_mutex.o
    0x00002a24   0x00002a24   0x00000014   Code   RO         1153    .text.IsException   rtx_thread.o
    0x00002a38   0x00002a38   0x0000002e   Code   RO          159    .text.IsIrqMasked   rtx_delay.o
    0x00002a66   0x00002a66   0x00000002   PAD
    0x00002a68   0x00002a68   0x0000002e   Code   RO          630    .text.IsIrqMasked   rtx_kernel.o
    0x00002a96   0x00002a96   0x00000002   PAD
    0x00002a98   0x00002a98   0x0000002e   Code   RO          871    .text.IsIrqMasked   rtx_msgqueue.o
    0x00002ac6   0x00002ac6   0x00000002   PAD
    0x00002ac8   0x00002ac8   0x0000002e   Code   RO          952    .text.IsIrqMasked   rtx_mutex.o
    0x00002af6   0x00002af6   0x00000002   PAD
    0x00002af8   0x00002af8   0x0000002e   Code   RO         1155    .text.IsIrqMasked   rtx_thread.o
    0x00002b26   0x00002b26   0x00000002   PAD
    0x00002b28   0x00002b28   0x00000022   Code   RO          905    .text.IsMessageQueuePtrValid  rtx_msgqueue.o
    0x00002b4a   0x00002b4a   0x00000002   PAD
    0x00002b4c   0x00002b4c   0x00000022   Code   RO          968    .text.IsMutexPtrValid  rtx_mutex.o
    0x00002b6e   0x00002b6e   0x00000002   PAD
    0x00002b70   0x00002b70   0x00000014   Code   RO          634    .text.IsPrivileged  rtx_kernel.o
    0x00002b84   0x00002b84   0x00000022   Code   RO         1239    .text.IsThreadPtrValid  rtx_thread.o
    0x00002ba6   0x00002ba6   0x00000002   PAD
    0x00002ba8   0x00002ba8   0x00000018   Code   RO          771    .text.MemBlockPtr   rtx_memory.o
    0x00002bc0   0x00002bc0   0x0000000a   Code   RO          769    .text.MemHeadPtr    rtx_memory.o
    0x00002bca   0x00002bca   0x00000002   PAD
    0x00002bcc   0x00002bcc   0x00000052   Code   RO          921    .text.MessageQueueGet  rtx_msgqueue.o
    0x00002c1e   0x00002c1e   0x00000002   PAD
    0x00002c20   0x00002c20   0x000000ac   Code   RO          913    .text.MessageQueuePut  rtx_msgqueue.o
    0x00002ccc   0x00002ccc   0x00000042   Code   RO          909    .text.MessageQueueRemove  rtx_msgqueue.o
    0x00002d0e   0x00002d0e   0x00000002   PAD
    0x00002d10   0x00002d10   0x0000000c   Code   RO         1383    .text.OS_Tick_AcknowledgeIRQ  os_systick.o
    0x00002d1c   0x00002d1c   0x0000003c   Code   RO         1379    .text.OS_Tick_Enable  os_systick.o
    0x00002d58   0x00002d58   0x00000006   Code   RO         1385    .text.OS_Tick_GetIRQn  os_systick.o
    0x00002d5e   0x00002d5e   0x00000002   PAD
    0x00002d60   0x00002d60   0x0000007e   Code   RO         1377    .text.OS_Tick_Setup  os_systick.o
    0x00002dde   0x00002dde   0x00000002   PAD
    0x00002de0   0x00002de0   0x00000124   Code   RO         1646    .text.PIN_Configure  pin_lpc17xx.o
    0x00002f04   0x00002f04   0x0000001c   Code   RO         1444    .text.SSP1_Control  ssp_lpc17xx.o
    0x00002f20   0x00002f20   0x00000018   Code   RO         1420    .text.SSP1_GPDMA_Rx_SignalEvent  ssp_lpc17xx.o
    0x00002f38   0x00002f38   0x00000018   Code   RO         1418    .text.SSP1_GPDMA_Tx_SignalEvent  ssp_lpc17xx.o
    0x00002f50   0x00002f50   0x00000010   Code   RO         1442    .text.SSP1_GetDataCount  ssp_lpc17xx.o
    0x00002f60   0x00002f60   0x00000018   Code   RO         1446    .text.SSP1_GetStatus  ssp_lpc17xx.o
    0x00002f78   0x00002f78   0x00000010   Code   RO         1422    .text.SSP1_IRQHandler  ssp_lpc17xx.o
    0x00002f88   0x00002f88   0x00000018   Code   RO         1430    .text.SSP1_Initialize  ssp_lpc17xx.o
    0x00002fa0   0x00002fa0   0x0000001c   Code   RO         1434    .text.SSP1_PowerControl  ssp_lpc17xx.o
    0x00002fbc   0x00002fbc   0x0000001c   Code   RO         1438    .text.SSP1_Receive  ssp_lpc17xx.o
    0x00002fd8   0x00002fd8   0x0000001c   Code   RO         1436    .text.SSP1_Send     ssp_lpc17xx.o
    0x00002ff4   0x00002ff4   0x00000020   Code   RO         1440    .text.SSP1_Transfer  ssp_lpc17xx.o
    0x00003014   0x00003014   0x00000010   Code   RO         1432    .text.SSP1_Uninitialize  ssp_lpc17xx.o
    0x00003024   0x00003024   0x0000000c   Code   RO         1428    .text.SSP_GetCapabilities  ssp_lpc17xx.o
    0x00003030   0x00003030   0x00000012   Code   RO         1426    .text.SSP_GetVersion  ssp_lpc17xx.o
    0x00003042   0x00003042   0x00000002   PAD
    0x00003044   0x00003044   0x00000642   Code   RO         1468    .text.SSPx_Control  ssp_lpc17xx.o
    0x00003686   0x00003686   0x00000002   PAD
    0x00003688   0x00003688   0x0000004a   Code   RO         1416    .text.SSPx_GPDMA_Rx_SignalEvent  ssp_lpc17xx.o
    0x000036d2   0x000036d2   0x00000002   PAD
    0x000036d4   0x000036d4   0x0000002a   Code   RO         1414    .text.SSPx_GPDMA_Tx_SignalEvent  ssp_lpc17xx.o
    0x000036fe   0x000036fe   0x00000002   PAD
    0x00003700   0x00003700   0x00000048   Code   RO         1466    .text.SSPx_GetDataCount  ssp_lpc17xx.o
    0x00003748   0x00003748   0x00000044   Code   RO         1472    .text.SSPx_GetStatus  ssp_lpc17xx.o
    0x0000378c   0x0000378c   0x00000178   Code   RO         1424    .text.SSPx_IRQHandler  ssp_lpc17xx.o
    0x00003904   0x00003904   0x000000fc   Code   RO         1448    .text.SSPx_Initialize  ssp_lpc17xx.o
    0x00003a00   0x00003a00   0x00000204   Code   RO         1452    .text.SSPx_PowerControl  ssp_lpc17xx.o
    0x00003c04   0x00003c04   0x000001b4   Code   RO         1462    .text.SSPx_Receive  ssp_lpc17xx.o
    0x00003db8   0x00003db8   0x000001a4   Code   RO         1460    .text.SSPx_Send     ssp_lpc17xx.o
    0x00003f5c   0x00003f5c   0x000001a4   Code   RO         1464    .text.SSPx_Transfer  ssp_lpc17xx.o
    0x00004100   0x00004100   0x0000009a   Code   RO         1450    .text.SSPx_Uninitialize  ssp_lpc17xx.o
    0x0000419a   0x0000419a   0x00000002   PAD
    0x0000419c   0x0000419c   0x00000050   Code   RO          692    .text.SVC_Setup     rtx_kernel.o
    0x000041ec   0x000041ec   0x00000010   Code   RO         1074    .text.SetPendSV     rtx_system.o
    0x000041fc   0x000041fc   0x00000034   Code   RO         1119    .text.SetPrivileged  rtx_thread.o
    0x00004230   0x00004230   0x0000005c   Code   RO         1603    .text.Set_Channel_active_flag  gpdma_lpc17xx.o
    0x0000428c   0x0000428c   0x0000000c   Code   RO         1115    .text.StackOffsetR0  rtx_thread.o
    0x00004298   0x00004298   0x000001ac   Code   RO         1671    .text.SystemCoreClockUpdate  system_lpc17xx.o
    0x00004444   0x00004444   0x00000184   Code   RO         1673    .text.SystemInit    system_lpc17xx.o
    0x000045c8   0x000045c8   0x00000070   Code   RO           22    .text.TIMER0_IRQHandler  main.o
    0x00004638   0x00004638   0x0000007c   Code   RO         1247    .text.ThreadFlagsCheck  rtx_thread.o
    0x000046b4   0x000046b4   0x00000106   Code   RO           12    .text.Thread_Bluetooth  main.o
    0x000047ba   0x000047ba   0x00000002   PAD
    0x000047bc   0x000047bc   0x0000009e   Code   RO         1350    .text.TimerInsert   rtx_timer.o
    0x0000485a   0x0000485a   0x00000002   PAD
    0x0000485c   0x0000485c   0x00000028   Code   RO         1346    .text.TimerUnlink   rtx_timer.o
    0x00004884   0x00004884   0x00000010   Code   RO         1497    .text.UART1_IRQHandler  uart_lpc17xx.o
    0x00004894   0x00004894   0x0000001c   Code   RO         1529    .text.USART1_Control  uart_lpc17xx.o
    0x000048b0   0x000048b0   0x00000018   Code   RO         1505    .text.USART1_GPDMA_Rx_Event  uart_lpc17xx.o
    0x000048c8   0x000048c8   0x00000018   Code   RO         1501    .text.USART1_GPDMA_Tx_Event  uart_lpc17xx.o
    0x000048e0   0x000048e0   0x00000018   Code   RO         1511    .text.USART1_GetCapabilities  uart_lpc17xx.o
    0x000048f8   0x000048f8   0x00000018   Code   RO         1535    .text.USART1_GetModemStatus  uart_lpc17xx.o
    0x00004910   0x00004910   0x00000010   Code   RO         1527    .text.USART1_GetRxCount  uart_lpc17xx.o
    0x00004920   0x00004920   0x00000018   Code   RO         1531    .text.USART1_GetStatus  uart_lpc17xx.o
    0x00004938   0x00004938   0x00000010   Code   RO         1525    .text.USART1_GetTxCount  uart_lpc17xx.o
    0x00004948   0x00004948   0x00000018   Code   RO         1513    .text.USART1_Initialize  uart_lpc17xx.o
    0x00004960   0x00004960   0x0000001c   Code   RO         1517    .text.USART1_PowerControl  uart_lpc17xx.o
    0x0000497c   0x0000497c   0x0000001c   Code   RO         1521    .text.USART1_Receive  uart_lpc17xx.o
    0x00004998   0x00004998   0x0000001c   Code   RO         1519    .text.USART1_Send   uart_lpc17xx.o
    0x000049b4   0x000049b4   0x0000001c   Code   RO         1533    .text.USART1_SetModemControl  uart_lpc17xx.o
    0x000049d0   0x000049d0   0x00000020   Code   RO         1523    .text.USART1_Transfer  uart_lpc17xx.o
    0x000049f0   0x000049f0   0x00000010   Code   RO         1515    .text.USART1_Uninitialize  uart_lpc17xx.o
    0x00004a00   0x00004a00   0x000007ec   Code   RO         1563    .text.USART_Control  uart_lpc17xx.o
    0x000051ec   0x000051ec   0x000000ca   Code   RO         1507    .text.USART_GPDMA_Rx_Event  uart_lpc17xx.o
    0x000052b6   0x000052b6   0x00000002   PAD
    0x000052b8   0x000052b8   0x0000006a   Code   RO         1503    .text.USART_GPDMA_Tx_Event  uart_lpc17xx.o
    0x00005322   0x00005322   0x00000002   PAD
    0x00005324   0x00005324   0x00000010   Code   RO         1539    .text.USART_GetCapabilities  uart_lpc17xx.o
    0x00005334   0x00005334   0x000000f6   Code   RO         1571    .text.USART_GetModemStatus  uart_lpc17xx.o
    0x0000542a   0x0000542a   0x00000002   PAD
    0x0000542c   0x0000542c   0x0000002c   Code   RO         1561    .text.USART_GetRxCount  uart_lpc17xx.o
    0x00005458   0x00005458   0x00000098   Code   RO         1567    .text.USART_GetStatus  uart_lpc17xx.o
    0x000054f0   0x000054f0   0x0000002c   Code   RO         1559    .text.USART_GetTxCount  uart_lpc17xx.o
    0x0000551c   0x0000551c   0x000003cc   Code   RO         1499    .text.USART_IRQHandler  uart_lpc17xx.o
    0x000058e8   0x000058e8   0x00000042   Code   RO            4    .text.USART_Init    main.o
    0x0000592a   0x0000592a   0x00000002   PAD
    0x0000592c   0x0000592c   0x00000164   Code   RO         1541    .text.USART_Initialize  uart_lpc17xx.o
    0x00005a90   0x00005a90   0x00000138   Code   RO         1565    .text.USART_PIN_Configure  uart_lpc17xx.o
    0x00005bc8   0x00005bc8   0x000002c2   Code   RO         1545    .text.USART_PowerControl  uart_lpc17xx.o
    0x00005e8a   0x00005e8a   0x00000002   PAD
    0x00005e8c   0x00005e8c   0x00000186   Code   RO         1555    .text.USART_Receive  uart_lpc17xx.o
    0x00006012   0x00006012   0x00000002   PAD
    0x00006014   0x00006014   0x000000ba   Code   RO         1537    .text.USART_RxLineIntHandler  uart_lpc17xx.o
    0x000060ce   0x000060ce   0x00000002   PAD
    0x000060d0   0x000060d0   0x00000242   Code   RO         1553    .text.USART_Send    uart_lpc17xx.o
    0x00006312   0x00006312   0x00000002   PAD
    0x00006314   0x00006314   0x000001a4   Code   RO         1493    .text.USART_SetBaudrate  uart_lpc17xx.o
    0x000064b8   0x000064b8   0x000000f2   Code   RO         1569    .text.USART_SetModemControl  uart_lpc17xx.o
    0x000065aa   0x000065aa   0x00000002   PAD
    0x000065ac   0x000065ac   0x000000aa   Code   RO         1557    .text.USART_Transfer  uart_lpc17xx.o
    0x00006656   0x00006656   0x00000002   PAD
    0x00006658   0x00006658   0x00000132   Code   RO         1543    .text.USART_Uninitialize  uart_lpc17xx.o
    0x0000678a   0x0000678a   0x00000002   PAD
    0x0000678c   0x0000678c   0x00000012   Code   RO         1509    .text.USARTx_GetVersion  uart_lpc17xx.o
    0x0000679e   0x0000679e   0x00000002   PAD
    0x000067a0   0x000067a0   0x00000030   Code   RO         1456    .text.__NVIC_ClearPendingIRQ  ssp_lpc17xx.o
    0x000067d0   0x000067d0   0x00000030   Code   RO         1549    .text.__NVIC_ClearPendingIRQ  uart_lpc17xx.o
    0x00006800   0x00006800   0x00000030   Code   RO         1591    .text.__NVIC_ClearPendingIRQ  gpdma_lpc17xx.o
    0x00006830   0x00006830   0x00000038   Code   RO         1454    .text.__NVIC_DisableIRQ  ssp_lpc17xx.o
    0x00006868   0x00006868   0x00000038   Code   RO         1547    .text.__NVIC_DisableIRQ  uart_lpc17xx.o
    0x000068a0   0x000068a0   0x00000038   Code   RO         1597    .text.__NVIC_DisableIRQ  gpdma_lpc17xx.o
    0x000068d8   0x000068d8   0x00000030   Code   RO           20    .text.__NVIC_EnableIRQ  main.o
    0x00006908   0x00006908   0x00000030   Code   RO         1458    .text.__NVIC_EnableIRQ  ssp_lpc17xx.o
    0x00006938   0x00006938   0x00000030   Code   RO         1551    .text.__NVIC_EnableIRQ  uart_lpc17xx.o
    0x00006968   0x00006968   0x00000030   Code   RO         1593    .text.__NVIC_EnableIRQ  gpdma_lpc17xx.o
    0x00006998   0x00006998   0x00000010   Code   RO          694    .text.__NVIC_GetPriorityGrouping  rtx_kernel.o
    0x000069a8   0x000069a8   0x00000042   Code   RO           18    .text.__NVIC_SetPriority  main.o
    0x000069ea   0x000069ea   0x00000002   PAD
    0x000069ec   0x000069ec   0x00000020   Code   RO          739    .text._mutex_acquire  rtx_lib.o
    0x00006a0c   0x00006a0c   0x00000012   Code   RO          743    .text._mutex_free   rtx_lib.o
    0x00006a1e   0x00006a1e   0x00000002   PAD
    0x00006a20   0x00006a20   0x00000032   Code   RO          737    .text._mutex_initialize  rtx_lib.o
    0x00006a52   0x00006a52   0x00000002   PAD
    0x00006a54   0x00006a54   0x0000001c   Code   RO          741    .text._mutex_release  rtx_lib.o
    0x00006a70   0x00006a70   0x00000008   Code   RO          727    .text._platform_post_stackheap_init  rtx_lib.o
    0x00006a78   0x00006a78   0x00000038   Code   RO         1249    .text.atomic_chk32_all  rtx_thread.o
    0x00006ab0   0x00006ab0   0x00000034   Code   RO         1251    .text.atomic_chk32_any  rtx_thread.o
    0x00006ae4   0x00006ae4   0x0000002c   Code   RO         1076    .text.atomic_dec16_nz  rtx_system.o
    0x00006b10   0x00006b10   0x00000020   Code   RO          796    .text.atomic_dec32  rtx_mempool.o
    0x00006b30   0x00006b30   0x00000028   Code   RO          923    .text.atomic_dec32_nz  rtx_msgqueue.o
    0x00006b58   0x00006b58   0x00000034   Code   RO         1078    .text.atomic_inc16_lim  rtx_system.o
    0x00006b8c   0x00006b8c   0x00000038   Code   RO         1082    .text.atomic_inc16_lt  rtx_system.o
    0x00006bc4   0x00006bc4   0x00000020   Code   RO          790    .text.atomic_inc32  rtx_mempool.o
    0x00006be4   0x00006be4   0x00000020   Code   RO          915    .text.atomic_inc32  rtx_msgqueue.o
    0x00006c04   0x00006c04   0x00000028   Code   RO          788    .text.atomic_link_get  rtx_mempool.o
    0x00006c2c   0x00006c2c   0x00000030   Code   RO          794    .text.atomic_link_put  rtx_mempool.o
    0x00006c5c   0x00006c5c   0x00000028   Code   RO          925    .text.atomic_wr8    rtx_msgqueue.o
    0x00006c84   0x00006c84   0x00000090   Code   RO           10    .text.control_hacheur  main.o
    0x00006d14   0x00006d14   0x0000007c   Code   RO           14    .text.control_vitesse  main.o
    0x00006d90   0x00006d90   0x00000044   Code   RO           84    .text.delay_ms      glcd_mcb1700.o
    0x00006dd4   0x00006dd4   0x0000006c   Code   RO            8    .text.direction_roue  main.o
    0x00006e40   0x00006e40   0x00000096   Code   RO            6    .text.init_moteur_motricite  main.o
    0x00006ed6   0x00006ed6   0x00000002   PAD
    0x00006ed8   0x00006ed8   0x00000072   Code   RO           16    .text.init_servo_moteur  main.o
    0x00006f4a   0x00006f4a   0x00000002   PAD
    0x00006f4c   0x00006f4c   0x000000ac   Code   RO          883    .text.isrRtxMessageQueueGet  rtx_msgqueue.o
    0x00006ff8   0x00006ff8   0x000000bc   Code   RO          879    .text.isrRtxMessageQueuePut  rtx_msgqueue.o
    0x000070b4   0x000070b4   0x00000054   Code   RO         1058    .text.isr_queue_get  rtx_system.o
    0x00007108   0x00007108   0x0000005e   Code   RO         1072    .text.isr_queue_put  rtx_system.o
    0x00007166   0x00007166   0x00000002   PAD
    0x00007168   0x00007168   0x00000074   Code   RO            2    .text.main          main.o
    0x000071dc   0x000071dc   0x00000054   Code   RO          155    .text.osDelay       rtx_delay.o
    0x00007230   0x00007230   0x00000042   Code   RO          638    .text.osKernelGetState  rtx_kernel.o
    0x00007272   0x00007272   0x00000002   PAD
    0x00007274   0x00007274   0x0000004a   Code   RO          626    .text.osKernelInitialize  rtx_kernel.o
    0x000072be   0x000072be   0x00000002   PAD
    0x000072c0   0x000072c0   0x00000046   Code   RO          642    .text.osKernelStart  rtx_kernel.o
    0x00007306   0x00007306   0x00000002   PAD
    0x00007308   0x00007308   0x0000007e   Code   RO          881    .text.osMessageQueueGet  rtx_msgqueue.o
    0x00007386   0x00007386   0x00000002   PAD
    0x00007388   0x00007388   0x0000008a   Code   RO          877    .text.osMessageQueuePut  rtx_msgqueue.o
    0x00007412   0x00007412   0x00000002   PAD
    0x00007414   0x00007414   0x00000064   Code   RO          958    .text.osMutexAcquire  rtx_mutex.o
    0x00007478   0x00007478   0x00000056   Code   RO          964    .text.osMutexDelete  rtx_mutex.o
    0x000074ce   0x000074ce   0x00000002   PAD
    0x000074d0   0x000074d0   0x00000056   Code   RO          948    .text.osMutexNew    rtx_mutex.o
    0x00007526   0x00007526   0x00000002   PAD
    0x00007528   0x00007528   0x00000056   Code   RO          960    .text.osMutexRelease  rtx_mutex.o
    0x0000757e   0x0000757e   0x00000002   PAD
    0x00007580   0x00007580   0x00000030   Code   RO         1405    .text.osRtxErrorNotify  rtx_config.o
    0x000075b0   0x000075b0   0x0000000a   Code   RO         1062    .text.osRtxEventFlagsObject  rtx_system.o
    0x000075ba   0x000075ba   0x00000002   PAD
    0x000075bc   0x000075bc   0x00000008   Code   RO         1403    .text.osRtxIdleThread  rtx_config.o
    0x000075c4   0x000075c4   0x00000002   Code   RO          622    .text.osRtxKernelBeforeInit  rtx_kernel.o
    0x000075c6   0x000075c6   0x00000002   PAD
    0x000075c8   0x000075c8   0x0000001c   Code   RO          624    .text.osRtxKernelErrorNotify  rtx_kernel.o
    0x000075e4   0x000075e4   0x0000000c   Code   RO         1054    .text.osRtxKernelGetState  rtx_system.o
    0x000075f0   0x000075f0   0x0000000c   Code   RO         1123    .text.osRtxKernelGetState  rtx_thread.o
    0x000075fc   0x000075fc   0x0000000c   Code   RO          688    .text.osRtxKernelState  rtx_kernel.o
    0x00007608   0x00007608   0x0000014c   Code   RO          773    .text.osRtxMemoryAlloc  rtx_memory.o
    0x00007754   0x00007754   0x000000c2   Code   RO          775    .text.osRtxMemoryFree  rtx_memory.o
    0x00007816   0x00007816   0x00000002   PAD
    0x00007818   0x00007818   0x00000096   Code   RO          767    .text.osRtxMemoryInit  rtx_memory.o
    0x000078ae   0x000078ae   0x00000002   PAD
    0x000078b0   0x000078b0   0x0000004a   Code   RO          786    .text.osRtxMemoryPoolAlloc  rtx_mempool.o
    0x000078fa   0x000078fa   0x00000002   PAD
    0x000078fc   0x000078fc   0x00000064   Code   RO          792    .text.osRtxMemoryPoolFree  rtx_mempool.o
    0x00007960   0x00007960   0x00000098   Code   RO          784    .text.osRtxMemoryPoolInit  rtx_mempool.o
    0x000079f8   0x000079f8   0x0000000a   Code   RO         1066    .text.osRtxMemoryPoolObject  rtx_system.o
    0x00007a02   0x00007a02   0x00000002   PAD
    0x00007a04   0x00007a04   0x0000000a   Code   RO         1068    .text.osRtxMessageObject  rtx_system.o
    0x00007a0e   0x00007a0e   0x00000002   PAD
    0x00007a10   0x00007a10   0x0000000a   Code   RO          863    .text.osRtxMessageQueueId  rtx_msgqueue.o
    0x00007a1a   0x00007a1a   0x00000002   PAD
    0x00007a1c   0x00007a1c   0x00000144   Code   RO          907    .text.osRtxMessageQueuePostProcess  rtx_msgqueue.o
    0x00007b60   0x00007b60   0x0000003e   Code   RO          861    .text.osRtxMessageQueueTimerSetup  rtx_msgqueue.o
    0x00007b9e   0x00007b9e   0x00000002   PAD
    0x00007ba0   0x00007ba0   0x0000005a   Code   RO          984    .text.osRtxMutexDestroy  rtx_mutex.o
    0x00007bfa   0x00007bfa   0x00000002   PAD
    0x00007bfc   0x00007bfc   0x0000000a   Code   RO          970    .text.osRtxMutexId  rtx_mutex.o
    0x00007c06   0x00007c06   0x00000002   PAD
    0x00007c08   0x00007c08   0x0000000a   Code   RO         1111    .text.osRtxMutexObject  rtx_thread.o
    0x00007c12   0x00007c12   0x00000002   PAD
    0x00007c14   0x00007c14   0x00000098   Code   RO          942    .text.osRtxMutexOwnerRelease  rtx_mutex.o
    0x00007cac   0x00007cac   0x000000ac   Code   RO          946    .text.osRtxMutexOwnerRestore  rtx_mutex.o
    0x00007d58   0x00007d58   0x000000fc   Code   RO          982    .text.osRtxMutexOwnerUnlock  rtx_mutex.o
    0x00007e54   0x00007e54   0x0000000a   Code   RO          911    .text.osRtxObject   rtx_msgqueue.o
    0x00007e5e   0x00007e5e   0x00000002   PAD
    0x00007e60   0x00007e60   0x0000000a   Code   RO          944    .text.osRtxObject   rtx_mutex.o
    0x00007e6a   0x00007e6a   0x00000002   PAD
    0x00007e6c   0x00007e6c   0x0000000a   Code   RO         1080    .text.osRtxObject   rtx_system.o
    0x00007e76   0x00007e76   0x00000002   PAD
    0x00007e78   0x00007e78   0x0000000a   Code   RO         1099    .text.osRtxObject   rtx_thread.o
    0x00007e82   0x00007e82   0x00000002   PAD
    0x00007e84   0x00007e84   0x000000b8   Code   RO         1056    .text.osRtxPendSV_Handler  rtx_system.o
    0x00007f3c   0x00007f3c   0x00000042   Code   RO         1070    .text.osRtxPostProcess  rtx_system.o
    0x00007f7e   0x00007f7e   0x00000002   PAD
    0x00007f80   0x00007f80   0x0000000a   Code   RO         1064    .text.osRtxSemaphoreObject  rtx_system.o
    0x00007f8a   0x00007f8a   0x00000002   PAD
    0x00007f8c   0x00007f8c   0x00000010   Code   RO          733    .text.osRtxThreadBeforeFree  rtx_lib.o
    0x00007f9c   0x00007f9c   0x00000088   Code   RO         1127    .text.osRtxThreadBlock  rtx_thread.o
    0x00008024   0x00008024   0x000000fa   Code   RO         1133    .text.osRtxThreadDelayInsert  rtx_thread.o
    0x0000811e   0x0000811e   0x00000002   PAD
    0x00008120   0x00008120   0x0000009c   Code   RO         1105    .text.osRtxThreadDelayRemove  rtx_thread.o
    0x000081bc   0x000081bc   0x00000150   Code   RO         1107    .text.osRtxThreadDelayTick  rtx_thread.o
    0x0000830c   0x0000830c   0x00000060   Code   RO         1139    .text.osRtxThreadDestroy  rtx_thread.o
    0x0000836c   0x0000836c   0x00000096   Code   RO         1121    .text.osRtxThreadDispatch  rtx_thread.o
    0x00008402   0x00008402   0x00000002   PAD
    0x00008404   0x00008404   0x000000a2   Code   RO         1141    .text.osRtxThreadFree  rtx_thread.o
    0x000084a6   0x000084a6   0x00000002   PAD
    0x000084a8   0x000084a8   0x0000000c   Code   RO          919    .text.osRtxThreadGetRunning  rtx_msgqueue.o
    0x000084b4   0x000084b4   0x0000000c   Code   RO          974    .text.osRtxThreadGetRunning  rtx_mutex.o
    0x000084c0   0x000084c0   0x0000000c   Code   RO         1125    .text.osRtxThreadGetRunning  rtx_thread.o
    0x000084cc   0x000084cc   0x0000000c   Code   RO         1344    .text.osRtxThreadGetRunning  rtx_timer.o
    0x000084d8   0x000084d8   0x0000000a   Code   RO         1147    .text.osRtxThreadId  rtx_thread.o
    0x000084e2   0x000084e2   0x00000002   PAD
    0x000084e4   0x000084e4   0x0000003c   Code   RO         1137    .text.osRtxThreadJoinWakeup  rtx_thread.o
    0x00008520   0x00008520   0x00000036   Code   RO         1095    .text.osRtxThreadListGet  rtx_thread.o
    0x00008556   0x00008556   0x00000002   PAD
    0x00008558   0x00008558   0x00000076   Code   RO         1091    .text.osRtxThreadListPut  rtx_thread.o
    0x000085ce   0x000085ce   0x00000002   PAD
    0x000085d0   0x000085d0   0x00000032   Code   RO         1101    .text.osRtxThreadListRemove  rtx_thread.o
    0x00008602   0x00008602   0x00000002   PAD
    0x00008604   0x00008604   0x00000022   Code   RO         1109    .text.osRtxThreadListRoot  rtx_thread.o
    0x00008626   0x00008626   0x00000002   PAD
    0x00008628   0x00008628   0x00000058   Code   RO         1097    .text.osRtxThreadListSort  rtx_thread.o
    0x00008680   0x00008680   0x0000000a   Code   RO         1060    .text.osRtxThreadObject  rtx_system.o
    0x0000868a   0x0000868a   0x00000002   PAD
    0x0000868c   0x0000868c   0x0000000a   Code   RO         1093    .text.osRtxThreadObject  rtx_thread.o
    0x00008696   0x00008696   0x00000002   PAD
    0x00008698   0x00008698   0x00000044   Code   RO         1245    .text.osRtxThreadPostProcess  rtx_thread.o
    0x000086dc   0x000086dc   0x00000020   Code   RO         1103    .text.osRtxThreadReadyPut  rtx_thread.o
    0x000086fc   0x000086fc   0x00000022   Code   RO         1113    .text.osRtxThreadRegPtr  rtx_thread.o
    0x0000871e   0x0000871e   0x00000002   PAD
    0x00008720   0x00008720   0x00000014   Code   RO         1281    .text.osRtxThreadSetRunning  rtx_thread.o
    0x00008734   0x00008734   0x00000014   Code   RO         1348    .text.osRtxThreadSetRunning  rtx_timer.o
    0x00008748   0x00008748   0x0000003c   Code   RO         1135    .text.osRtxThreadStackCheck  rtx_thread.o
    0x00008784   0x00008784   0x00000096   Code   RO         1145    .text.osRtxThreadStartup  rtx_thread.o
    0x0000881a   0x0000881a   0x00000002   PAD
    0x0000881c   0x0000881c   0x0000002e   Code   RO         1117    .text.osRtxThreadSwitch  rtx_thread.o
    0x0000884a   0x0000884a   0x00000002   PAD
    0x0000884c   0x0000884c   0x00000076   Code   RO         1131    .text.osRtxThreadWaitEnter  rtx_thread.o
    0x000088c2   0x000088c2   0x00000002   PAD
    0x000088c4   0x000088c4   0x00000046   Code   RO         1129    .text.osRtxThreadWaitExit  rtx_thread.o
    0x0000890a   0x0000890a   0x00000002   PAD
    0x0000890c   0x0000890c   0x00000110   Code   RO         1052    .text.osRtxTick_Handler  rtx_system.o
    0x00008a1c   0x00008a1c   0x00000030   Code   RO         1320    .text.osRtxTimerSetup  rtx_timer.o
    0x00008a4c   0x00008a4c   0x00000032   Code   RO         1324    .text.osRtxTimerThread  rtx_timer.o
    0x00008a7e   0x00008a7e   0x00000002   PAD
    0x00008a80   0x00008a80   0x000000dc   Code   RO         1322    .text.osRtxTimerTick  rtx_timer.o
    0x00008b5c   0x00008b5c   0x00000010   Code   RO         1241    .text.osThreadEntry  rtx_thread.o
    0x00008b6c   0x00008b6c   0x00000024   Code   RO         1193    .text.osThreadExit  rtx_thread.o
    0x00008b90   0x00008b90   0x00000072   Code   RO         1151    .text.osThreadNew   rtx_thread.o
    0x00008c02   0x00008c02   0x00000002   PAD
    0x00008c04   0x00008c04   0x00000036   Code   RO          731    .text.os_kernel_is_active  rtx_lib.o
    0x00008c3a   0x00008c3a   0x00000002   PAD
    0x00008c3c   0x00008c3c   0x00000068   Code   RO          132    .text.rd_dat        glcd_mcb1700.o
    0x00008ca4   0x00008ca4   0x000000c2   Code   RO           78    .text.rd_id_man     glcd_mcb1700.o
    0x00008d66   0x00008d66   0x00000002   PAD
    0x00008d68   0x00008d68   0x00000018   Code   RO           80    .text.rd_reg        glcd_mcb1700.o
    0x00008d80   0x00008d80   0x00000042   Code   RO          134    .text.spi_tran      glcd_mcb1700.o
    0x00008dc2   0x00008dc2   0x00000002   PAD
    0x00008dc4   0x00008dc4   0x0000009a   Code   RO          130    .text.spi_tran_man  glcd_mcb1700.o
    0x00008e5e   0x00008e5e   0x00000002   PAD
    0x00008e60   0x00008e60   0x00000050   Code   RO          163    .text.svcRtxDelay   rtx_delay.o
    0x00008eb0   0x00008eb0   0x00000016   Code   RO          640    .text.svcRtxKernelGetState  rtx_kernel.o
    0x00008ec6   0x00008ec6   0x00000002   PAD
    0x00008ec8   0x00008ec8   0x00000304   Code   RO          686    .text.svcRtxKernelInitialize  rtx_kernel.o
    0x000091cc   0x000091cc   0x000000a4   Code   RO          690    .text.svcRtxKernelStart  rtx_kernel.o
    0x00009270   0x00009270   0x00000168   Code   RO          927    .text.svcRtxMessageQueueGet  rtx_msgqueue.o
    0x000093d8   0x000093d8   0x00000290   Code   RO          865    .text.svcRtxMessageQueueNew  rtx_msgqueue.o
    0x00009668   0x00009668   0x0000015c   Code   RO          917    .text.svcRtxMessageQueuePut  rtx_msgqueue.o
    0x000097c4   0x000097c4   0x00000176   Code   RO          972    .text.svcRtxMutexAcquire  rtx_mutex.o
    0x0000993a   0x0000993a   0x00000002   PAD
    0x0000993c   0x0000993c   0x00000058   Code   RO          980    .text.svcRtxMutexDelete  rtx_mutex.o
    0x00009994   0x00009994   0x00000142   Code   RO          966    .text.svcRtxMutexNew  rtx_mutex.o
    0x00009ad6   0x00009ad6   0x00000002   PAD
    0x00009ad8   0x00009ad8   0x000001a0   Code   RO          976    .text.svcRtxMutexRelease  rtx_mutex.o
    0x00009c78   0x00009c78   0x00000084   Code   RO         1279    .text.svcRtxThreadExit  rtx_thread.o
    0x00009cfc   0x00009cfc   0x0000046a   Code   RO         1149    .text.svcRtxThreadNew  rtx_thread.o
    0x0000a166   0x0000a166   0x00000002   PAD
    0x0000a168   0x0000a168   0x00000048   Code   RO          735    .text.user_perthread_libspace_free  rtx_lib.o
    0x0000a1b0   0x0000a1b0   0x00000068   Code   RO           96    .text.wr_cmd        glcd_mcb1700.o
    0x0000a218   0x0000a218   0x00000048   Code   RO          100    .text.wr_dat_only   glcd_mcb1700.o
    0x0000a260   0x0000a260   0x0000001a   Code   RO           98    .text.wr_dat_start  glcd_mcb1700.o
    0x0000a27a   0x0000a27a   0x00000002   PAD
    0x0000a27c   0x0000a27c   0x00000014   Code   RO          102    .text.wr_dat_stop   glcd_mcb1700.o
    0x0000a290   0x0000a290   0x000000cc   Code   RO           82    .text.wr_reg        glcd_mcb1700.o
    0x0000a35c   0x0000a35c   0x00000012   Code   RO         1243    .text.xPSR_InitVal  rtx_thread.o
    0x0000a36e   0x0000a36e   0x0000003e   Code   RO         1888    CL$$btod_d2e        c_w.l(btod.o)
    0x0000a3ac   0x0000a3ac   0x00000046   Code   RO         1890    CL$$btod_d2e_denorm_low  c_w.l(btod.o)
    0x0000a3f2   0x0000a3f2   0x00000060   Code   RO         1889    CL$$btod_d2e_norm_op1  c_w.l(btod.o)
    0x0000a452   0x0000a452   0x00000002   PAD
    0x0000a454   0x0000a454   0x00000338   Code   RO         1898    CL$$btod_div_common  c_w.l(btod.o)
    0x0000a78c   0x0000a78c   0x000000dc   Code   RO         1895    CL$$btod_e2e        c_w.l(btod.o)
    0x0000a868   0x0000a868   0x0000002a   Code   RO         1892    CL$$btod_ediv       c_w.l(btod.o)
    0x0000a892   0x0000a892   0x0000002a   Code   RO         1891    CL$$btod_emul       c_w.l(btod.o)
    0x0000a8bc   0x0000a8bc   0x00000244   Code   RO         1897    CL$$btod_mult_common  c_w.l(btod.o)
    0x0000ab00   0x0000ab00   0x00000028   Code   RO         1927    i.__ARM_fpclassify  m_ws.l(fpclassify.o)
    0x0000ab28   0x0000ab28   0x0000000e   Code   RO         1787    i._is_digit         c_w.l(__printf_wp.o)
    0x0000ab36   0x0000ab36   0x00000002   PAD
    0x0000ab38   0x0000ab38   0x0000002c   Code   RO         1913    locale$$code        c_w.l(lc_numeric_c.o)
    0x0000ab64   0x0000ab64   0x0000002c   Code   RO         1939    locale$$code        c_w.l(lc_ctype_c.o)
    0x0000ab90   0x0000ab90   0x00000150   Code   RO         1698    x$fpl$dadd          fz_ws.l(daddsub_clz.o)
    0x0000ace0   0x0000ace0   0x000002b8   Code   RO         1705    x$fpl$ddiv          fz_ws.l(ddiv.o)
    0x0000af98   0x0000af98   0x0000005e   Code   RO         1708    x$fpl$dfix          fz_ws.l(dfix.o)
    0x0000aff6   0x0000aff6   0x00000002   PAD
    0x0000aff8   0x0000aff8   0x0000005a   Code   RO         1712    x$fpl$dfixu         fz_ws.l(dfixu.o)
    0x0000b052   0x0000b052   0x0000002e   Code   RO         1717    x$fpl$dflt          fz_ws.l(dflt_clz.o)
    0x0000b080   0x0000b080   0x00000154   Code   RO         1722    x$fpl$dmul          fz_ws.l(dmul.o)
    0x0000b1d4   0x0000b1d4   0x0000009c   Code   RO         1822    x$fpl$dnaninf       fz_ws.l(dnaninf.o)
    0x0000b270   0x0000b270   0x0000000c   Code   RO         1824    x$fpl$dretinf       fz_ws.l(dretinf.o)
    0x0000b27c   0x0000b27c   0x000001dc   Code   RO         1700    x$fpl$dsub          fz_ws.l(daddsub_clz.o)
    0x0000b458   0x0000b458   0x00000004   Code   RO         1826    x$fpl$printf1       fz_ws.l(printf1.o)
    0x0000b45c   0x0000b45c   0x00000004   Code   RO         1828    x$fpl$printf2       fz_ws.l(printf2.o)
    0x0000b460   0x0000b460   0x00000000   Code   RO         1834    x$fpl$usenofp       fz_ws.l(usenofp.o)
    0x0000b460   0x0000b460   0x00000008   Data   RO         1746    .constdata          c_w.l(_printf_wctomb.o)
    0x0000b468   0x0000b468   0x00000028   Data   RO         1775    .constdata          c_w.l(_printf_hex_int_ll_ptr.o)
    0x0000b490   0x0000b490   0x00000011   Data   RO         1795    .constdata          c_w.l(__printf_flags_ss_wp.o)
    0x0000b4a1   0x0000b4a1   0x00000026   Data   RO         1861    .constdata          c_w.l(_printf_fp_hex.o)
    0x0000b4c7   0x0000b4c7   0x00000001   PAD
    0x0000b4c8   0x0000b4c8   0x00000094   Data   RO         1886    .constdata          c_w.l(bigflt0.o)
    0x0000b55c   0x0000b55c   0x00000070   Data   RO          749    .rodata             rtx_lib.o
    0x0000b5cc   0x0000b5cc   0x00000038   Data   RO          752    .rodata             rtx_lib.o
    0x0000b604   0x0000b604   0x0000002c   Data   RO         1475    .rodata.Driver_SPI1  ssp_lpc17xx.o
    0x0000b630   0x0000b630   0x00000038   Data   RO         1574    .rodata.Driver_USART1  uart_lpc17xx.o
    0x0000b668   0x0000b668   0x00001500   Data   RO           69    .rodata.Font_16x24_h  glcd_fonts.o
    0x0000cb68   0x0000cb68   0x00000010   Data   RO           70    .rodata.GLCD_Font_16x24  glcd_fonts.o
    0x0000cb78   0x0000cb78   0x00000048   Data   RO         1474    .rodata.SSP1_Resources  ssp_lpc17xx.o
    0x0000cbc0   0x0000cbc0   0x00000002   Data   RO         1478    .rodata.SSP1_pin_miso  ssp_lpc17xx.o
    0x0000cbc2   0x0000cbc2   0x00000002   Data   RO         1479    .rodata.SSP1_pin_mosi  ssp_lpc17xx.o
    0x0000cbc4   0x0000cbc4   0x00000002   Data   RO         1477    .rodata.SSP1_pin_sck  ssp_lpc17xx.o
    0x0000cbc6   0x0000cbc6   0x00000002   Data   RO         1476    .rodata.SSP1_pin_ssel  ssp_lpc17xx.o
    0x0000cbc8   0x0000cbc8   0x00000008   Data   RO         1578    .rodata.USART1_DMA_Rx  uart_lpc17xx.o
    0x0000cbd0   0x0000cbd0   0x00000008   Data   RO         1577    .rodata.USART1_DMA_Tx  uart_lpc17xx.o
    0x0000cbd8   0x0000cbd8   0x00000064   Data   RO         1580    .rodata.USART1_Resources  uart_lpc17xx.o
    0x0000cc3c   0x0000cc3c   0x00000002   Data   RO         1576    .rodata.USART1_pin_rx  uart_lpc17xx.o
    0x0000cc3e   0x0000cc3e   0x00000002   Data   RO         1575    .rodata.USART1_pin_tx  uart_lpc17xx.o
    0x0000cc40   0x0000cc40   0x00000120   Data   RO         1573    .rodata.fract_div_lookup_table  uart_lpc17xx.o
    0x0000cd60   0x0000cd60   0x00000004   Data   RO          751    .rodata.osRtxUserSVC  rtx_lib.o
    0x0000cd64   0x0000cd64   0x00000024   Data   RO          746    .rodata.os_idle_thread_attr  rtx_lib.o
    0x0000cd88   0x0000cd88   0x00000018   Data   RO          748    .rodata.os_timer_mq_attr  rtx_lib.o
    0x0000cda0   0x0000cda0   0x00000024   Data   RO          747    .rodata.os_timer_thread_attr  rtx_lib.o
    0x0000cdc4   0x0000cdc4   0x00000016   Data   RO           28    .rodata.str1.1      main.o
    0x0000cdda   0x0000cdda   0x0000000b   Data   RO          718    .rodata.str1.1      rtx_kernel.o
    0x0000cde5   0x0000cde5   0x00000003   PAD
    0x0000cde8   0x0000cde8   0x00000030   Data   RO         2074    Region$$Table       anon$$obj.o
    0x0000ce18   0x0000ce18   0x0000001c   Data   RO         1912    locale$$data        c_w.l(lc_numeric_c.o)
    0x0000ce34   0x0000ce34   0x00000110   Data   RO         1938    locale$$data        c_w.l(lc_ctype_c.o)


    Execution Region RW_IRAM1 (Exec base: 0x10000000, Load base: 0x0000cf44, Size: 0x00004e60, Max: 0x00008000, ABSOLUTE)

    Exec Addr    Load Addr    Size         Type   Attr      Idx    E Section Name        Object

    0x10000000        -       0x00004e60   Zero   RW          745    .bss.os             rtx_lib.o


    Execution Region RW_IRAM2 (Exec base: 0x2007c000, Load base: 0x0000cf48, Size: 0x00000b88, Max: 0x00008000, ABSOLUTE)

    Exec Addr    Load Addr    Size         Type   Attr      Idx    E Section Name        Object

    0x2007c000   0x0000cf48   0x00000004   Data   RW         1675    .data.SystemCoreClock  system_lpc17xx.o
    0x2007c004   0x0000cf4c   0x00000004   Data   RW           24    .data.VAL_PWM_SERVO  main.o
    0x2007c008   0x0000cf50   0x00000002   Data   RW          138    .data.background_color  glcd_mcb1700.o
    0x2007c00a   0x0000cf52   0x00000002   PAD
    0x2007c00c   0x0000cf54   0x00000024   Data   RW           25    .data.configT1      main.o
    0x2007c030   0x0000cf78   0x000000a4   Data   RW          719    .data.os            rtx_kernel.o
    0x2007c0d4   0x0000d01c   0x00000004   PAD
    0x2007c0d8        -       0x00000060   Zero   RW         1930    .bss                c_w.l(libspace.o)
    0x2007c138        -       0x00000001   Zero   RW           58    .bss.AD_done        adc_mcb1700.o
    0x2007c139   0x0000d01c   0x00000001   PAD
    0x2007c13a        -       0x00000002   Zero   RW           59    .bss.AD_last        adc_mcb1700.o
    0x2007c13c        -       0x00000004   Zero   RW         1619    .bss.Channel_active  gpdma_lpc17xx.o
    0x2007c140        -       0x000000a0   Zero   RW         1618    .bss.Channel_info   gpdma_lpc17xx.o
    0x2007c1e0        -       0x00000001   Zero   RW          136    .bss.Himax          glcd_mcb1700.o
    0x2007c1e1   0x0000d01c   0x00000003   PAD
    0x2007c1e4        -       0x00000004   Zero   RW           26    .bss.ID_Thread_Bluetooth  main.o
    0x2007c1e8        -       0x00000004   Zero   RW         1617    .bss.Init_cnt       gpdma_lpc17xx.o
    0x2007c1ec        -       0x00000010   Zero   RW         1480    .bss.SSP1_Info      ssp_lpc17xx.o
    0x2007c1fc        -       0x0000001c   Zero   RW         1481    .bss.SSP1_Xfer      ssp_lpc17xx.o
    0x2007c218        -       0x00000004   Zero   RW         1485    .bss.SSPx_Receive.dummy_data  ssp_lpc17xx.o
    0x2007c21c        -       0x00000004   Zero   RW         1484    .bss.SSPx_Send.dummy_data  ssp_lpc17xx.o
    0x2007c220        -       0x00000001   Zero   RW           30    .bss.TIMER0_IRQHandler.stat  main.o
    0x2007c221   0x0000d01c   0x00000003   PAD
    0x2007c224        -       0x00000034   Zero   RW         1579    .bss.USART1_Info    uart_lpc17xx.o
    0x2007c258        -       0x00000004   Zero   RW          139    .bss.active_font    glcd_mcb1700.o
    0x2007c25c        -       0x00000002   Zero   RW          137    .bss.foreground_color  glcd_mcb1700.o
    0x2007c25e   0x0000d01c   0x00000002   PAD
    0x2007c260        -       0x00000004   Zero   RW           29    .bss.i              main.o
    0x2007c264        -       0x00000004   Zero   RW           27    .bss.mut_bl         main.o
    0x2007c268        -       0x00000001   Zero   RW         1395    .bss.os             os_systick.o
    0x2007c269   0x0000d01c   0x00000003   PAD
    0x2007c26c        -       0x000001f0   Zero   RW          753    .bss.os.libspace    rtx_lib.o
    0x2007c45c        -       0x00000034   Zero   RW          757    .bss.os.msgqueue.cb  rtx_lib.o
    0x2007c490        -       0x00000050   Zero   RW          758    .bss.os.msgqueue.mem  rtx_lib.o
    0x2007c4e0        -       0x000000a0   Zero   RW          754    .bss.os.thread.cb   rtx_lib.o
    0x2007c580        -       0x00000200   Zero   RW          755    .bss.os.thread.idle.stack  rtx_lib.o
    0x2007c780        -       0x00000200   Zero   RW          756    .bss.os.thread.timer.stack  rtx_lib.o
    0x2007c980        -       0x00000001   Zero   RW          759    .bss.os_kernel_is_active.os_kernel_active  rtx_lib.o
    0x2007c981   0x0000d01c   0x00000007   PAD
    0x2007c988        -       0x00000000   Zero   RW         1659    HEAP                startup_lpc17xx.o
    0x2007c988        -       0x00000200   Zero   RW         1658    STACK               startup_lpc17xx.o


==============================================================================

Image component sizes


      Code (inc. data)   RO Data    RW Data    ZI Data      Debug   Object Name

        54          0          0          0          3       4726   adc_mcb1700.o
         0          0       5392          0          0       1107   glcd_fonts.o
      3296          0          0          2          7       7664   glcd_mcb1700.o
      1810          0          0          0        168       7257   gpdma_lpc17xx.o
       218          0          0          0          0       3675   gpio_lpc17xx.o
       192         12          0          0          0        740   irq_armv7m.o
      1310          6         22         40         13      10177   main.o
       204          0          0          0          1       3698   os_systick.o
       292          0          0          0          0       2239   pin_lpc17xx.o
        56          6          0          0          0        757   rtx_config.o
       230          0          0          0          0       2768   rtx_delay.o
       532          0          0          0          0      26493   rtx_evr.o
      1392          0         11        164          0      16918   rtx_kernel.o
       278          0        268          0      21877       7511   rtx_lib.o
       710          0          0          0          0       2360   rtx_memory.o
       478          0          0          0          0      12607   rtx_mempool.o
      2938          0          0          0          0      15233   rtx_msgqueue.o
      2356          0          0          0          0       9430   rtx_mutex.o
       940         10          0          0          0       6272   rtx_system.o
      4194          0          0          0          0      32969   rtx_thread.o
       548          0          0          0          0       9338   rtx_timer.o
      4992         44        124          0         52      13794   ssp_lpc17xx.o
        64         26        204          0        512       1108   startup_lpc17xx.o
       816          8          0          4          0       2291   system_lpc17xx.o
      8116         56        464          0         52      20835   uart_lpc17xx.o

    ----------------------------------------------------------------------
     36278        168       6536        212      22708     221967   Object Totals
         0          0         48          0          0          0   (incl. Generated)
       262          0          3          2         23          0   (incl. Padding)

    ----------------------------------------------------------------------

      Code (inc. data)   RO Data    RW Data    ZI Data      Debug   Library Member Name

         8          0          0          0          0         68   __main.o
       392          4         17          0          0         92   __printf_flags_ss_wp.o
        14          0          0          0          0         68   __printf_wp.o
         0          0          0          0          0          0   __rtentry.o
        20          0          0          0          0          0   __rtentry2.o
         6          0          0          0          0          0   __rtentry4.o
        94          8          0          0          0          0   __scatter.o
        26          0          0          0          0          0   __scatter_copy.o
        28          0          0          0          0          0   __scatter_zi.o
        72          0          0          0          0         96   _c16rtomb.o
         6          0          0          0          0          0   _printf_a.o
         6          0          0          0          0          0   _printf_c.o
        44          0          0          0          0        108   _printf_char.o
        48          6          0          0          0         96   _printf_char_common.o
        40          0          0          0          0         68   _printf_charcount.o
         6          0          0          0          0          0   _printf_d.o
       120         16          0          0          0         92   _printf_dec.o
         6          0          0          0          0          0   _printf_e.o
         6          0          0          0          0          0   _printf_f.o
      1052          0          0          0          0        148   _printf_fp_dec.o
       764          8         38          0          0        100   _printf_fp_hex.o
       128         16          0          0          0         84   _printf_fp_infnan.o
         6          0          0          0          0          0   _printf_g.o
       148          4         40          0          0        160   _printf_hex_int_ll_ptr.o
         6          0          0          0          0          0   _printf_i.o
       178          0          0          0          0         88   _printf_intcommon.o
        10          0          0          0          0          0   _printf_l.o
         6          0          0          0          0          0   _printf_lc.o
        10          0          0          0          0          0   _printf_ll.o
         6          0          0          0          0          0   _printf_lld.o
         6          0          0          0          0          0   _printf_lli.o
         6          0          0          0          0          0   _printf_llo.o
         6          0          0          0          0          0   _printf_llu.o
         6          0          0          0          0          0   _printf_llx.o
       124         16          0          0          0         92   _printf_longlong_dec.o
         6          0          0          0          0          0   _printf_ls.o
         6          0          0          0          0          0   _printf_n.o
         6          0          0          0          0          0   _printf_o.o
       112          8          0          0          0        124   _printf_oct_int_ll.o
         6          0          0          0          0          0   _printf_p.o
        78          0          0          0          0        108   _printf_pad.o
         0          0          0          0          0          0   _printf_percent.o
         4          0          0          0          0          0   _printf_percent_end.o
         6          0          0          0          0          0   _printf_s.o
        82          0          0          0          0         80   _printf_str.o
        36          0          0          0          0         84   _printf_truncate.o
         6          0          0          0          0          0   _printf_u.o
        44          0          0          0          0        108   _printf_wchar.o
       188          6          8          0          0         92   _printf_wctomb.o
         6          0          0          0          0          0   _printf_x.o
        10          0          0          0          0         68   _sputc.o
       228          4        148          0          0         96   bigflt0.o
      1936        128          0          0          0        668   btod.o
        18          0          0          0          0         80   exit.o
         6          0          0          0          0        152   heapauxi.o
         0          0          0          0          0          0   indicate_semi.o
        44         10        272          0          0         76   lc_ctype_c.o
        44         10         28          0          0         76   lc_numeric_c.o
         2          0          0          0          0          0   libinit.o
        30          0          0          0          0          0   libinit2.o
         2          0          0          0          0          0   libshutdown.o
         2          0          0          0          0          0   libshutdown2.o
         8          4          0          0         96         68   libspace.o
       138          0          0          0          0         80   lludiv10.o
       240          0          0          0          0        100   lludivv7m.o
        16          4          0          0          0         76   rt_ctype_table.o
        10          0          0          0          0         76   rt_locale_twolibspace.o
        68          0          0          0          0         68   rt_memclr.o
        78          0          0          0          0         80   rt_memclr_w.o
       138          0          0          0          0         68   rt_memcpy_v6.o
       100          0          0          0          0         80   rt_memcpy_w.o
         2          0          0          0          0          0   rtexit.o
        10          0          0          0          0          0   rtexit2.o
        44          6          0          0          0         84   sprintf.o
       128          0          0          0          0         68   strcmpv7m.o
        12          4          0          0          0         68   sys_exit.o
        74          0          0          0          0         80   sys_stackheap_outer.o
         2          0          0          0          0         68   use_no_semi.o
       812         16          0          0          0        296   daddsub_clz.o
       696        140          0          0          0        216   ddiv.o
        94          4          0          0          0         92   dfix.o
        90          4          0          0          0         92   dfixu.o
        46          0          0          0          0         68   dflt_clz.o
       340         12          0          0          0        104   dmul.o
       156          4          0          0          0         92   dnaninf.o
        12          0          0          0          0         68   dretinf.o
         4          0          0          0          0         68   printf1.o
         4          0          0          0          0         68   printf2.o
         0          0          0          0          0          0   usenofp.o
        40          0          0          0          0         68   fpclassify.o

    ----------------------------------------------------------------------
      9694        442        552          0         96       5468   Library Totals
        20          0          1          0          0          0   (incl. Padding)

    ----------------------------------------------------------------------

      Code (inc. data)   RO Data    RW Data    ZI Data      Debug   Library Name

      7380        262        551          0         96       4236   c_w.l
      2254        180          0          0          0       1164   fz_ws.l
        40          0          0          0          0         68   m_ws.l

    ----------------------------------------------------------------------
      9694        442        552          0         96       5468   Library Totals

    ----------------------------------------------------------------------

==============================================================================


      Code (inc. data)   RO Data    RW Data    ZI Data      Debug   

     45972        610       7088        212      22804     224219   Grand Totals
     45972        610       7088        212      22804     224219   ELF Image Totals
     45972        610       7088        212          0          0   ROM Totals

==============================================================================

    Total RO  Size (Code + RO Data)                53060 (  51.82kB)
    Total RW  Size (RW Data + ZI Data)             23016 (  22.48kB)
    Total ROM Size (Code + RO Data + RW Data)      53272 (  52.02kB)

==============================================================================

