<html>
<body>
<pre>
<h1>µVision Build Log</h1>
<h2>Tool Versions:</h2>
IDE-Version: µVision V5.43.1.0
Copyright (C) 2025 ARM Ltd and ARM Germany GmbH. All rights reserved.
License Information: iut cachan iut cachan Flex license: MDK Professional 5.43 (Flex) (mdk_pro) Operation stops: 11 Apr 2027
 
Tool Versions:
Toolchain:       MDK Professional 5.43 (Flex)  Version: 5.43.0.0
Toolchain Path:  C:\Keil_v5\ARM\ARMCLANG\Bin
C Compiler:      ArmClang.exe V6.24
Assembler:       Armasm.exe V6.24
Linker/Locator:  ArmLink.exe V6.24
Library Manager: ArmAr.exe V6.24
Hex Converter:   FromElf.exe V6.24
CPU DLL:         SARMCM3.DLL V5.43.0.0
Dialog DLL:      DARMP1.DLL V1.28.1.0
Target DLL:      UL2CM3.DLL V1.164.16.0
Dialog DLL:      TARMP1.DLL V1.27.1.0
 
<h2>Project:</h2>
C:\Etudiants\Nouveau dossier\Projet_IT2R_S4_D1\sous_fonctions\pilotage_wireless\pilotageNunchuck.uvprojx
Project File Date:  03/30/2026

<h2>Output:</h2>
*** Using Compiler 'V6.24', folder: 'C:\Keil_v5\ARM\ARMCLANG\Bin'
Rebuild target 'Target_1'
Note: source file 'RTE/Device/LPC1768/startup_LPC17xx.s' - object file renamed from '.\Objects\startup_LPC17xx.o' to '.\Objects\startup_lpc17xx_1.o'.
Note: source file 'RTE/Device/LPC1768/startup_LPC17xx.s' - object file renamed from '.\Objects\startup_LPC17xx.o' to '.\Objects\startup_lpc17xx_1.o'.
Note: source file 'RTE/Device/LPC1768/system_LPC17xx.c' - object file renamed from '.\Objects\system_LPC17xx.o' to '.\Objects\system_lpc17xx_1.o'.
compiling GPIO_LPC17xx.c...
compiling GLCD_Fonts.c...
assembling startup_LPC17xx.s...
compiling system_LPC17xx.c...
compiling PIN_LPC17xx.c...
main.c(58): warning: passing 'unsigned char *' to parameter of type 'const char *' converts between pointers to integer types where one is of the unique plain 'char' type and the other is not [-Wpointer-sign]
   58 |                 GLCD_DrawString(1, 1, (unsigned char*)chaineX);   // Ligne Mag X
      |                                       ^~~~~~~~~~~~~~~~~~~~~~~
C:/Keil_v5/ARM/PACK/Keil/MDK-Middleware/7.17.0/Board\Board_GLCD.h(215): note: passing argument to parameter 'str' here
  215 | extern int32_t  GLCD_DrawString          (uint32_t x, uint32_t y, const char *str);
      |                                                                               ^
main.c(59): warning: passing 'unsigned char *' to parameter of type 'const char *' converts between pointers to integer types where one is of the unique plain 'char' type and the other is not [-Wpointer-sign]
   59 |                 GLCD_DrawString(1, 50, (unsigned char*)chaineY);   // Ligne Mag Y
      |                                        ^~~~~~~~~~~~~~~~~~~~~~~
C:/Keil_v5/ARM/PACK/Keil/MDK-Middleware/7.17.0/Board\Board_GLCD.h(215): note: passing argument to parameter 'str' here
  215 | extern int32_t  GLCD_DrawString          (uint32_t x, uint32_t y, const char *str);
      |                                                                               ^
main.c(60): warning: passing 'unsigned char *' to parameter of type 'const char *' converts between pointers to integer types where one is of the unique plain 'char' type and the other is not [-Wpointer-sign]
   60 |                 GLCD_DrawString(1, 150,(unsigned char*)chainex);   // Ligne Acc x
      |                                        ^~~~~~~~~~~~~~~~~~~~~~~
C:/Keil_v5/ARM/PACK/Keil/MDK-Middleware/7.17.0/Board\Board_GLCD.h(215): note: passing argument to parameter 'str' here
  215 | extern int32_t  GLCD_DrawString          (uint32_t x, uint32_t y, const char *str);
      |                                                                               ^
main.c(61): warning: passing 'unsigned char *' to parameter of type 'const char *' converts between pointers to integer types where one is of the unique plain 'char' type and the other is not [-Wpointer-sign]
   61 |                 GLCD_DrawString(1, 200, (unsigned char*)chainey);   // Ligne Acc y
      |                                         ^~~~~~~~~~~~~~~~~~~~~~~
C:/Keil_v5/ARM/PACK/Keil/MDK-Middleware/7.17.0/Board\Board_GLCD.h(215): note: passing argument to parameter 'str' here
  215 | extern int32_t  GLCD_DrawString          (uint32_t x, uint32_t y, const char *str);
      |                                                                               ^
4 warnings generated.
compiling main.c...
compiling UART_LPC17xx.c...
compiling GPDMA_LPC17xx.c...
compiling GLCD_MCB1700.c...
compiling I2C_LPC17xx.c...
compiling SSP_LPC17xx.c...
linking...
Program Size: Code=24384 RO-data=6576 RW-data=12 ZI-data=932  
".\Objects\pilotageNunchuck.axf" - 0 Error(s), 4 Warning(s).

<h2>Software Packages used:</h2>

Package Vendor: ARM
                https://www.keil.com/pack/ARM.CMSIS.6.3.0.pack
                ARM::CMSIS@6.3.0
                CMSIS (Common Microcontroller Software Interface Standard)
   * Component: CORE Version: 6.2.0
   * Component: I2C Version: 2.4.0
   * Component: SPI Version: 2.3.0
   * Component: USART Version: 2.4.0

Package Vendor: Keil
                https://www.keil.com/pack/Keil.LPC1700_DFP.3.0.0.pack
                Keil::LPC1700_DFP@3.0.0
                NXP LPC1700 Series Device Support, Drivers and Examples for MCB1700 and LPC1788-32
   * Component: Graphic LCD Version: 1.0.0
   * Component: I2C Version: 2.8.0
   * Component: SSP Version: 2.10.0
   * Component: USART Version: 2.13.0
   * Component: GPDMA Version: 1.4.0
   * Component: GPIO Version: 1.1.0
   * Component: PIN Version: 1.0.0
   * Component: Startup Version: 1.0.0

Package Vendor: Keil
                https://www.keil.com/pack/Keil.MDK-Middleware.7.17.0.pack
                Keil::MDK-Middleware@7.17.0
                Middleware for Keil MDK-Professional and MDK-Plus
   * Component: Graphic LCD Version: 1.0.0

<h2>Collection of Component include folders:</h2>
  ./RTE/Device/LPC1768
  ./RTE/_Target_1
  C:/Keil_v5/ARM/PACK/ARM/CMSIS/6.3.0/CMSIS/Core/Include
  C:/Keil_v5/ARM/PACK/ARM/CMSIS/6.3.0/CMSIS/Driver/Include
  C:/Keil_v5/ARM/PACK/Keil/LPC1700_DFP/3.0.0/Boards/Keil/MCB1700/Common
  C:/Keil_v5/ARM/PACK/Keil/LPC1700_DFP/3.0.0/Device/Include
  C:/Keil_v5/ARM/PACK/Keil/LPC1700_DFP/3.0.0/RTE_Driver
  C:/Keil_v5/ARM/PACK/Keil/MDK-Middleware/7.17.0/Board

<h2>Collection of Component Files used:</h2>

   * Component: ARM::CMSIS:CORE@6.2.0

   * Component: Board Support:Graphic LCD(API)@1.0.0
      Include file:  Board/Board_GLCD.h

   * Component: CMSIS Driver:I2C(API)@2.4.0
      Include file:  CMSIS/Driver/Include/Driver_I2C.h

   * Component: CMSIS Driver:SPI(API)@2.3.0
      Include file:  CMSIS/Driver/Include/Driver_SPI.h

   * Component: CMSIS Driver:USART(API)@2.4.0
      Include file:  CMSIS/Driver/Include/Driver_USART.h

   * Component: Keil::Board Support&MCB1700:Graphic LCD@1.0.0
      Source file:   Boards/Keil/MCB1700/Common/GLCD_MCB1700.c
      Include file:  Boards/Keil/MCB1700/Common/GLCD_Config.h
      Source file:   Boards/Keil/MCB1700/Common/GLCD_Fonts.c
      Include file:  Boards/Keil/MCB1700/Common/GLCD_Fonts.h

   * Component: Keil::CMSIS Driver:I2C@2.8.0
      Source file:   RTE_Driver/I2C_LPC17xx.c

   * Component: Keil::CMSIS Driver:SPI:SSP@2.10.0
      Source file:   RTE_Driver/SSP_LPC17xx.c

   * Component: Keil::CMSIS Driver:USART@2.13.0
      Source file:   RTE_Driver/UART_LPC17xx.c

   * Component: Keil::Device:GPDMA@1.4.0
      Include file:  RTE_Driver/GPDMA_LPC17xx.h
      Source file:   RTE_Driver/GPDMA_LPC17xx.c

   * Component: Keil::Device:GPIO@1.1.0
      Source file:   RTE_Driver/GPIO_LPC17xx.c
      Include file:  RTE_Driver/GPIO_LPC17xx.h

   * Component: Keil::Device:PIN@1.0.0
      Include file:  RTE_Driver/PIN_LPC17xx.h
      Source file:   RTE_Driver/PIN_LPC17xx.c

   * Component: Keil::Device:Startup@1.0.0
      Source file:   Device/Source/system_LPC17xx.c
      Include file:  Device/Include/LPC17xx.h
      Source file:   Device/Source/ARM/startup_LPC17xx.s
      Include file:  RTE_Driver/Config/RTE_Device.h
Build Time Elapsed:  00:00:00
</pre>
</body>
</html>
