<html>
<body>
<pre>
<h1>µVision Build Log</h1>
<h2>Tool Versions:</h2>
IDE-Version: µVision V5.43.1.0
Copyright (C) 2025 ARM Ltd and ARM Germany GmbH. All rights reserved.
License Information: iut cachan iut cachan Flex license: MDK Professional 5.43 (Flex) (mdk_pro) Operation stops: 11 Apr 2027
 
Tool Versions:
Toolchain:       MDK Professional 5.43 (Flex)  Version: 5.43.0.0
Toolchain Path:  C:\Keil_v5\ARM\ARMCLANG\Bin
C Compiler:      ArmClang.exe V6.24
Assembler:       Armasm.exe V6.24
Linker/Locator:  ArmLink.exe V6.24
Library Manager: ArmAr.exe V6.24
Hex Converter:   FromElf.exe V6.24
CPU DLL:         SARMCM3.DLL V5.43.0.0
Dialog DLL:      DCM.DLL V1.17.5.0
Target DLL:      STLink\ST-LINKIII-KEIL_SWO.dll V3.3.1.0
Dialog DLL:      TCM.DLL V1.56.6.0
 
<h2>Project:</h2>
C:\Etudiants\Git\Projet_IT2R_S4_D1\sous_fonctions\position_GPS\affichage_gps\affichage_gps.uvprojx
Project File Date:  03/27/2026

<h2>Output:</h2>
*** Using Compiler 'V6.24', folder: 'C:\Keil_v5\ARM\ARMCLANG\Bin'
Rebuild target 'Target_1'
compiling stm32f7xx_hal_can.c...
C:/Keil_v5/ARM/PACK/Keil/STM32F7xx_DFP/2.16.0/Drivers/BSP/STM32746G-Discovery/stm32746g_discovery_lcd.c(1279): warning: unused parameter 'hltdc' [-Wunused-parameter]
 1279 | __weak void BSP_LCD_MspInit(LTDC_HandleTypeDef *hltdc, void *Params)
      |                                                 ^
C:/Keil_v5/ARM/PACK/Keil/STM32F7xx_DFP/2.16.0/Drivers/BSP/STM32746G-Discovery/stm32746g_discovery_lcd.c(1279): warning: unused parameter 'Params' [-Wunused-parameter]
 1279 | __weak void BSP_LCD_MspInit(LTDC_HandleTypeDef *hltdc, void *Params)
      |                                                              ^
C:/Keil_v5/ARM/PACK/Keil/STM32F7xx_DFP/2.16.0/Drivers/BSP/STM32746G-Discovery/stm32746g_discovery_lcd.c(1351): warning: unused parameter 'Params' [-Wunused-parameter]
 1351 | __weak void BSP_LCD_MspDeInit(LTDC_HandleTypeDef *hltdc, void *Params)
      |                                                                ^
C:/Keil_v5/ARM/PACK/Keil/STM32F7xx_DFP/2.16.0/Drivers/BSP/STM32746G-Discovery/stm32746g_discovery_lcd.c(1400): warning: unused parameter 'hltdc' [-Wunused-parameter]
 1400 | __weak void BSP_LCD_ClockConfig(LTDC_HandleTypeDef *hltdc, void *Params)
      |                                                     ^
C:/Keil_v5/ARM/PACK/Keil/STM32F7xx_DFP/2.16.0/Drivers/BSP/STM32746G-Discovery/stm32746g_discovery_lcd.c(1400): warning: unused parameter 'Params' [-Wunused-parameter]
 1400 | __weak void BSP_LCD_ClockConfig(LTDC_HandleTypeDef *hltdc, void *Params)
      |                                                                  ^
5 warnings generated.
compiling stm32746g_discovery_lcd.c...
compiling GLCD_Fonts.c...
C:/Keil_v5/ARM/PACK/Keil/STM32F7xx_DFP/2.16.0/Drivers/BSP/STM32746G-Discovery/stm32746g_discovery_sdram.c(360): warning: unused parameter 'Params' [-Wunused-parameter]
  360 | __weak void BSP_SDRAM_MspInit(SDRAM_HandleTypeDef  *hsdram, void *Params)
      |                                                                   ^
C:/Keil_v5/ARM/PACK/Keil/STM32F7xx_DFP/2.16.0/Drivers/BSP/STM32746G-Discovery/stm32746g_discovery_sdram.c(451): warning: unused parameter 'hsdram' [-Wunused-parameter]
  451 | __weak void BSP_SDRAM_MspDeInit(SDRAM_HandleTypeDef  *hsdram, void *Params)
      |                                                       ^
C:/Keil_v5/ARM/PACK/Keil/STM32F7xx_DFP/2.16.0/Drivers/BSP/STM32746G-Discovery/stm32746g_discovery_sdram.c(451): warning: unused parameter 'Params' [-Wunused-parameter]
  451 | __weak void BSP_SDRAM_MspDeInit(SDRAM_HandleTypeDef  *hsdram, void *Params)
      |                                                                     ^
3 warnings generated.
compiling stm32746g_discovery_sdram.c...
compiling stm32f7xx_hal.c...
C:/Keil_v5/ARM/PACK/Keil/STM32F7xx_DFP/2.16.0/Drivers/STM32F7xx_HAL_Driver/Src/stm32f7xx_hal_pwr.c(386): warning: unused parameter 'Regulator' [-Wunused-parameter]
  386 | void HAL_PWR_EnterSLEEPMode(uint32_t Regulator, uint8_t SLEEPEntry)
      |                                      ^
1 warning generated.
compiling stm32f7xx_hal_pwr.c...
compiling stm32f7xx_hal_i2c_ex.c...
compiling main.c...
compiling stm32f7xx_hal_ltdc_ex.c...
compiling stm32f7xx_hal_cortex.c...
compiling GLCD_746G_Discovery.c...
compiling CAN_STM32F7xx.c...
C:/Keil_v5/ARM/PACK/Keil/STM32F7xx_DFP/2.16.0/Drivers/BSP/STM32746G-Discovery/stm32746g_discovery.c(643): warning: unused parameter 'Addr' [-Wunused-parameter]
  643 | static void I2Cx_Error(I2C_HandleTypeDef *i2c_handler, uint8_t Addr)
      |                                                                ^
1 warning generated.
compiling stm32746g_discovery.c...
compiling stm32f7xx_hal_gpio.c...
compiling stm32f7xx_hal_dma_ex.c...
compiling stm32f7xx_hal_pwr_ex.c...
compiling stm32f7xx_hal_dma2d.c...
compiling stm32f7xx_hal_ltdc.c...
compiling stm32f7xx_hal_dma.c...
compiling stm32f7xx_hal_rcc.c...
compiling stm32f7xx_hal_rcc_ex.c...
compiling stm32f7xx_hal_i2c.c...
assembling startup_stm32f746xx.s...
compiling system_stm32f7xx.c...
compiling stm32f7xx_ll_fmc.c...
compiling stm32f7xx_hal_sdram.c...
compiling stm32f7xx_hal_uart_ex.c...
compiling stm32f7xx_hal_uart.c...
linking...
Program Size: Code=6738 RO-data=506 RW-data=12 ZI-data=262780  
".\Objects\affichage_gps.axf" - 0 Error(s), 10 Warning(s).

<h2>Software Packages used:</h2>

Package Vendor: ARM
                https://www.keil.com/pack/ARM.CMSIS.6.3.0.pack
                ARM::CMSIS@6.3.0
                CMSIS (Common Microcontroller Software Interface Standard)
   * Component: CORE Version: 6.2.0
   * Component: CAN Version: 1.3.0

Package Vendor: Keil
                https://www.keil.com/pack/Keil.MDK-Middleware.7.17.0.pack
                Keil::MDK-Middleware@7.17.0
                Middleware for Keil MDK-Professional and MDK-Plus
   * Component: Graphic LCD Version: 1.0.0

Package Vendor: Keil
                https://www.keil.com/pack/Keil.STM32F7xx_DFP.2.16.0.pack
                Keil::STM32F7xx_DFP@2.16.0
                STMicroelectronics STM32F7 Series Device Support, Drivers and Examples
   * Component: STM32Cube Framework Version: 1.0.0
   * Component: Basic I/O Version: 1.1.1
   * Component: LCD Version: 1.1.1
   * Component: SDRAM Version: 1.1.1
   * Component: Graphic LCD Version: 1.1.1
   * Component: CAN Version: 1.15.0
   * Component: Classic Version: 1.3.0
   * Component: CAN Version: 1.3.0
   * Component: Common Version: 1.3.0
   * Component: Cortex Version: 1.3.0
   * Component: DMA2D Version: 1.3.0
   * Component: DMA Version: 1.3.0
   * Component: GPIO Version: 1.3.0
   * Component: I2C Version: 1.3.0
   * Component: LTDC Version: 1.3.0
   * Component: PWR Version: 1.3.0
   * Component: RCC Version: 1.3.0
   * Component: SDRAM Version: 1.3.0
   * Component: UART Version: 1.3.0
   * Component: Startup Version: 1.2.5

<h2>Collection of Component include folders:</h2>
  ./RTE/Device/STM32F746NGHx
  ./RTE/_Target_1
  C:/Keil_v5/ARM/PACK/ARM/CMSIS/6.3.0/CMSIS/Core/Include
  C:/Keil_v5/ARM/PACK/ARM/CMSIS/6.3.0/CMSIS/Driver/Include
  C:/Keil_v5/ARM/PACK/Keil/MDK-Middleware/7.17.0/Board
  C:/Keil_v5/ARM/PACK/Keil/STM32F7xx_DFP/2.16.0/Drivers/BSP/STM32746G-Discovery
  C:/Keil_v5/ARM/PACK/Keil/STM32F7xx_DFP/2.16.0/Drivers/CMSIS/Device/ST/STM32F7xx/Include
  C:/Keil_v5/ARM/PACK/Keil/STM32F7xx_DFP/2.16.0/Drivers/STM32F7xx_HAL_Driver/Inc
  C:/Keil_v5/ARM/PACK/Keil/STM32F7xx_DFP/2.16.0/MDK/Boards/ST/STM32F746G_Discovery/Common

<h2>Collection of Component Files used:</h2>

   * Component: ARM::CMSIS:CORE@6.2.0

   * Component: Board Support:Graphic LCD(API)@1.0.0
      Include file:  Board/Board_GLCD.h

   * Component: CMSIS Driver:CAN(API)@1.3.0
      Include file:  CMSIS/Driver/Include/Driver_CAN.h

   * Component: Device:STM32Cube Framework(API)@1.0.0

   * Component: Keil::Board Support&STM32F746G-Discovery:Drivers:Basic I/O@1.1.1
      Include file:  Drivers/BSP/STM32746G-Discovery/stm32746g_discovery.h
      Source file:   Drivers/BSP/STM32746G-Discovery/stm32746g_discovery.c

   * Component: Keil::Board Support&STM32F746G-Discovery:Drivers:LCD@1.1.1
      Include file:  Drivers/BSP/STM32746G-Discovery/stm32746g_discovery_lcd.h
      Source file:   Drivers/BSP/STM32746G-Discovery/stm32746g_discovery_lcd.c

   * Component: Keil::Board Support&STM32F746G-Discovery:Drivers:SDRAM@1.1.1
      Include file:  Drivers/BSP/STM32746G-Discovery/stm32746g_discovery_sdram.h
      Source file:   Drivers/BSP/STM32746G-Discovery/stm32746g_discovery_sdram.c

   * Component: Keil::Board Support&STM32F746G-Discovery:Graphic LCD@1.1.1
      Include file:  MDK/Boards/ST/STM32F746G_Discovery/Common/GLCD_Config.h
      Source file:   MDK/Boards/ST/STM32F746G_Discovery/Common/GLCD_746G_Discovery.c
      Source file:   MDK/Boards/ST/STM32F746G_Discovery/Common/GLCD_Fonts.c

   * Component: Keil::CMSIS Driver:CAN@1.15.0
      Source file:   CMSIS/Driver/CAN_STM32F7xx.c

   * Component: Keil::Device:STM32Cube Framework:Classic@1.3.0
      Source file:   MDK/Templates/Src/main.c
      Include file:  MDK/Templates_LL/Inc/main.h
      Source file:   MDK/Templates_LL/Src/main.c
      Include file:  CMSIS/Driver/Config/RTE_Device.h
      Include file:  MDK/Templates/Inc/stm32f7xx_hal_conf.h
      Source file:   MDK/Templates/Src/stm32f7xx_hal_msp.c
      Include file:  MDK/Templates/Inc/stm32f7xx_it.h
      Source file:   MDK/Templates/Src/stm32f7xx_it.c
      Include file:  MDK/Templates/Inc/main.h

   * Component: Keil::Device:STM32Cube HAL:CAN@1.3.0
      Source file:   Drivers/STM32F7xx_HAL_Driver/Src/stm32f7xx_hal_can.c

   * Component: Keil::Device:STM32Cube HAL:Common@1.3.0
      Include file:  Drivers/STM32F7xx_HAL_Driver/Inc/stm32f7xx_hal.h
      Source file:   Drivers/STM32F7xx_HAL_Driver/Src/stm32f7xx_hal.c

   * Component: Keil::Device:STM32Cube HAL:Cortex@1.3.0
      Source file:   Drivers/STM32F7xx_HAL_Driver/Src/stm32f7xx_hal_cortex.c

   * Component: Keil::Device:STM32Cube HAL:DMA2D@1.3.0
      Source file:   Drivers/STM32F7xx_HAL_Driver/Src/stm32f7xx_hal_dma2d.c

   * Component: Keil::Device:STM32Cube HAL:DMA@1.3.0
      Source file:   Drivers/STM32F7xx_HAL_Driver/Src/stm32f7xx_hal_dma.c
      Source file:   Drivers/STM32F7xx_HAL_Driver/Src/stm32f7xx_hal_dma_ex.c

   * Component: Keil::Device:STM32Cube HAL:GPIO@1.3.0
      Source file:   Drivers/STM32F7xx_HAL_Driver/Src/stm32f7xx_hal_gpio.c

   * Component: Keil::Device:STM32Cube HAL:I2C@1.3.0
      Source file:   Drivers/STM32F7xx_HAL_Driver/Src/stm32f7xx_hal_i2c_ex.c
      Source file:   Drivers/STM32F7xx_HAL_Driver/Src/stm32f7xx_hal_i2c.c

   * Component: Keil::Device:STM32Cube HAL:LTDC@1.3.0
      Source file:   Drivers/STM32F7xx_HAL_Driver/Src/stm32f7xx_hal_ltdc.c
      Source file:   Drivers/STM32F7xx_HAL_Driver/Src/stm32f7xx_hal_ltdc_ex.c

   * Component: Keil::Device:STM32Cube HAL:PWR@1.3.0
      Source file:   Drivers/STM32F7xx_HAL_Driver/Src/stm32f7xx_hal_pwr.c
      Source file:   Drivers/STM32F7xx_HAL_Driver/Src/stm32f7xx_hal_pwr_ex.c

   * Component: Keil::Device:STM32Cube HAL:RCC@1.3.0
      Source file:   Drivers/STM32F7xx_HAL_Driver/Src/stm32f7xx_hal_rcc.c
      Source file:   Drivers/STM32F7xx_HAL_Driver/Src/stm32f7xx_hal_rcc_ex.c

   * Component: Keil::Device:STM32Cube HAL:SDRAM@1.3.0
      Source file:   Drivers/STM32F7xx_HAL_Driver/Src/stm32f7xx_ll_fmc.c
      Source file:   Drivers/STM32F7xx_HAL_Driver/Src/stm32f7xx_hal_sdram.c

   * Component: Keil::Device:STM32Cube HAL:UART@1.3.0
      Source file:   Drivers/STM32F7xx_HAL_Driver/Src/stm32f7xx_hal_uart.c
      Source file:   Drivers/STM32F7xx_HAL_Driver/Src/stm32f7xx_hal_uart_ex.c

   * Component: Keil::Device:Startup@1.2.5
      Source file:   MDK/Device/Source/ARM/STM32F74x_75x_OPT.s
      Source file:   MDK/Device/Source/ARM/STM32F74x_75x_OTP.s
      Source file:   Drivers/CMSIS/Device/ST/STM32F7xx/Source/Templates/arm/startup_stm32f746xx.s
      Include file:  Drivers/CMSIS/Device/ST/STM32F7xx/Include/stm32f7xx.h
      Source file:   Drivers/CMSIS/Device/ST/STM32F7xx/Source/Templates/system_stm32f7xx.c
Build Time Elapsed:  00:00:01
</pre>
</body>
</html>
