<html>
<body>
<pre>
<h1>µVision Build Log</h1>
<h2>Tool Versions:</h2>
IDE-Version: µVision V5.43.1.0
Copyright (C) 2025 ARM Ltd and ARM Germany GmbH. All rights reserved.
License Information: iut cachan iut cachan Flex license: MDK Professional 5.43 (Flex) (mdk_pro) Operation stops: 11 Apr 2027
 
Tool Versions:
Toolchain:       MDK Professional 5.43 (Flex)  Version: 5.43.0.0
Toolchain Path:  C:\Keil_v5\ARM\ARMCLANG\Bin
C Compiler:      ArmClang.exe V6.24
Assembler:       Armasm.exe V6.24
Linker/Locator:  ArmLink.exe V6.24
Library Manager: ArmAr.exe V6.24
Hex Converter:   FromElf.exe V6.24
CPU DLL:         SARMCM3.DLL V5.43.0.0
Dialog DLL:      DCM.DLL V1.17.5.0
Target DLL:      STLink\ST-LINKIII-KEIL_SWO.dll V3.3.1.0
Dialog DLL:      TCM.DLL V1.56.6.0
 
<h2>Project:</h2>
C:\Etudiants\git\Projet_IT2R_S4_D1\sous_fonctions\IHM_supervision_CAN\TP_AppWizard_emWin\TP_AppWizard_emWin.uvprojx
Project File Date:  03/31/2026

<h2>Output:</h2>
*** Using Compiler 'V6.24', folder: 'C:\Keil_v5\ARM\ARMCLANG\Bin'
Build target 'Target_1'
Before Build - User command #1: C:\Etudiants\git\Projet_IT2R_S4_D1\sous_fonctions\IHM_supervision_CAN\TP_AppWizard_emWin\AppWizzard\generate_gui_all.bat
Using Keil project: C:\Etudiants\git\Projet_IT2R_S4_D1\sous_fonctions\IHM_supervision_CAN\TP_AppWizard_emWin\TP_AppWizard_emWin.uvprojx
C:\Etudiants\git\Projet_IT2R_S4_D1\sous_fonctions\IHM_supervision_CAN\TP_AppWizard_emWin\AppWizzard\Config\gui_config.h already exists
No changes to project, .uvprojx not modified.
GUI_All.c generated successfully.
compiling viseur_nunchuk.c...
linking...
Program Size: Code=211876 RO-data=480328 RW-data=8524 ZI-data=4248700  
".\Objects\TP_AppWizard_emWin.axf" - 0 Error(s), 0 Warning(s).

<h2>Software Packages used:</h2>

Package Vendor: ARM
                https://www.keil.com/pack/ARM.CMSIS.6.3.0.pack
                ARM::CMSIS@6.3.0
                CMSIS (Common Microcontroller Software Interface Standard)
   * Component: CORE Version: 6.2.0
   * Component: SysTick Version: 1.0.5
   * Component: OS Tick Version: 1.0.1
   * Component: RTOS2 Version: 2.3.0

Package Vendor: ARM
                https://www.keil.com/pack/ARM.CMSIS-RTX.5.9.0.pack
                ARM::CMSIS-RTX@5.9.0
                RTX RTOS implementation of CMSIS-RTOS2 API
   * Component: Keil RTX5 Variant: Source Version: 5.9.0

Package Vendor: Keil
                https://www.keil.com/pack/Keil.MDK-Middleware.7.17.0.pack
                Keil::MDK-Middleware@7.17.0
                Middleware for Keil MDK-Professional and MDK-Plus
   * Component: Touchscreen Version: 1.0.1

Package Vendor: Keil
                https://www.keil.com/pack/Keil.MDK-Middleware_Graphics.1.3.1.pack
                Keil::MDK-Middleware_Graphics@1.3.1
                Middleware Graphics for Keil MDK-Professional and MDK-Plus
   * Component: emWin LCD Version: 1.1.0
   * Component: CORE Version: 6.32.3
   * Component: Touchscreen Version: 6.32.3

Package Vendor: Keil
                https://www.keil.com/pack/Keil.STM32F7xx_DFP.2.16.0.pack
                Keil::STM32F7xx_DFP@2.16.0
                STMicroelectronics STM32F7 Series Device Support, Drivers and Examples
   * Component: STM32Cube Framework Version: 1.0.0
   * Component: Basic I/O Version: 1.1.1
   * Component: SDRAM Version: 1.1.1
   * Component: Touch Screen Version: 1.1.1
   * Component: Touchscreen Version: 1.1.1
   * Component: emWin LCD Variant: RGB IF Version: 1.1.1
   * Component: Classic Version: 1.3.0
   * Component: Common Version: 1.3.0
   * Component: Cortex Version: 1.3.0
   * Component: DMA2D Version: 1.3.0
   * Component: DMA Version: 1.3.0
   * Component: GPIO Version: 1.3.0
   * Component: I2C Version: 1.3.0
   * Component: LTDC Version: 1.3.0
   * Component: PWR Version: 1.3.0
   * Component: RCC Version: 1.3.0
   * Component: SDRAM Version: 1.3.0
   * Component: UART Version: 1.3.0
   * Component: Startup Version: 1.2.5
   * Component: STM32F746G-Discovery Variant: RGB IF Version: 1.0.2

<h2>Collection of Component include folders:</h2>
  ./RTE/CMSIS
  ./RTE/Device/STM32F746NGHx
  ./RTE/_Target_1
  C:/Keil_v5/ARM/PACK/ARM/CMSIS-RTX/5.9.0/Include
  C:/Keil_v5/ARM/PACK/ARM/CMSIS/6.3.0/CMSIS/Core/Include
  C:/Keil_v5/ARM/PACK/ARM/CMSIS/6.3.0/CMSIS/RTOS2/Include
  C:/Keil_v5/ARM/PACK/Keil/MDK-Middleware/7.17.0/Board
  C:/Keil_v5/ARM/PACK/Keil/MDK-Middleware_Graphics/1.3.1/emWin/Include
  C:/Keil_v5/ARM/PACK/Keil/STM32F7xx_DFP/2.16.0/Drivers/BSP/STM32746G-Discovery
  C:/Keil_v5/ARM/PACK/Keil/STM32F7xx_DFP/2.16.0/Drivers/CMSIS/Device/ST/STM32F7xx/Include
  C:/Keil_v5/ARM/PACK/Keil/STM32F7xx_DFP/2.16.0/Drivers/STM32F7xx_HAL_Driver/Inc

<h2>Collection of Component Files used:</h2>

   * Component: ARM::CMSIS:CORE@6.2.0

   * Component: ARM::CMSIS:OS Tick:SysTick@1.0.5
      Source file:   CMSIS/RTOS2/Source/os_systick.c

   * Component: ARM::CMSIS:RTOS2:Keil RTX5&Source@5.9.0
      Source file:   Template/main.c
      Source file:   Template/Events.c
      Source file:   Config/RTX_Config.c
      Source file:   Template/MemPool.c
      Include file:  Include/rtx_os.h
      Include file:  Config/RTX_Config.h
      Source file:   Source/rtx_lib.c
      Source file:   Source/rtx_msgqueue.c
      Source file:   Source/rtx_mutex.c
      Source file:   Source/rtx_system.c
      Source file:   Source/rtx_thread.c
      Source file:   Source/GCC/irq_armv7m.S
      Source file:   Source/rtx_timer.c
      Source file:   Template/Mutex.c
      Source file:   Template/Timer.c
      Source file:   Source/rtx_evr.c
      Source file:   Template/Thread.c
      Source file:   Template/svc_user.c
      Source file:   Source/rtx_semaphore.c
      Source file:   Template/Semaphore.c
      Source file:   Source/rtx_evflags.c
      Source file:   Source/rtx_memory.c
      Source file:   Template/MsgQueue.c
      Source file:   Source/rtx_kernel.c
      Source file:   Source/rtx_delay.c
      Source file:   Source/rtx_mempool.c

   * Component: Board Support:Touchscreen(API)@1.0.1
      Include file:  Board/Board_Touch.h

   * Component: Board Support:emWin LCD(API)@1.1.0
      Include file:  emWin/Include/LCD_X.h

   * Component: CMSIS:OS Tick(API)@1.0.1
      Include file:  CMSIS/RTOS2/Include/os_tick.h

   * Component: CMSIS:RTOS2(API)@2.3.0
      Include file:  CMSIS/RTOS2/Include/cmsis_os2.h

   * Component: Device:STM32Cube Framework(API)@1.0.0

   * Component: Keil::Board Support&STM32F746G-Discovery:Drivers:Basic I/O@1.1.1
      Include file:  Drivers/BSP/STM32746G-Discovery/stm32746g_discovery.h
      Source file:   Drivers/BSP/STM32746G-Discovery/stm32746g_discovery.c

   * Component: Keil::Board Support&STM32F746G-Discovery:Drivers:SDRAM@1.1.1
      Include file:  Drivers/BSP/STM32746G-Discovery/stm32746g_discovery_sdram.h
      Source file:   Drivers/BSP/STM32746G-Discovery/stm32746g_discovery_sdram.c

   * Component: Keil::Board Support&STM32F746G-Discovery:Drivers:Touch Screen@1.1.1
      Source file:   Drivers/BSP/Components/ft5336/ft5336.c
      Source file:   Drivers/BSP/STM32746G-Discovery/stm32746g_discovery_ts.c
      Include file:  Drivers/BSP/STM32746G-Discovery/stm32746g_discovery_ts.h

   * Component: Keil::Board Support&STM32F746G-Discovery:Touchscreen@1.1.1
      Source file:   MDK/Boards/ST/STM32F746G_Discovery/Common/Touch_746G_Discovery.c

   * Component: Keil::Board Support&STM32F746G-Discovery:emWin LCD&RGB IF@1.1.1
      Source file:   MDK/Boards/ST/STM32F746G_Discovery/Common/LCD_X.c

   * Component: Keil::Device:STM32Cube Framework:Classic@1.3.0
      Include file:  CMSIS/Driver/Config/RTE_Device.h
      Source file:   MDK/Templates/Src/stm32f7xx_hal_msp.c
      Include file:  MDK/Templates/Inc/stm32f7xx_it.h
      Include file:  MDK/Templates/Inc/main.h
      Source file:   MDK/Templates/Src/main.c
      Include file:  MDK/Templates/Inc/stm32f7xx_hal_conf.h
      Include file:  MDK/Templates_LL/Inc/main.h
      Source file:   MDK/Templates/Src/stm32f7xx_it.c
      Source file:   MDK/Templates_LL/Src/main.c

   * Component: Keil::Device:STM32Cube HAL:Common@1.3.0
      Include file:  Drivers/STM32F7xx_HAL_Driver/Inc/stm32f7xx_hal.h
      Source file:   Drivers/STM32F7xx_HAL_Driver/Src/stm32f7xx_hal.c

   * Component: Keil::Device:STM32Cube HAL:Cortex@1.3.0
      Source file:   Drivers/STM32F7xx_HAL_Driver/Src/stm32f7xx_hal_cortex.c

   * Component: Keil::Device:STM32Cube HAL:DMA2D@1.3.0
      Source file:   Drivers/STM32F7xx_HAL_Driver/Src/stm32f7xx_hal_dma2d.c

   * Component: Keil::Device:STM32Cube HAL:DMA@1.3.0
      Source file:   Drivers/STM32F7xx_HAL_Driver/Src/stm32f7xx_hal_dma_ex.c
      Source file:   Drivers/STM32F7xx_HAL_Driver/Src/stm32f7xx_hal_dma.c

   * Component: Keil::Device:STM32Cube HAL:GPIO@1.3.0
      Source file:   Drivers/STM32F7xx_HAL_Driver/Src/stm32f7xx_hal_gpio.c

   * Component: Keil::Device:STM32Cube HAL:I2C@1.3.0
      Source file:   Drivers/STM32F7xx_HAL_Driver/Src/stm32f7xx_hal_i2c.c
      Source file:   Drivers/STM32F7xx_HAL_Driver/Src/stm32f7xx_hal_i2c_ex.c

   * Component: Keil::Device:STM32Cube HAL:LTDC@1.3.0
      Source file:   Drivers/STM32F7xx_HAL_Driver/Src/stm32f7xx_hal_ltdc.c
      Source file:   Drivers/STM32F7xx_HAL_Driver/Src/stm32f7xx_hal_ltdc_ex.c

   * Component: Keil::Device:STM32Cube HAL:PWR@1.3.0
      Source file:   Drivers/STM32F7xx_HAL_Driver/Src/stm32f7xx_hal_pwr.c
      Source file:   Drivers/STM32F7xx_HAL_Driver/Src/stm32f7xx_hal_pwr_ex.c

   * Component: Keil::Device:STM32Cube HAL:RCC@1.3.0
      Source file:   Drivers/STM32F7xx_HAL_Driver/Src/stm32f7xx_hal_rcc.c
      Source file:   Drivers/STM32F7xx_HAL_Driver/Src/stm32f7xx_hal_rcc_ex.c

   * Component: Keil::Device:STM32Cube HAL:SDRAM@1.3.0
      Source file:   Drivers/STM32F7xx_HAL_Driver/Src/stm32f7xx_ll_fmc.c
      Source file:   Drivers/STM32F7xx_HAL_Driver/Src/stm32f7xx_hal_sdram.c

   * Component: Keil::Device:STM32Cube HAL:UART@1.3.0
      Source file:   Drivers/STM32F7xx_HAL_Driver/Src/stm32f7xx_hal_uart.c
      Source file:   Drivers/STM32F7xx_HAL_Driver/Src/stm32f7xx_hal_uart_ex.c

   * Component: Keil::Device:Startup@1.2.5
      Source file:   MDK/Device/Source/ARM/STM32F74x_75x_OTP.s
      Source file:   MDK/Device/Source/ARM/STM32F74x_75x_OPT.s
      Source file:   Drivers/CMSIS/Device/ST/STM32F7xx/Source/Templates/arm/startup_stm32f746xx.s
      Include file:  Drivers/CMSIS/Device/ST/STM32F7xx/Include/stm32f7xx.h
      Source file:   Drivers/CMSIS/Device/ST/STM32F7xx/Source/Templates/system_stm32f7xx.c

   * Component: Keil::Graphics Display:STM32F746G-Discovery&RGB IF@1.0.2
      Source file:   MDK/Boards/ST/STM32F746G_Discovery/Common/LCDConf.c

   * Component: Segger::Graphics&MDK-Pro:CORE@6.32.3
      Source file:   emWin/Sample/Template/RTOS2/GUI_MultiThread.c
      Include file:  emWin/Include/GUI.h
      Source file:   emWin/Sample/Config/GUIConf.c
      Source file:   emWin/Sample/Template/RTOS2/GUI_SingleThread.c
      Source file:   emWin/Sample/Template/RTOS2/GUI_TemplateThread.c
      Source file:   emWin/Sample/GUI_X/GUI_X_RTE.c
      Library file:  emWin/Lib/ARM/GUI_CM4F_L.lib

   * Component: Segger::Graphics&MDK-Pro:Input Device:Touchscreen@6.32.3
      Source file:   emWin/Sample/GUI_X/GUI_X_Touch.c
Build Time Elapsed:  00:00:00
</pre>
</body>
</html>
