<html>
<body>
<pre>
<h1>µVision Build Log</h1>
<h2>Tool Versions:</h2>
IDE-Version: µVision V5.17.0.0
Copyright (C) 2015 ARM Ltd and ARM Germany GmbH. All rights reserved.
License Information: iut cachan iut cachan Flex license: MDK-ARM Professional: 25 user(s) (mdk_pro) Operation stops: 11 Apr 2027
 
Tool Versions:
Toolchain:       MDK-ARM Professional: 25 user(s)  Version: 5.17
Toolchain Path:  C:\Keil_v5\ARM\ARMCC\Bin
C Compiler:      Armcc.exe V5.06 update 1 (build 61)
Assembler:       Armasm.exe V5.06 update 1 (build 61)
Linker/Locator:  ArmLink.exe V5.06 update 1 (build 61)
Library Manager: ArmAr.exe V5.06 update 1 (build 61)
Hex Converter:   FromElf.exe V5.06 update 1 (build 61)
CPU DLL:         SARMCM3.DLL V5.17
Dialog DLL:      DARMP1.DLL V1.25.0.0
Target DLL:      UL2CM3.DLL V1.156.1.0
Dialog DLL:      TARMP1.DLL V1.24.0.0
 
<h2>Project:</h2>
C:\Etudiants\baptiste\Projet_IT2R_S4_D1\sous_fonctions\control_moteur\control_moteur.uvprojx
Project File Date:  02/17/2026

<h2>Output:</h2>
*** Using Compiler 'V5.06 update 1 (build 61)', folder: 'C:\Keil_v5\ARM\ARMCC\Bin'
Rebuild target 'Target_1'
assembling startup_LPC17xx.s...
compiling system_LPC17xx.c...
compiling main.c...
linking...
Program Size: Code=748 RO-data=340 RW-data=0 ZI-data=608  
".\Objects\control_moteur.axf" - 0 Error(s), 0 Warning(s).

<h2>Software Packages used:</h2>

Package Vendor: ARM
                http://www.keil.com/pack/ARM.CMSIS.5.6.0.pack
                ARM::CMSIS:CORE:5.3.0
                CMSIS (Cortex Microcontroller Software Interface Standard)
   * Component: CORE Version: 5.3.0

Package Vendor: Keil
                https://www.keil.com/pack/Keil.LPC1700_DFP.3.0.0.pack
                Keil::Device:Startup:1.0.0
                NXP LPC1700 Series Device Support, Drivers and Examples for MCB1700 and LPC1788-32
   * Component: Startup Version: 1.0.0

<h2>Collection of Component include folders:</h2>
  C:\Etudiants\baptiste\Projet_IT2R_S4_D1\sous_fonctions\control_moteur\RTE
  C:\Etudiants\baptiste\Projet_IT2R_S4_D1\sous_fonctions\control_moteur\RTE\Device\LPC1768
  C:\Keil_v5\ARM\PACK\ARM\CMSIS\5.6.0\CMSIS\Core\Include
  C:\Keil_v5\ARM\PACK\Keil\LPC1700_DFP\3.0.0\Device\Include

<h2>Collection of Component Files used:</h2>

   * Component: ARM::CMSIS:CORE:5.3.0

   * Component: Keil::Device:Startup:1.0.0
      Include file:  Device\Include\LPC17xx.h
      Source file:   Device\Source\ARM\startup_LPC17xx.s
      Include file:  RTE_Driver\Config\RTE_Device.h
      Source file:   Device\Source\system_LPC17xx.c
Build Time Elapsed:  00:00:21
</pre>
</body>
</html>
