Component: Arm Compiler for Embedded 6.24 Tool: armlink [5f371500]

==============================================================================

Section Cross References

    main.o(.text.main) refers to main.o(.text.Init_UART_Lidar) for Init_UART_Lidar
    main.o(.text.main) refers to main.o(.text.Init_LED) for Init_LED
    main.o(.text.main) refers to main.o(.text.Init_Moteur_Lidar) for Init_Moteur_Lidar
    main.o(.text.main) refers to main.o(.text.SCAN) for SCAN
    main.o(.ARM.exidx.text.main) refers to main.o(.text.main) for [Anonymous Symbol]
    main.o(.text.Init_UART_Lidar) refers to uart_lpc17xx.o(.rodata.Driver_USART0) for Driver_USART0
    main.o(.ARM.exidx.text.Init_UART_Lidar) refers to main.o(.text.Init_UART_Lidar) for [Anonymous Symbol]
    main.o(.ARM.exidx.text.Init_LED) refers to main.o(.text.Init_LED) for [Anonymous Symbol]
    main.o(.ARM.exidx.text.Init_Moteur_Lidar) refers to main.o(.text.Init_Moteur_Lidar) for [Anonymous Symbol]
    main.o(.text.SCAN) refers to main.o(.text.Allumer_Moteur_Lidar) for Allumer_Moteur_Lidar
    main.o(.text.SCAN) refers to uart_lpc17xx.o(.rodata.Driver_USART0) for Driver_USART0
    main.o(.text.SCAN) refers to dflt_clz.o(x$fpl$dflt) for __aeabi_i2d
    main.o(.text.SCAN) refers to dmul.o(x$fpl$dmul) for __aeabi_dmul
    main.o(.text.SCAN) refers to d2f.o(x$fpl$d2f) for __aeabi_d2f
    main.o(.text.SCAN) refers to main.o(.text.Analyse_environnement_4_secteurs) for Analyse_environnement_4_secteurs
    main.o(.ARM.exidx.text.SCAN) refers to main.o(.text.SCAN) for [Anonymous Symbol]
    main.o(.ARM.exidx.text.Allumer_Moteur_Lidar) refers to main.o(.text.Allumer_Moteur_Lidar) for [Anonymous Symbol]
    main.o(.text.Analyse_environnement_4_secteurs) refers to main.o(.bss.detect_obst_0_90) for detect_obst_0_90
    main.o(.text.Analyse_environnement_4_secteurs) refers to main.o(.text.Allumer_LED) for Allumer_LED
    main.o(.text.Analyse_environnement_4_secteurs) refers to main.o(.text.Eteindre_LED) for Eteindre_LED
    main.o(.text.Analyse_environnement_4_secteurs) refers to main.o(.bss.detect_obst_90_180) for detect_obst_90_180
    main.o(.text.Analyse_environnement_4_secteurs) refers to main.o(.bss.detect_obst_180_270) for detect_obst_180_270
    main.o(.text.Analyse_environnement_4_secteurs) refers to main.o(.bss.detect_obst_270_360) for detect_obst_270_360
    main.o(.text.Analyse_environnement_4_secteurs) refers to f2d.o(x$fpl$f2d) for __aeabi_f2d
    main.o(.text.Analyse_environnement_4_secteurs) refers to dcmp.o(x$fpl$fcmp) for __aeabi_dcmple
    main.o(.ARM.exidx.text.Analyse_environnement_4_secteurs) refers to main.o(.text.Analyse_environnement_4_secteurs) for [Anonymous Symbol]
    main.o(.ARM.exidx.text.Allumer_LED) refers to main.o(.text.Allumer_LED) for [Anonymous Symbol]
    main.o(.ARM.exidx.text.Eteindre_LED) refers to main.o(.text.Eteindre_LED) for [Anonymous Symbol]
    main.o(.text.Analyse_environnement_8_secteurs) refers to main.o(.bss.detect_obst_0_45) for detect_obst_0_45
    main.o(.text.Analyse_environnement_8_secteurs) refers to main.o(.text.Allumer_LED) for Allumer_LED
    main.o(.text.Analyse_environnement_8_secteurs) refers to main.o(.text.Eteindre_LED) for Eteindre_LED
    main.o(.text.Analyse_environnement_8_secteurs) refers to main.o(.bss.detect_obst_45_90) for detect_obst_45_90
    main.o(.text.Analyse_environnement_8_secteurs) refers to main.o(.bss.detect_obst_90_135) for detect_obst_90_135
    main.o(.text.Analyse_environnement_8_secteurs) refers to main.o(.bss.detect_obst_135_180) for detect_obst_135_180
    main.o(.text.Analyse_environnement_8_secteurs) refers to main.o(.bss.detect_obst_180_225) for detect_obst_180_225
    main.o(.text.Analyse_environnement_8_secteurs) refers to main.o(.bss.detect_obst_225_270) for detect_obst_225_270
    main.o(.text.Analyse_environnement_8_secteurs) refers to main.o(.bss.detect_obst_270_315) for detect_obst_270_315
    main.o(.text.Analyse_environnement_8_secteurs) refers to main.o(.bss.detect_obst_315_360) for detect_obst_315_360
    main.o(.text.Analyse_environnement_8_secteurs) refers to f2d.o(x$fpl$f2d) for __aeabi_f2d
    main.o(.text.Analyse_environnement_8_secteurs) refers to dcmp.o(x$fpl$fcmp) for __aeabi_dcmple
    main.o(.text.Analyse_environnement_8_secteurs) refers to fcmp.o(x$fpl$fcmp) for __aeabi_fcmple
    main.o(.ARM.exidx.text.Analyse_environnement_8_secteurs) refers to main.o(.text.Analyse_environnement_8_secteurs) for [Anonymous Symbol]
    main.o(.text.Init_Bluetooth) refers to uart_lpc17xx.o(.rodata.Driver_USART1) for Driver_USART1
    main.o(.ARM.exidx.text.Init_Bluetooth) refers to main.o(.text.Init_Bluetooth) for [Anonymous Symbol]
    main.o(.text.Bluetooth_C_Pyt) refers to uart_lpc17xx.o(.rodata.Driver_USART1) for Driver_USART1
    main.o(.ARM.exidx.text.Bluetooth_C_Pyt) refers to main.o(.text.Bluetooth_C_Pyt) for [Anonymous Symbol]
    glcd_fonts.o(.rodata.GLCD_Font_6x8) refers to glcd_fonts.o(.rodata.Font_6x8_h) for [Anonymous Symbol]
[...]
    Removing ssp_lpc17xx.o(.text.__NVIC_ClearPendingIRQ), (48 bytes).
    Removing ssp_lpc17xx.o(.ARM.exidx.text.__NVIC_ClearPendingIRQ), (8 bytes).
    Removing ssp_lpc17xx.o(.text.__NVIC_EnableIRQ), (48 bytes).
    Removing ssp_lpc17xx.o(.ARM.exidx.text.__NVIC_EnableIRQ), (8 bytes).
    Removing ssp_lpc17xx.o(.text.SSPx_Send), (420 bytes).
    Removing ssp_lpc17xx.o(.ARM.exidx.text.SSPx_Send), (8 bytes).
    Removing ssp_lpc17xx.o(.text.SSPx_Receive), (436 bytes).
    Removing ssp_lpc17xx.o(.ARM.exidx.text.SSPx_Receive), (8 bytes).
    Removing ssp_lpc17xx.o(.text.SSPx_Transfer), (420 bytes).
    Removing ssp_lpc17xx.o(.ARM.exidx.text.SSPx_Transfer), (8 bytes).
    Removing ssp_lpc17xx.o(.text.SSPx_GetDataCount), (72 bytes).
    Removing ssp_lpc17xx.o(.ARM.exidx.text.SSPx_GetDataCount), (8 bytes).
    Removing ssp_lpc17xx.o(.text.SSPx_Control), (1602 bytes).
    Removing ssp_lpc17xx.o(.ARM.exidx.text.SSPx_Control), (8 bytes).
    Removing ssp_lpc17xx.o(.text.GetSSPClockFreq), (90 bytes).
    Removing ssp_lpc17xx.o(.ARM.exidx.text.GetSSPClockFreq), (8 bytes).
    Removing ssp_lpc17xx.o(.text.SSPx_GetStatus), (68 bytes).
    Removing ssp_lpc17xx.o(.ARM.exidx.text.SSPx_GetStatus), (8 bytes).
    Removing ssp_lpc17xx.o(.rodata.Driver_SPI1), (44 bytes).
    Removing ssp_lpc17xx.o(.rodata.DriverVersion), (4 bytes).
    Removing ssp_lpc17xx.o(.rodata.DriverCapabilities), (4 bytes).
    Removing ssp_lpc17xx.o(.bss.SSPx_Send.dummy_data), (4 bytes).
    Removing ssp_lpc17xx.o(.bss.SSPx_Receive.dummy_data), (4 bytes).
    Removing uart_lpc17xx.o(.text), (0 bytes).
    Removing uart_lpc17xx.o(.ARM.exidx.text.USART_SetBaudrate), (8 bytes).
    Removing uart_lpc17xx.o(.ARM.exidx.text.GetUsartClockFreq), (8 bytes).
    Removing uart_lpc17xx.o(.ARM.exidx.text.UART0_IRQHandler), (8 bytes).
    Removing uart_lpc17xx.o(.ARM.exidx.text.USART_IRQHandler), (8 bytes).
    Removing uart_lpc17xx.o(.ARM.exidx.text.USART0_GPDMA_Tx_Event), (8 bytes).
    Removing uart_lpc17xx.o(.ARM.exidx.text.USART_GPDMA_Tx_Event), (8 bytes).
    Removing uart_lpc17xx.o(.ARM.exidx.text.USART0_GPDMA_Rx_Event), (8 bytes).
    Removing uart_lpc17xx.o(.ARM.exidx.text.USART_GPDMA_Rx_Event), (8 bytes).
    Removing uart_lpc17xx.o(.ARM.exidx.text.USARTx_GetVersion), (8 bytes).
    Removing uart_lpc17xx.o(.ARM.exidx.text.USART0_GetCapabilities), (8 bytes).
    Removing uart_lpc17xx.o(.ARM.exidx.text.USART0_Initialize), (8 bytes).
    Removing uart_lpc17xx.o(.ARM.exidx.text.USART0_Uninitialize), (8 bytes).
    Removing uart_lpc17xx.o(.ARM.exidx.text.USART0_PowerControl), (8 bytes).
    Removing uart_lpc17xx.o(.ARM.exidx.text.USART0_Send), (8 bytes).
    Removing uart_lpc17xx.o(.ARM.exidx.text.USART0_Receive), (8 bytes).
    Removing uart_lpc17xx.o(.ARM.exidx.text.USART0_Transfer), (8 bytes).
    Removing uart_lpc17xx.o(.ARM.exidx.text.USART0_GetTxCount), (8 bytes).
    Removing uart_lpc17xx.o(.ARM.exidx.text.USART0_GetRxCount), (8 bytes).
    Removing uart_lpc17xx.o(.ARM.exidx.text.USART0_Control), (8 bytes).
    Removing uart_lpc17xx.o(.ARM.exidx.text.USART0_GetStatus), (8 bytes).
    Removing uart_lpc17xx.o(.ARM.exidx.text.USART0_SetModemControl), (8 bytes).
    Removing uart_lpc17xx.o(.ARM.exidx.text.USART0_GetModemStatus), (8 bytes).
    Removing uart_lpc17xx.o(.ARM.exidx.text.UART1_IRQHandler), (8 bytes).
    Removing uart_lpc17xx.o(.ARM.exidx.text.USART1_GPDMA_Tx_Event), (8 bytes).
    Removing uart_lpc17xx.o(.ARM.exidx.text.USART1_GPDMA_Rx_Event), (8 bytes).
    Removing uart_lpc17xx.o(.text.USART1_GetCapabilities), (24 bytes).
    Removing uart_lpc17xx.o(.ARM.exidx.text.USART1_GetCapabilities), (8 bytes).
    Removing uart_lpc17xx.o(.text.USART1_Initialize), (24 bytes).
    Removing uart_lpc17xx.o(.ARM.exidx.text.USART1_Initialize), (8 bytes).
    Removing uart_lpc17xx.o(.text.USART1_Uninitialize), (16 bytes).
    Removing uart_lpc17xx.o(.ARM.exidx.text.USART1_Uninitialize), (8 bytes).
    Removing uart_lpc17xx.o(.text.USART1_PowerControl), (28 bytes).
    Removing uart_lpc17xx.o(.ARM.exidx.text.USART1_PowerControl), (8 bytes).
    Removing uart_lpc17xx.o(.text.USART1_Send), (28 bytes).
    Removing uart_lpc17xx.o(.ARM.exidx.text.USART1_Send), (8 bytes).
    Removing uart_lpc17xx.o(.text.USART1_Receive), (28 bytes).
    Removing uart_lpc17xx.o(.ARM.exidx.text.USART1_Receive), (8 bytes).
    Removing uart_lpc17xx.o(.text.USART1_Transfer), (32 bytes).
    Removing uart_lpc17xx.o(.ARM.exidx.text.USART1_Transfer), (8 bytes).
    Removing uart_lpc17xx.o(.text.USART1_GetTxCount), (16 bytes).
    Removing uart_lpc17xx.o(.ARM.exidx.text.USART1_GetTxCount), (8 bytes).
    Removing uart_lpc17xx.o(.text.USART1_GetRxCount), (16 bytes).
    Removing uart_lpc17xx.o(.ARM.exidx.text.USART1_GetRxCount), (8 bytes).
    Removing uart_lpc17xx.o(.text.USART1_Control), (28 bytes).
    Removing uart_lpc17xx.o(.ARM.exidx.text.USART1_Control), (8 bytes).
    Removing uart_lpc17xx.o(.text.USART1_GetStatus), (24 bytes).
    Removing uart_lpc17xx.o(.ARM.exidx.text.USART1_GetStatus), (8 bytes).
    Removing uart_lpc17xx.o(.text.USART1_SetModemControl), (28 bytes).
    Removing uart_lpc17xx.o(.ARM.exidx.text.USART1_SetModemControl), (8 bytes).
    Removing uart_lpc17xx.o(.text.USART1_GetModemStatus), (24 bytes).
    Removing uart_lpc17xx.o(.ARM.exidx.text.USART1_GetModemStatus), (8 bytes).
    Removing uart_lpc17xx.o(.ARM.exidx.text.USART_RxLineIntHandler), (8 bytes).
    Removing uart_lpc17xx.o(.ARM.exidx.text.USART_GetCapabilities), (8 bytes).
    Removing uart_lpc17xx.o(.ARM.exidx.text.USART_Initialize), (8 bytes).
    Removing uart_lpc17xx.o(.ARM.exidx.text.USART_Uninitialize), (8 bytes).
    Removing uart_lpc17xx.o(.ARM.exidx.text.USART_PowerControl), (8 bytes).
    Removing uart_lpc17xx.o(.ARM.exidx.text.__NVIC_DisableIRQ), (8 bytes).
    Removing uart_lpc17xx.o(.ARM.exidx.text.__NVIC_ClearPendingIRQ), (8 bytes).
    Removing uart_lpc17xx.o(.ARM.exidx.text.__NVIC_EnableIRQ), (8 bytes).
    Removing uart_lpc17xx.o(.ARM.exidx.text.USART_Send), (8 bytes).
    Removing uart_lpc17xx.o(.ARM.exidx.text.USART_Receive), (8 bytes).
    Removing uart_lpc17xx.o(.ARM.exidx.text.USART_Transfer), (8 bytes).
    Removing uart_lpc17xx.o(.ARM.exidx.text.USART_GetTxCount), (8 bytes).
    Removing uart_lpc17xx.o(.ARM.exidx.text.USART_GetRxCount), (8 bytes).
    Removing uart_lpc17xx.o(.ARM.exidx.text.USART_Control), (8 bytes).
    Removing uart_lpc17xx.o(.ARM.exidx.text.USART_PIN_Configure), (8 bytes).
    Removing uart_lpc17xx.o(.ARM.exidx.text.USART_GetStatus), (8 bytes).
    Removing uart_lpc17xx.o(.ARM.exidx.text.USART_SetModemControl), (8 bytes).
    Removing uart_lpc17xx.o(.ARM.exidx.text.USART_GetModemStatus), (8 bytes).
    Removing uart_lpc17xx.o(.rodata.Driver_USART1), (56 bytes).
    Removing uart_lpc17xx.o(.rodata.usart_driver_version), (4 bytes).
    Removing gpdma_lpc17xx.o(.text), (0 bytes).
    Removing gpdma_lpc17xx.o(.ARM.exidx.text.GPDMA_Initialize), (8 bytes).
    Removing gpdma_lpc17xx.o(.ARM.exidx.text.__NVIC_ClearPendingIRQ), (8 bytes).
    Removing gpdma_lpc17xx.o(.ARM.exidx.text.__NVIC_EnableIRQ), (8 bytes).
    Removing gpdma_lpc17xx.o(.ARM.exidx.text.GPDMA_Uninitialize), (8 bytes).
    Removing gpdma_lpc17xx.o(.ARM.exidx.text.__NVIC_DisableIRQ), (8 bytes).
    Removing gpdma_lpc17xx.o(.ARM.exidx.text.GPDMA_PeripheralSelect), (8 bytes).
    Removing gpdma_lpc17xx.o(.ARM.exidx.text.GPDMA_ChannelConfigure), (8 bytes).
    Removing gpdma_lpc17xx.o(.ARM.exidx.text.Set_Channel_active_flag), (8 bytes).
    Removing gpdma_lpc17xx.o(.ARM.exidx.text.Clear_Channel_active_flag), (8 bytes).
    Removing gpdma_lpc17xx.o(.text.GPDMA_ChannelEnable), (82 bytes).
    Removing gpdma_lpc17xx.o(.ARM.exidx.text.GPDMA_ChannelEnable), (8 bytes).
    Removing gpdma_lpc17xx.o(.ARM.exidx.text.GPDMA_ChannelDisable), (8 bytes).
    Removing gpdma_lpc17xx.o(.text.GPDMA_ChannelGetStatus), (62 bytes).
    Removing gpdma_lpc17xx.o(.ARM.exidx.text.GPDMA_ChannelGetStatus), (8 bytes).
    Removing gpdma_lpc17xx.o(.ARM.exidx.text.GPDMA_ChannelGetCount), (8 bytes).
    Removing gpdma_lpc17xx.o(.ARM.exidx.text.DMA_IRQHandler), (8 bytes).
    Removing gpio_lpc17xx.o(.text), (0 bytes).
    Removing gpio_lpc17xx.o(.text.GPIO_PortClock), (50 bytes).
    Removing gpio_lpc17xx.o(.ARM.exidx.text.GPIO_PortClock), (8 bytes).
    Removing gpio_lpc17xx.o(.text.GPIO_SetDir), (74 bytes).
    Removing gpio_lpc17xx.o(.ARM.exidx.text.GPIO_SetDir), (8 bytes).
    Removing gpio_lpc17xx.o(.text.GPIO_PinWrite), (62 bytes).
    Removing gpio_lpc17xx.o(.ARM.exidx.text.GPIO_PinWrite), (8 bytes).
    Removing gpio_lpc17xx.o(.text.GPIO_PinRead), (32 bytes).
    Removing gpio_lpc17xx.o(.ARM.exidx.text.GPIO_PinRead), (8 bytes).
    Removing gpio_lpc17xx.o(.text.GPIO_PortWrite), (46 bytes).
    Removing gpio_lpc17xx.o(.ARM.exidx.text.GPIO_PortWrite), (8 bytes).
    Removing gpio_lpc17xx.o(.text.GPIO_PortRead), (22 bytes).
    Removing gpio_lpc17xx.o(.ARM.exidx.text.GPIO_PortRead), (8 bytes).
    Removing pin_lpc17xx.o(.text), (0 bytes).
    Removing pin_lpc17xx.o(.ARM.exidx.text.PIN_Configure), (8 bytes).
    Removing pin_lpc17xx.o(.text.PIN_ConfigureTPIU), (58 bytes).
    Removing pin_lpc17xx.o(.ARM.exidx.text.PIN_ConfigureTPIU), (8 bytes).
    Removing pin_lpc17xx.o(.text.PIN_ConfigureI2C0Pins), (72 bytes).
    Removing pin_lpc17xx.o(.ARM.exidx.text.PIN_ConfigureI2C0Pins), (8 bytes).
    Removing system_lpc17xx.o(.text), (0 bytes).
    Removing system_lpc17xx.o(.text.SystemCoreClockUpdate), (428 bytes).
    Removing system_lpc17xx.o(.ARM.exidx.text.SystemCoreClockUpdate), (8 bytes).
    Removing system_lpc17xx.o(.ARM.exidx.text.SystemInit), (8 bytes).

268 unused section(s) (total 18731 bytes) removed from the image.

==============================================================================

Image Symbol Table

    Local Symbols

    Symbol Name                              Value     Ov Type        Size  Object(Section)

    ../clib/angel/boardlib.s                 0x00000000   Number         0  boardinit1.o ABSOLUTE
    ../clib/angel/boardlib.s                 0x00000000   Number         0  boardinit2.o ABSOLUTE
    ../clib/angel/boardlib.s                 0x00000000   Number         0  boardinit3.o ABSOLUTE
    ../clib/angel/boardlib.s                 0x00000000   Number         0  boardshut.o ABSOLUTE
    ../clib/angel/handlers.s                 0x00000000   Number         0  __scatter_copy.o ABSOLUTE
    ../clib/angel/handlers.s                 0x00000000   Number         0  __scatter_zi.o ABSOLUTE
    ../clib/angel/kernel.s                   0x00000000   Number         0  __rtentry.o ABSOLUTE
    ../clib/angel/kernel.s                   0x00000000   Number         0  __rtentry2.o ABSOLUTE
    ../clib/angel/kernel.s                   0x00000000   Number         0  __rtentry4.o ABSOLUTE
    ../clib/angel/kernel.s                   0x00000000   Number         0  rtexit.o ABSOLUTE
    ../clib/angel/kernel.s                   0x00000000   Number         0  rtexit2.o ABSOLUTE
    ../clib/angel/rt.s                       0x00000000   Number         0  aeabi_ldiv0.o ABSOLUTE
    ../clib/angel/rt.s                       0x00000000   Number         0  aeabi_ldiv0_sigfpe.o ABSOLUTE
    ../clib/angel/rt.s                       0x00000000   Number         0  rt_div0.o ABSOLUTE
    ../clib/angel/rt.s                       0x00000000   Number         0  rt_raise.o ABSOLUTE
    ../clib/angel/scatter.s                  0x00000000   Number         0  __scatter.o ABSOLUTE
    ../clib/angel/startup.s                  0x00000000   Number         0  __main.o ABSOLUTE
    ../clib/angel/sys.s                      0x00000000   Number         0  sys_stackheap_outer.o ABSOLUTE
    ../clib/angel/sys.s                      0x00000000   Number         0  libspace.o ABSOLUTE
    ../clib/angel/sys.s                      0x00000000   Number         0  use_no_semi.o ABSOLUTE
    ../clib/angel/sys.s                      0x00000000   Number         0  indicate_semi.o ABSOLUTE
    ../clib/angel/sysapp.c                   0x00000000   Number         0  sys_exit.o ABSOLUTE
    ../clib/angel/sysapp.c                   0x00000000   Number         0  sys_exit_hlt.o ABSOLUTE
    ../clib/angel/sysapp.c                   0x00000000   Number         0  sys_wrch.o ABSOLUTE
    ../clib/angel/sysapp.c                   0x00000000   Number         0  sys_wrch_hlt.o ABSOLUTE
    ../clib/angel/sysapp.c                   0x00000000   Number         0  sys_command.o ABSOLUTE
    ../clib/angel/sysapp.c                   0x00000000   Number         0  sys_command_hlt.o ABSOLUTE
    ../clib/armsys.c                         0x00000000   Number         0  argv_veneer.o ABSOLUTE
    ../clib/armsys.c                         0x00000000   Number         0  argv_veneer.o ABSOLUTE
    ../clib/armsys.c                         0x00000000   Number         0  _get_argv_nomalloc.o ABSOLUTE
    ../clib/armsys.c                         0x00000000   Number         0  no_argv.o ABSOLUTE
    ../clib/heapalloc.c                      0x00000000   Number         0  hrguard.o ABSOLUTE
    ../clib/heapaux.c                        0x00000000   Number         0  heapauxi.o ABSOLUTE
    ../clib/libinit.s                        0x00000000   Number         0  libinit.o ABSOLUTE
    ../clib/libinit.s                        0x00000000   Number         0  libinit2.o ABSOLUTE
    ../clib/libinit.s                        0x00000000   Number         0  libshutdown.o ABSOLUTE
    ../clib/libinit.s                        0x00000000   Number         0  libshutdown2.o ABSOLUTE
    ../clib/longlong.s                       0x00000000   Number         0  lludivv7m.o ABSOLUTE
    ../clib/signal.c                         0x00000000   Number         0  defsig_fpe_outer.o ABSOLUTE
    ../clib/signal.c                         0x00000000   Number         0  defsig_fpe_formal.o ABSOLUTE
    ../clib/signal.c                         0x00000000   Number         0  defsig_exit.o ABSOLUTE
    ../clib/signal.c                         0x00000000   Number         0  defsig_fpe_inner.o ABSOLUTE
    ../clib/signal.c                         0x00000000   Number         0  __raise.o ABSOLUTE
    ../clib/signal.c                         0x00000000   Number         0  defsig_general.o ABSOLUTE
    ../clib/signal.c                         0x00000000   Number         0  defsig_abrt_inner.o ABSOLUTE
    ../clib/signal.c                         0x00000000   Number         0  defsig_rtred_inner.o ABSOLUTE
    ../clib/signal.c                         0x00000000   Number         0  defsig_rtmem_inner.o ABSOLUTE
    ../clib/signal.c                         0x00000000   Number         0  defsig_rtmem_outer.o ABSOLUTE
    ../clib/signal.c                         0x00000000   Number         0  defsig_rtmem_formal.o ABSOLUTE
    ../clib/signal.c                         0x00000000   Number         0  defsig_stak_inner.o ABSOLUTE
    ../clib/signal.c                         0x00000000   Number         0  defsig_pvfn_inner.o ABSOLUTE
    ../clib/signal.c                         0x00000000   Number         0  defsig_cppl_inner.o ABSOLUTE
    ../clib/signal.c                         0x00000000   Number         0  defsig_segv_inner.o ABSOLUTE
    ../clib/signal.c                         0x00000000   Number         0  defsig_other.o ABSOLUTE
    ../clib/signal.s                         0x00000000   Number         0  defsig.o ABSOLUTE
    ../clib/stdlib.c                         0x00000000   Number         0  exit.o ABSOLUTE
    ../fplib/d2f.s                           0x00000000   Number         0  d2f.o ABSOLUTE
    ../fplib/dcmp.s                          0x00000000   Number         0  dcmp.o ABSOLUTE
    ../fplib/dcmpi.s                         0x00000000   Number         0  dcmpi.o ABSOLUTE
    ../fplib/deqf.s                          0x00000000   Number         0  deqf.o ABSOLUTE
    ../fplib/dflt.s                          0x00000000   Number         0  dflt_clz.o ABSOLUTE
    ../fplib/dgeqf.s                         0x00000000   Number         0  dgeqf.o ABSOLUTE
    ../fplib/dleqf.s                         0x00000000   Number         0  dleqf.o ABSOLUTE
    ../fplib/dmul.s                          0x00000000   Number         0  dmul.o ABSOLUTE
    ../fplib/dnaninf.s                       0x00000000   Number         0  dnaninf.o ABSOLUTE
    ../fplib/dretinf.s                       0x00000000   Number         0  dretinf.o ABSOLUTE
    ../fplib/f2d.s                           0x00000000   Number         0  f2d.o ABSOLUTE
    ../fplib/fcmp.s                          0x00000000   Number         0  fcmp.o ABSOLUTE
    ../fplib/fcmpi.s                         0x00000000   Number         0  fcmpi.o ABSOLUTE
    ../fplib/feqf.s                          0x00000000   Number         0  feqf.o ABSOLUTE
    ../fplib/fgeqf.s                         0x00000000   Number         0  fgeqf.o ABSOLUTE
    ../fplib/fleqf.s                         0x00000000   Number         0  fleqf.o ABSOLUTE
    ../fplib/fnaninf.s                       0x00000000   Number         0  fnaninf.o ABSOLUTE
    ../fplib/fpinit.s                        0x00000000   Number         0  fpinit.o ABSOLUTE
    ../fplib/fpinit_empty.s                  0x00000000   Number         0  fpinit_empty.o ABSOLUTE
    ../fplib/fretinf.s                       0x00000000   Number         0  fretinf.o ABSOLUTE
    ../fplib/usenofp.s                       0x00000000   Number         0  usenofp.o ABSOLUTE
    GLCD_Fonts.c                             0x00000000   Number         0  glcd_fonts.o ABSOLUTE
    GLCD_MCB1700.c                           0x00000000   Number         0  glcd_mcb1700.o ABSOLUTE
    GPDMA_LPC17xx.c                          0x00000000   Number         0  gpdma_lpc17xx.o ABSOLUTE
    GPIO_LPC17xx.c                           0x00000000   Number         0  gpio_lpc17xx.o ABSOLUTE
    PIN_LPC17xx.c                            0x00000000   Number         0  pin_lpc17xx.o ABSOLUTE
    RTE/Device/LPC1768/startup_LPC17xx.s     0x00000000   Number         0  startup_lpc17xx.o ABSOLUTE
    SSP_LPC17xx.c                            0x00000000   Number         0  ssp_lpc17xx.o ABSOLUTE
    UART_LPC17xx.c                           0x00000000   Number         0  uart_lpc17xx.o ABSOLUTE
    dc.s                                     0x00000000   Number         0  dc.o ABSOLUTE
    main.c                                   0x00000000   Number         0  main.o ABSOLUTE
    system_LPC17xx.c                         0x00000000   Number         0  system_lpc17xx.o ABSOLUTE
    RESET                                    0x00000000   Section      204  startup_lpc17xx.o(RESET)
    !!!main                                  0x000000cc   Section        8  __main.o(!!!main)
    !!!scatter                               0x000000d4   Section       92  __scatter.o(!!!scatter)
    !!handler_copy                           0x00000130   Section       26  __scatter_copy.o(!!handler_copy)
    !!handler_null                           0x0000014c   Section        2  __scatter.o(!!handler_null)
    !!handler_zi                             0x00000150   Section       28  __scatter_zi.o(!!handler_zi)
    .ARM.Collect$$libinit$$00000000          0x0000016c   Section        2  libinit.o(.ARM.Collect$$libinit$$00000000)
    .ARM.Collect$$libinit$$00000002          0x0000016e   Section        0  libinit2.o(.ARM.Collect$$libinit$$00000002)
    .ARM.Collect$$libinit$$00000004          0x0000016e   Section        0  libinit2.o(.ARM.Collect$$libinit$$00000004)
    .ARM.Collect$$libinit$$00000006          0x0000016e   Section        0  libinit2.o(.ARM.Collect$$libinit$$00000006)
    .ARM.Collect$$libinit$$0000000C          0x0000016e   Section        0  libinit2.o(.ARM.Collect$$libinit$$0000000C)
    .ARM.Collect$$libinit$$0000000E          0x0000016e   Section        0  libinit2.o(.ARM.Collect$$libinit$$0000000E)
    .ARM.Collect$$libinit$$00000010          0x0000016e   Section        0  libinit2.o(.ARM.Collect$$libinit$$00000010)
    .ARM.Collect$$libinit$$00000013          0x0000016e   Section        0  libinit2.o(.ARM.Collect$$libinit$$00000013)
    .ARM.Collect$$libinit$$00000015          0x0000016e   Section        0  libinit2.o(.ARM.Collect$$libinit$$00000015)
    .ARM.Collect$$libinit$$00000017          0x0000016e   Section        0  libinit2.o(.ARM.Collect$$libinit$$00000017)
    .ARM.Collect$$libinit$$00000019          0x0000016e   Section        0  libinit2.o(.ARM.Collect$$libinit$$00000019)
    .ARM.Collect$$libinit$$0000001B          0x0000016e   Section        0  libinit2.o(.ARM.Collect$$libinit$$0000001B)
    .ARM.Collect$$libinit$$0000001D          0x0000016e   Section        0  libinit2.o(.ARM.Collect$$libinit$$0000001D)
    .ARM.Collect$$libinit$$0000001F          0x0000016e   Section        0  libinit2.o(.ARM.Collect$$libinit$$0000001F)
    .ARM.Collect$$libinit$$00000021          0x0000016e   Section        0  libinit2.o(.ARM.Collect$$libinit$$00000021)
    .ARM.Collect$$libinit$$00000023          0x0000016e   Section        0  libinit2.o(.ARM.Collect$$libinit$$00000023)
    .ARM.Collect$$libinit$$00000025          0x0000016e   Section        0  libinit2.o(.ARM.Collect$$libinit$$00000025)
    .ARM.Collect$$libinit$$00000027          0x0000016e   Section        0  libinit2.o(.ARM.Collect$$libinit$$00000027)
    .ARM.Collect$$libinit$$0000002E          0x0000016e   Section        0  libinit2.o(.ARM.Collect$$libinit$$0000002E)
    .ARM.Collect$$libinit$$00000030          0x0000016e   Section        0  libinit2.o(.ARM.Collect$$libinit$$00000030)
    .ARM.Collect$$libinit$$00000032          0x0000016e   Section        0  libinit2.o(.ARM.Collect$$libinit$$00000032)
    .ARM.Collect$$libinit$$00000034          0x0000016e   Section        0  libinit2.o(.ARM.Collect$$libinit$$00000034)
    .ARM.Collect$$libinit$$00000035          0x0000016e   Section        2  libinit2.o(.ARM.Collect$$libinit$$00000035)
    .ARM.Collect$$libshutdown$$00000000      0x00000170   Section        2  libshutdown.o(.ARM.Collect$$libshutdown$$00000000)
    .ARM.Collect$$libshutdown$$00000002      0x00000172   Section        0  libshutdown2.o(.ARM.Collect$$libshutdown$$00000002)
    .ARM.Collect$$libshutdown$$00000004      0x00000172   Section        0  libshutdown2.o(.ARM.Collect$$libshutdown$$00000004)
    .ARM.Collect$$libshutdown$$00000007      0x00000172   Section        0  libshutdown2.o(.ARM.Collect$$libshutdown$$00000007)
    .ARM.Collect$$libshutdown$$0000000A      0x00000172   Section        0  libshutdown2.o(.ARM.Collect$$libshutdown$$0000000A)
    .ARM.Collect$$libshutdown$$0000000C      0x00000172   Section        0  libshutdown2.o(.ARM.Collect$$libshutdown$$0000000C)
    .ARM.Collect$$libshutdown$$0000000F      0x00000172   Section        0  libshutdown2.o(.ARM.Collect$$libshutdown$$0000000F)
    .ARM.Collect$$libshutdown$$00000010      0x00000172   Section        2  libshutdown2.o(.ARM.Collect$$libshutdown$$00000010)
    .ARM.Collect$$rtentry$$00000000          0x00000174   Section        0  __rtentry.o(.ARM.Collect$$rtentry$$00000000)
    .ARM.Collect$$rtentry$$00000002          0x00000174   Section        0  __rtentry2.o(.ARM.Collect$$rtentry$$00000002)
    .ARM.Collect$$rtentry$$00000004          0x00000174   Section        6  __rtentry4.o(.ARM.Collect$$rtentry$$00000004)
    .ARM.Collect$$rtentry$$00000009          0x0000017a   Section        0  __rtentry2.o(.ARM.Collect$$rtentry$$00000009)
    .ARM.Collect$$rtentry$$0000000A          0x0000017a   Section        4  __rtentry2.o(.ARM.Collect$$rtentry$$0000000A)
    .ARM.Collect$$rtentry$$0000000C          0x0000017e   Section        0  __rtentry2.o(.ARM.Collect$$rtentry$$0000000C)
    .ARM.Collect$$rtentry$$0000000D          0x0000017e   Section        8  __rtentry2.o(.ARM.Collect$$rtentry$$0000000D)
    .ARM.Collect$$rtexit$$00000000           0x00000186   Section        2  rtexit.o(.ARM.Collect$$rtexit$$00000000)
    .ARM.Collect$$rtexit$$00000002           0x00000188   Section        0  rtexit2.o(.ARM.Collect$$rtexit$$00000002)
    .ARM.Collect$$rtexit$$00000003           0x00000188   Section        4  rtexit2.o(.ARM.Collect$$rtexit$$00000003)
    .ARM.Collect$$rtexit$$00000004           0x0000018c   Section        6  rtexit2.o(.ARM.Collect$$rtexit$$00000004)
    .text                                    0x00000194   Section       60  startup_lpc17xx.o(.text)
    .text                                    0x000001d0   Section      240  lludivv7m.o(.text)
    .text                                    0x000002c0   Section        0  heapauxi.o(.text)
    .text                                    0x000002c6   Section        0  exit.o(.text)
    .text                                    0x000002d8   Section        8  libspace.o(.text)
    .text                                    0x000002e0   Section        0  sys_exit.o(.text)
    .text                                    0x000002ec   Section        2  use_no_semi.o(.text)
    .text                                    0x000002ee   Section        0  indicate_semi.o(.text)
    x$fpl$dretinf                            0x000002ee   Section       12  dretinf.o(x$fpl$dretinf)
    SSP1_pin_miso                            0x000002fa   Data           2  ssp_lpc17xx.o(.rodata.SSP1_pin_miso)
    [Anonymous Symbol]                       0x000002fa   Section        0  ssp_lpc17xx.o(.rodata.SSP1_pin_miso)
    x$fpl$usenofp                            0x000002fa   Section        0  usenofp.o(x$fpl$usenofp)
    .ARM.__at_0x02FC                         0x000002fc   Section        4  startup_lpc17xx.o(.ARM.__at_0x02FC)
    .text                                    0x00000300   Section       74  sys_stackheap_outer.o(.text)
    [Anonymous Symbol]                       0x0000034c   Section        0  main.o(.text.Allumer_LED)
    [Anonymous Symbol]                       0x000003f0   Section        0  main.o(.text.Allumer_Moteur_Lidar)
    [Anonymous Symbol]                       0x00000404   Section        0  main.o(.text.Analyse_environnement_4_secteurs)
    Clear_Channel_active_flag                0x000005ed   Thumb Code    46  gpdma_lpc17xx.o(.text.Clear_Channel_active_flag)
    [Anonymous Symbol]                       0x000005ec   Section        0  gpdma_lpc17xx.o(.text.Clear_Channel_active_flag)
    [Anonymous Symbol]                       0x0000061c   Section        0  gpdma_lpc17xx.o(.text.DMA_IRQHandler)
    [Anonymous Symbol]                       0x0000083c   Section        0  main.o(.text.Eteindre_LED)
    [Anonymous Symbol]                       0x000008e0   Section        0  gpdma_lpc17xx.o(.text.GPDMA_ChannelConfigure)
    [Anonymous Symbol]                       0x00000a80   Section        0  gpdma_lpc17xx.o(.text.GPDMA_ChannelDisable)
    [Anonymous Symbol]                       0x00000ac4   Section        0  gpdma_lpc17xx.o(.text.GPDMA_ChannelGetCount)
    [Anonymous Symbol]                       0x00000b0c   Section        0  gpdma_lpc17xx.o(.text.GPDMA_Initialize)
    [Anonymous Symbol]                       0x00000bcc   Section        0  gpdma_lpc17xx.o(.text.GPDMA_PeripheralSelect)
    [Anonymous Symbol]                       0x00000c54   Section        0  gpdma_lpc17xx.o(.text.GPDMA_Uninitialize)
    GetUsartClockFreq                        0x00000cb5   Thumb Code    90  uart_lpc17xx.o(.text.GetUsartClockFreq)
    [Anonymous Symbol]                       0x00000cb4   Section        0  uart_lpc17xx.o(.text.GetUsartClockFreq)
    [Anonymous Symbol]                       0x00000d10   Section        0  main.o(.text.Init_LED)
    [Anonymous Symbol]                       0x00000d34   Section        0  main.o(.text.Init_Moteur_Lidar)
    [Anonymous Symbol]                       0x00000d48   Section        0  main.o(.text.Init_UART_Lidar)
    [Anonymous Symbol]                       0x00000d8c   Section        0  pin_lpc17xx.o(.text.PIN_Configure)
    [Anonymous Symbol]                       0x00000eb0   Section        0  main.o(.text.SCAN)
    [Anonymous Symbol]                       0x00000ff8   Section        0  ssp_lpc17xx.o(.text.SSP1_GPDMA_Rx_SignalEvent)
    [Anonymous Symbol]                       0x00001010   Section        0  ssp_lpc17xx.o(.text.SSP1_GPDMA_Tx_SignalEvent)
    [Anonymous Symbol]                       0x00001028   Section        0  ssp_lpc17xx.o(.text.SSP1_IRQHandler)
    [Anonymous Symbol]                       0x00001038   Section        0  ssp_lpc17xx.o(.text.SSPx_GPDMA_Rx_SignalEvent)
    [Anonymous Symbol]                       0x00001084   Section        0  ssp_lpc17xx.o(.text.SSPx_GPDMA_Tx_SignalEvent)
    SSPx_IRQHandler                          0x000010b1   Thumb Code   376  ssp_lpc17xx.o(.text.SSPx_IRQHandler)
    [Anonymous Symbol]                       0x000010b0   Section        0  ssp_lpc17xx.o(.text.SSPx_IRQHandler)
    Set_Channel_active_flag                  0x00001229   Thumb Code    92  gpdma_lpc17xx.o(.text.Set_Channel_active_flag)
    [Anonymous Symbol]                       0x00001228   Section        0  gpdma_lpc17xx.o(.text.Set_Channel_active_flag)
    [Anonymous Symbol]                       0x00001284   Section        0  system_lpc17xx.o(.text.SystemInit)
    [Anonymous Symbol]                       0x00001408   Section        0  uart_lpc17xx.o(.text.UART0_IRQHandler)
    [Anonymous Symbol]                       0x00001418   Section        0  uart_lpc17xx.o(.text.UART1_IRQHandler)
    USART0_Control                           0x00001429   Thumb Code    28  uart_lpc17xx.o(.text.USART0_Control)
    [Anonymous Symbol]                       0x00001428   Section        0  uart_lpc17xx.o(.text.USART0_Control)
    [Anonymous Symbol]                       0x00001444   Section        0  uart_lpc17xx.o(.text.USART0_GPDMA_Rx_Event)
    [Anonymous Symbol]                       0x0000145c   Section        0  uart_lpc17xx.o(.text.USART0_GPDMA_Tx_Event)
    USART0_GetCapabilities                   0x00001475   Thumb Code    24  uart_lpc17xx.o(.text.USART0_GetCapabilities)
    [Anonymous Symbol]                       0x00001474   Section        0  uart_lpc17xx.o(.text.USART0_GetCapabilities)
    USART0_GetModemStatus                    0x0000148d   Thumb Code    24  uart_lpc17xx.o(.text.USART0_GetModemStatus)
    [Anonymous Symbol]                       0x0000148c   Section        0  uart_lpc17xx.o(.text.USART0_GetModemStatus)
    USART0_GetRxCount                        0x000014a5   Thumb Code    16  uart_lpc17xx.o(.text.USART0_GetRxCount)
    [Anonymous Symbol]                       0x000014a4   Section        0  uart_lpc17xx.o(.text.USART0_GetRxCount)
    USART0_GetStatus                         0x000014b5   Thumb Code    24  uart_lpc17xx.o(.text.USART0_GetStatus)
    [Anonymous Symbol]                       0x000014b4   Section        0  uart_lpc17xx.o(.text.USART0_GetStatus)
    USART0_GetTxCount                        0x000014cd   Thumb Code    16  uart_lpc17xx.o(.text.USART0_GetTxCount)
    [Anonymous Symbol]                       0x000014cc   Section        0  uart_lpc17xx.o(.text.USART0_GetTxCount)
    USART0_Initialize                        0x000014dd   Thumb Code    24  uart_lpc17xx.o(.text.USART0_Initialize)
    [Anonymous Symbol]                       0x000014dc   Section        0  uart_lpc17xx.o(.text.USART0_Initialize)
    USART0_PowerControl                      0x000014f5   Thumb Code    28  uart_lpc17xx.o(.text.USART0_PowerControl)
    [Anonymous Symbol]                       0x000014f4   Section        0  uart_lpc17xx.o(.text.USART0_PowerControl)
    USART0_Receive                           0x00001511   Thumb Code    28  uart_lpc17xx.o(.text.USART0_Receive)
    [Anonymous Symbol]                       0x00001510   Section        0  uart_lpc17xx.o(.text.USART0_Receive)
    USART0_Send                              0x0000152d   Thumb Code    28  uart_lpc17xx.o(.text.USART0_Send)
    [Anonymous Symbol]                       0x0000152c   Section        0  uart_lpc17xx.o(.text.USART0_Send)
    USART0_SetModemControl                   0x00001549   Thumb Code    28  uart_lpc17xx.o(.text.USART0_SetModemControl)
    [Anonymous Symbol]                       0x00001548   Section        0  uart_lpc17xx.o(.text.USART0_SetModemControl)
    USART0_Transfer                          0x00001565   Thumb Code    32  uart_lpc17xx.o(.text.USART0_Transfer)
    [Anonymous Symbol]                       0x00001564   Section        0  uart_lpc17xx.o(.text.USART0_Transfer)
    USART0_Uninitialize                      0x00001585   Thumb Code    16  uart_lpc17xx.o(.text.USART0_Uninitialize)
    [Anonymous Symbol]                       0x00001584   Section        0  uart_lpc17xx.o(.text.USART0_Uninitialize)
    [Anonymous Symbol]                       0x00001594   Section        0  uart_lpc17xx.o(.text.USART1_GPDMA_Rx_Event)
    [Anonymous Symbol]                       0x000015ac   Section        0  uart_lpc17xx.o(.text.USART1_GPDMA_Tx_Event)
    USART_Control                            0x000015c5   Thumb Code  2028  uart_lpc17xx.o(.text.USART_Control)
    [Anonymous Symbol]                       0x000015c4   Section        0  uart_lpc17xx.o(.text.USART_Control)
    USART_GPDMA_Rx_Event                     0x00001db1   Thumb Code   202  uart_lpc17xx.o(.text.USART_GPDMA_Rx_Event)
    [Anonymous Symbol]                       0x00001db0   Section        0  uart_lpc17xx.o(.text.USART_GPDMA_Rx_Event)
    USART_GPDMA_Tx_Event                     0x00001e7d   Thumb Code   106  uart_lpc17xx.o(.text.USART_GPDMA_Tx_Event)
    [Anonymous Symbol]                       0x00001e7c   Section        0  uart_lpc17xx.o(.text.USART_GPDMA_Tx_Event)
    USART_GetCapabilities                    0x00001ee9   Thumb Code    16  uart_lpc17xx.o(.text.USART_GetCapabilities)
    [Anonymous Symbol]                       0x00001ee8   Section        0  uart_lpc17xx.o(.text.USART_GetCapabilities)
    USART_GetModemStatus                     0x00001ef9   Thumb Code   246  uart_lpc17xx.o(.text.USART_GetModemStatus)
    [Anonymous Symbol]                       0x00001ef8   Section        0  uart_lpc17xx.o(.text.USART_GetModemStatus)
    USART_GetRxCount                         0x00001ff1   Thumb Code    44  uart_lpc17xx.o(.text.USART_GetRxCount)
    [Anonymous Symbol]                       0x00001ff0   Section        0  uart_lpc17xx.o(.text.USART_GetRxCount)
    USART_GetStatus                          0x0000201d   Thumb Code   152  uart_lpc17xx.o(.text.USART_GetStatus)
    [Anonymous Symbol]                       0x0000201c   Section        0  uart_lpc17xx.o(.text.USART_GetStatus)
    USART_GetTxCount                         0x000020b5   Thumb Code    44  uart_lpc17xx.o(.text.USART_GetTxCount)
    [Anonymous Symbol]                       0x000020b4   Section        0  uart_lpc17xx.o(.text.USART_GetTxCount)
    USART_IRQHandler                         0x000020e1   Thumb Code   972  uart_lpc17xx.o(.text.USART_IRQHandler)
    [Anonymous Symbol]                       0x000020e0   Section        0  uart_lpc17xx.o(.text.USART_IRQHandler)
    USART_Initialize                         0x000024ad   Thumb Code   356  uart_lpc17xx.o(.text.USART_Initialize)
    [Anonymous Symbol]                       0x000024ac   Section        0  uart_lpc17xx.o(.text.USART_Initialize)
    USART_PIN_Configure                      0x00002611   Thumb Code   312  uart_lpc17xx.o(.text.USART_PIN_Configure)
    [Anonymous Symbol]                       0x00002610   Section        0  uart_lpc17xx.o(.text.USART_PIN_Configure)
    USART_PowerControl                       0x00002749   Thumb Code   706  uart_lpc17xx.o(.text.USART_PowerControl)
    [Anonymous Symbol]                       0x00002748   Section        0  uart_lpc17xx.o(.text.USART_PowerControl)
    USART_Receive                            0x00002a0d   Thumb Code   390  uart_lpc17xx.o(.text.USART_Receive)
    [Anonymous Symbol]                       0x00002a0c   Section        0  uart_lpc17xx.o(.text.USART_Receive)
    USART_RxLineIntHandler                   0x00002b95   Thumb Code   186  uart_lpc17xx.o(.text.USART_RxLineIntHandler)
    [Anonymous Symbol]                       0x00002b94   Section        0  uart_lpc17xx.o(.text.USART_RxLineIntHandler)
    USART_Send                               0x00002c51   Thumb Code   578  uart_lpc17xx.o(.text.USART_Send)
    [Anonymous Symbol]                       0x00002c50   Section        0  uart_lpc17xx.o(.text.USART_Send)
    [Anonymous Symbol]                       0x00002e94   Section        0  uart_lpc17xx.o(.text.USART_SetBaudrate)
    USART_SetModemControl                    0x00003039   Thumb Code   242  uart_lpc17xx.o(.text.USART_SetModemControl)
    [Anonymous Symbol]                       0x00003038   Section        0  uart_lpc17xx.o(.text.USART_SetModemControl)
    USART_Transfer                           0x0000312d   Thumb Code   170  uart_lpc17xx.o(.text.USART_Transfer)
    [Anonymous Symbol]                       0x0000312c   Section        0  uart_lpc17xx.o(.text.USART_Transfer)
    USART_Uninitialize                       0x000031d9   Thumb Code   306  uart_lpc17xx.o(.text.USART_Uninitialize)
    [Anonymous Symbol]                       0x000031d8   Section        0  uart_lpc17xx.o(.text.USART_Uninitialize)
    USARTx_GetVersion                        0x0000330d   Thumb Code    18  uart_lpc17xx.o(.text.USARTx_GetVersion)
    [Anonymous Symbol]                       0x0000330c   Section        0  uart_lpc17xx.o(.text.USARTx_GetVersion)
    __NVIC_ClearPendingIRQ                   0x00003321   Thumb Code    48  uart_lpc17xx.o(.text.__NVIC_ClearPendingIRQ)
    [Anonymous Symbol]                       0x00003320   Section        0  uart_lpc17xx.o(.text.__NVIC_ClearPendingIRQ)
    __NVIC_ClearPendingIRQ                   0x00003351   Thumb Code    48  gpdma_lpc17xx.o(.text.__NVIC_ClearPendingIRQ)
    [Anonymous Symbol]                       0x00003350   Section        0  gpdma_lpc17xx.o(.text.__NVIC_ClearPendingIRQ)
    __NVIC_DisableIRQ                        0x00003381   Thumb Code    56  uart_lpc17xx.o(.text.__NVIC_DisableIRQ)
    [Anonymous Symbol]                       0x00003380   Section        0  uart_lpc17xx.o(.text.__NVIC_DisableIRQ)
    __NVIC_DisableIRQ                        0x000033b9   Thumb Code    56  gpdma_lpc17xx.o(.text.__NVIC_DisableIRQ)
    [Anonymous Symbol]                       0x000033b8   Section        0  gpdma_lpc17xx.o(.text.__NVIC_DisableIRQ)
    __NVIC_EnableIRQ                         0x000033f1   Thumb Code    48  uart_lpc17xx.o(.text.__NVIC_EnableIRQ)
    [Anonymous Symbol]                       0x000033f0   Section        0  uart_lpc17xx.o(.text.__NVIC_EnableIRQ)
    __NVIC_EnableIRQ                         0x00003421   Thumb Code    48  gpdma_lpc17xx.o(.text.__NVIC_EnableIRQ)
    [Anonymous Symbol]                       0x00003420   Section        0  gpdma_lpc17xx.o(.text.__NVIC_EnableIRQ)
    [Anonymous Symbol]                       0x00003450   Section        0  main.o(.text.main)
    x$fpl$d2f                                0x00003470   Section       98  d2f.o(x$fpl$d2f)
    x$fpl$dcmpinf                            0x000034d2   Section       24  dcmpi.o(x$fpl$dcmpinf)
    x$fpl$deqf                               0x000034ec   Section      120  deqf.o(x$fpl$deqf)
    x$fpl$dflt                               0x00003564   Section       46  dflt_clz.o(x$fpl$dflt)
    x$fpl$dgeqf                              0x00003594   Section      120  dgeqf.o(x$fpl$dgeqf)
    x$fpl$dleqf                              0x0000360c   Section      120  dleqf.o(x$fpl$dleqf)
    x$fpl$dmul                               0x00003684   Section      340  dmul.o(x$fpl$dmul)
    x$fpl$dnaninf                            0x000037d8   Section      156  dnaninf.o(x$fpl$dnaninf)
    x$fpl$f2d                                0x00003874   Section       86  f2d.o(x$fpl$f2d)
    x$fpl$fcmp                               0x000038ca   Section       84  dcmp.o(x$fpl$fcmp)
    x$fpl$fnaninf                            0x0000391e   Section      140  fnaninf.o(x$fpl$fnaninf)
    x$fpl$fretinf                            0x000039aa   Section       10  fretinf.o(x$fpl$fretinf)
    SSP1_Resources                           0x000039ec   Data          72  ssp_lpc17xx.o(.rodata.SSP1_Resources)
    [Anonymous Symbol]                       0x000039ec   Section        0  ssp_lpc17xx.o(.rodata.SSP1_Resources)
    SSP1_pin_mosi                            0x00003a34   Data           2  ssp_lpc17xx.o(.rodata.SSP1_pin_mosi)
    [Anonymous Symbol]                       0x00003a34   Section        0  ssp_lpc17xx.o(.rodata.SSP1_pin_mosi)
    SSP1_pin_sck                             0x00003a36   Data           2  ssp_lpc17xx.o(.rodata.SSP1_pin_sck)
    [Anonymous Symbol]                       0x00003a36   Section        0  ssp_lpc17xx.o(.rodata.SSP1_pin_sck)
    SSP1_pin_ssel                            0x00003a38   Data           2  ssp_lpc17xx.o(.rodata.SSP1_pin_ssel)
    [Anonymous Symbol]                       0x00003a38   Section        0  ssp_lpc17xx.o(.rodata.SSP1_pin_ssel)
    UART0_DMA_Rx                             0x00003a3c   Data           8  uart_lpc17xx.o(.rodata.UART0_DMA_Rx)
    [Anonymous Symbol]                       0x00003a3c   Section        0  uart_lpc17xx.o(.rodata.UART0_DMA_Rx)
    UART0_DMA_Tx                             0x00003a44   Data           8  uart_lpc17xx.o(.rodata.UART0_DMA_Tx)
    [Anonymous Symbol]                       0x00003a44   Section        0  uart_lpc17xx.o(.rodata.UART0_DMA_Tx)
    USART0_Resources                         0x00003a4c   Data         100  uart_lpc17xx.o(.rodata.USART0_Resources)
    [Anonymous Symbol]                       0x00003a4c   Section        0  uart_lpc17xx.o(.rodata.USART0_Resources)
    USART0_pin_rx                            0x00003ab0   Data           2  uart_lpc17xx.o(.rodata.USART0_pin_rx)
    [Anonymous Symbol]                       0x00003ab0   Section        0  uart_lpc17xx.o(.rodata.USART0_pin_rx)
    USART0_pin_tx                            0x00003ab2   Data           2  uart_lpc17xx.o(.rodata.USART0_pin_tx)
    [Anonymous Symbol]                       0x00003ab2   Section        0  uart_lpc17xx.o(.rodata.USART0_pin_tx)
    USART1_DMA_Rx                            0x00003ab4   Data           8  uart_lpc17xx.o(.rodata.USART1_DMA_Rx)
    [Anonymous Symbol]                       0x00003ab4   Section        0  uart_lpc17xx.o(.rodata.USART1_DMA_Rx)
    USART1_DMA_Tx                            0x00003abc   Data           8  uart_lpc17xx.o(.rodata.USART1_DMA_Tx)
    [Anonymous Symbol]                       0x00003abc   Section        0  uart_lpc17xx.o(.rodata.USART1_DMA_Tx)
    USART1_Resources                         0x00003ac4   Data         100  uart_lpc17xx.o(.rodata.USART1_Resources)
    [Anonymous Symbol]                       0x00003ac4   Section        0  uart_lpc17xx.o(.rodata.USART1_Resources)
    USART1_pin_rx                            0x00003b28   Data           2  uart_lpc17xx.o(.rodata.USART1_pin_rx)
    [Anonymous Symbol]                       0x00003b28   Section        0  uart_lpc17xx.o(.rodata.USART1_pin_rx)
    USART1_pin_tx                            0x00003b2a   Data           2  uart_lpc17xx.o(.rodata.USART1_pin_tx)
    [Anonymous Symbol]                       0x00003b2a   Section        0  uart_lpc17xx.o(.rodata.USART1_pin_tx)
    fract_div_lookup_table                   0x00003b2c   Data         288  uart_lpc17xx.o(.rodata.fract_div_lookup_table)
    [Anonymous Symbol]                       0x00003b2c   Section        0  uart_lpc17xx.o(.rodata.fract_div_lookup_table)
    Stack_Mem                                0x10000000   Data         512  startup_lpc17xx.o(STACK)
    STACK                                    0x10000000   Section      512  startup_lpc17xx.o(STACK)
    __initial_sp                             0x10000200   Data           0  startup_lpc17xx.o(STACK)
    .bss                                     0x2007c008   Section       96  libspace.o(.bss)
    Channel_active                           0x2007c068   Data           4  gpdma_lpc17xx.o(.bss.Channel_active)
    [Anonymous Symbol]                       0x2007c068   Section        0  gpdma_lpc17xx.o(.bss.Channel_active)
    Channel_info                             0x2007c06c   Data         160  gpdma_lpc17xx.o(.bss.Channel_info)
    [Anonymous Symbol]                       0x2007c06c   Section        0  gpdma_lpc17xx.o(.bss.Channel_info)
    Init_cnt                                 0x2007c10c   Data           4  gpdma_lpc17xx.o(.bss.Init_cnt)
    [Anonymous Symbol]                       0x2007c10c   Section        0  gpdma_lpc17xx.o(.bss.Init_cnt)
    SSP1_Info                                0x2007c110   Data          16  ssp_lpc17xx.o(.bss.SSP1_Info)
    [Anonymous Symbol]                       0x2007c110   Section        0  ssp_lpc17xx.o(.bss.SSP1_Info)
    SSP1_Xfer                                0x2007c120   Data          28  ssp_lpc17xx.o(.bss.SSP1_Xfer)
    [Anonymous Symbol]                       0x2007c120   Section        0  ssp_lpc17xx.o(.bss.SSP1_Xfer)
    USART0_Info                              0x2007c13c   Data          52  uart_lpc17xx.o(.bss.USART0_Info)
    [Anonymous Symbol]                       0x2007c13c   Section        0  uart_lpc17xx.o(.bss.USART0_Info)
    USART1_Info                              0x2007c170   Data          52  uart_lpc17xx.o(.bss.USART1_Info)
    [Anonymous Symbol]                       0x2007c170   Section        0  uart_lpc17xx.o(.bss.USART1_Info)
    Heap_Mem                                 0x2007c1a8   Data           0  startup_lpc17xx.o(HEAP)
    HEAP                                     0x2007c1a8   Section        0  startup_lpc17xx.o(HEAP)

    Global Symbols

    Symbol Name                              Value     Ov Type        Size  Object(Section)

    BuildAttributes$$THM_ISAv4$P$D$K$B$S$PE$A:L22UL41UL21$X:L11$S22US41US21$IEEE1$IW$~IW$USESV6$~STKCKD$USESV7$~SHL$OSPACE$ROPI$EBA8$UX$STANDARDLIB$REQ8$PRES8$EABIv2 0x00000000   Number         0  anon$$obj.o ABSOLUTE
    __Vectors                                0x00000000   Data           4  startup_lpc17xx.o(RESET)
    __fp_init_empty                          0x00000000   Number         0  fpinit_empty.o ABSOLUTE
    __ARM_exceptions_init                     - Undefined Weak Reference
    __alloca_initialize                       - Undefined Weak Reference
    __arm_preinit_                            - Undefined Weak Reference
    __arm_relocate_pie_                       - Undefined Weak Reference
    __cpp_initialize__aeabi_                  - Undefined Weak Reference
    __cxa_finalize                            - Undefined Weak Reference
    __rt_locale                               - Undefined Weak Reference
    __sigvec_lookup                           - Undefined Weak Reference
    _atexit_init                              - Undefined Weak Reference
    _call_atexit_fns                          - Undefined Weak Reference
    _clock_init                               - Undefined Weak Reference
    _fp_trap_init                             - Undefined Weak Reference
    _fp_trap_shutdown                         - Undefined Weak Reference
    _get_lc_collate                           - Undefined Weak Reference
    _get_lc_ctype                             - Undefined Weak Reference
    _get_lc_monetary                          - Undefined Weak Reference
    _get_lc_numeric                           - Undefined Weak Reference
    _get_lc_time                              - Undefined Weak Reference
    _getenv_init                              - Undefined Weak Reference
    _handle_redirection                       - Undefined Weak Reference
    _init_alloc                               - Undefined Weak Reference
    _init_user_alloc                          - Undefined Weak Reference
    _initio                                   - Undefined Weak Reference
    _rand_init                                - Undefined Weak Reference
    _signal_finish                            - Undefined Weak Reference
    _signal_init                              - Undefined Weak Reference
    _terminate_alloc                          - Undefined Weak Reference
    _terminate_user_alloc                     - Undefined Weak Reference
    _terminateio                              - Undefined Weak Reference
    __main                                   0x000000cd   Thumb Code     8  __main.o(!!!main)
    __scatterload                            0x000000d5   Thumb Code     0  __scatter.o(!!!scatter)
    __scatterload_rt2                        0x000000d5   Thumb Code    84  __scatter.o(!!!scatter)
    __scatterload_rt2_thumb_only             0x000000d5   Thumb Code     0  __scatter.o(!!!scatter)
    __scatterload_loop                       0x000000df   Thumb Code     0  __scatter.o(!!!scatter)
    __scatterload_copy                       0x00000131   Thumb Code    26  __scatter_copy.o(!!handler_copy)
    __scatterload_null                       0x0000014d   Thumb Code     2  __scatter.o(!!handler_null)
    __scatterload_zeroinit                   0x00000151   Thumb Code    28  __scatter_zi.o(!!handler_zi)
    __rt_lib_init                            0x0000016d   Thumb Code     0  libinit.o(.ARM.Collect$$libinit$$00000000)
    __rt_lib_init_alloca_1                   0x0000016f   Thumb Code     0  libinit2.o(.ARM.Collect$$libinit$$00000030)
    __rt_lib_init_argv_1                     0x0000016f   Thumb Code     0  libinit2.o(.ARM.Collect$$libinit$$0000002E)
    __rt_lib_init_atexit_1                   0x0000016f   Thumb Code     0  libinit2.o(.ARM.Collect$$libinit$$0000001D)
    __rt_lib_init_clock_1                    0x0000016f   Thumb Code     0  libinit2.o(.ARM.Collect$$libinit$$00000023)
    __rt_lib_init_cpp_1                      0x0000016f   Thumb Code     0  libinit2.o(.ARM.Collect$$libinit$$00000034)
    __rt_lib_init_exceptions_1               0x0000016f   Thumb Code     0  libinit2.o(.ARM.Collect$$libinit$$00000032)
    __rt_lib_init_fp_1                       0x0000016f   Thumb Code     0  libinit2.o(.ARM.Collect$$libinit$$00000002)
    __rt_lib_init_fp_trap_1                  0x0000016f   Thumb Code     0  libinit2.o(.ARM.Collect$$libinit$$00000021)
    __rt_lib_init_getenv_1                   0x0000016f   Thumb Code     0  libinit2.o(.ARM.Collect$$libinit$$00000025)
    __rt_lib_init_heap_1                     0x0000016f   Thumb Code     0  libinit2.o(.ARM.Collect$$libinit$$0000000C)
    __rt_lib_init_lc_collate_1               0x0000016f   Thumb Code     0  libinit2.o(.ARM.Collect$$libinit$$00000013)
    __rt_lib_init_lc_ctype_1                 0x0000016f   Thumb Code     0  libinit2.o(.ARM.Collect$$libinit$$00000015)
    __rt_lib_init_lc_monetary_1              0x0000016f   Thumb Code     0  libinit2.o(.ARM.Collect$$libinit$$00000017)
    __rt_lib_init_lc_numeric_1               0x0000016f   Thumb Code     0  libinit2.o(.ARM.Collect$$libinit$$00000019)
    __rt_lib_init_lc_time_1                  0x0000016f   Thumb Code     0  libinit2.o(.ARM.Collect$$libinit$$0000001B)
    __rt_lib_init_preinit_1                  0x0000016f   Thumb Code     0  libinit2.o(.ARM.Collect$$libinit$$00000006)
    __rt_lib_init_rand_1                     0x0000016f   Thumb Code     0  libinit2.o(.ARM.Collect$$libinit$$00000010)
    __rt_lib_init_relocate_pie_1             0x0000016f   Thumb Code     0  libinit2.o(.ARM.Collect$$libinit$$00000004)
    __rt_lib_init_return                     0x0000016f   Thumb Code     0  libinit2.o(.ARM.Collect$$libinit$$00000035)
    __rt_lib_init_signal_1                   0x0000016f   Thumb Code     0  libinit2.o(.ARM.Collect$$libinit$$0000001F)
    __rt_lib_init_stdio_1                    0x0000016f   Thumb Code     0  libinit2.o(.ARM.Collect$$libinit$$00000027)
    __rt_lib_init_user_alloc_1               0x0000016f   Thumb Code     0  libinit2.o(.ARM.Collect$$libinit$$0000000E)
    __rt_lib_shutdown                        0x00000171   Thumb Code     0  libshutdown.o(.ARM.Collect$$libshutdown$$00000000)
    __rt_lib_shutdown_cpp_1                  0x00000173   Thumb Code     0  libshutdown2.o(.ARM.Collect$$libshutdown$$00000002)
    __rt_lib_shutdown_fp_trap_1              0x00000173   Thumb Code     0  libshutdown2.o(.ARM.Collect$$libshutdown$$00000007)
    __rt_lib_shutdown_heap_1                 0x00000173   Thumb Code     0  libshutdown2.o(.ARM.Collect$$libshutdown$$0000000F)
    __rt_lib_shutdown_return                 0x00000173   Thumb Code     0  libshutdown2.o(.ARM.Collect$$libshutdown$$00000010)
    __rt_lib_shutdown_signal_1               0x00000173   Thumb Code     0  libshutdown2.o(.ARM.Collect$$libshutdown$$0000000A)
    __rt_lib_shutdown_stdio_1                0x00000173   Thumb Code     0  libshutdown2.o(.ARM.Collect$$libshutdown$$00000004)
    __rt_lib_shutdown_user_alloc_1           0x00000173   Thumb Code     0  libshutdown2.o(.ARM.Collect$$libshutdown$$0000000C)
    __rt_entry                               0x00000175   Thumb Code     0  __rtentry.o(.ARM.Collect$$rtentry$$00000000)
    __rt_entry_presh_1                       0x00000175   Thumb Code     0  __rtentry2.o(.ARM.Collect$$rtentry$$00000002)
    __rt_entry_sh                            0x00000175   Thumb Code     0  __rtentry4.o(.ARM.Collect$$rtentry$$00000004)
    __rt_entry_li                            0x0000017b   Thumb Code     0  __rtentry2.o(.ARM.Collect$$rtentry$$0000000A)
    __rt_entry_postsh_1                      0x0000017b   Thumb Code     0  __rtentry2.o(.ARM.Collect$$rtentry$$00000009)
    __rt_entry_main                          0x0000017f   Thumb Code     0  __rtentry2.o(.ARM.Collect$$rtentry$$0000000D)
    __rt_entry_postli_1                      0x0000017f   Thumb Code     0  __rtentry2.o(.ARM.Collect$$rtentry$$0000000C)
    __rt_exit                                0x00000187   Thumb Code     0  rtexit.o(.ARM.Collect$$rtexit$$00000000)
    __rt_exit_ls                             0x00000189   Thumb Code     0  rtexit2.o(.ARM.Collect$$rtexit$$00000003)
    __rt_exit_prels_1                        0x00000189   Thumb Code     0  rtexit2.o(.ARM.Collect$$rtexit$$00000002)
    __rt_exit_exit                           0x0000018d   Thumb Code     0  rtexit2.o(.ARM.Collect$$rtexit$$00000004)
    Reset_Handler                            0x00000195   Thumb Code     8  startup_lpc17xx.o(.text)
    NMI_Handler                              0x0000019d   Thumb Code     2  startup_lpc17xx.o(.text)
    HardFault_Handler                        0x0000019f   Thumb Code     2  startup_lpc17xx.o(.text)
    MemManage_Handler                        0x000001a1   Thumb Code     2  startup_lpc17xx.o(.text)
    BusFault_Handler                         0x000001a3   Thumb Code     2  startup_lpc17xx.o(.text)
    UsageFault_Handler                       0x000001a5   Thumb Code     2  startup_lpc17xx.o(.text)
    SVC_Handler                              0x000001a7   Thumb Code     2  startup_lpc17xx.o(.text)
    DebugMon_Handler                         0x000001a9   Thumb Code     2  startup_lpc17xx.o(.text)
    PendSV_Handler                           0x000001ab   Thumb Code     2  startup_lpc17xx.o(.text)
    SysTick_Handler                          0x000001ad   Thumb Code     2  startup_lpc17xx.o(.text)
    ADC_IRQHandler                           0x000001af   Thumb Code     0  startup_lpc17xx.o(.text)
    BOD_IRQHandler                           0x000001af   Thumb Code     0  startup_lpc17xx.o(.text)
    CANActivity_IRQHandler                   0x000001af   Thumb Code     0  startup_lpc17xx.o(.text)
    CAN_IRQHandler                           0x000001af   Thumb Code     0  startup_lpc17xx.o(.text)
    EINT0_IRQHandler                         0x000001af   Thumb Code     0  startup_lpc17xx.o(.text)
    EINT1_IRQHandler                         0x000001af   Thumb Code     0  startup_lpc17xx.o(.text)
    EINT2_IRQHandler                         0x000001af   Thumb Code     0  startup_lpc17xx.o(.text)
    EINT3_IRQHandler                         0x000001af   Thumb Code     0  startup_lpc17xx.o(.text)
    ENET_IRQHandler                          0x000001af   Thumb Code     0  startup_lpc17xx.o(.text)
    I2C0_IRQHandler                          0x000001af   Thumb Code     0  startup_lpc17xx.o(.text)
    I2C1_IRQHandler                          0x000001af   Thumb Code     0  startup_lpc17xx.o(.text)
    I2C2_IRQHandler                          0x000001af   Thumb Code     0  startup_lpc17xx.o(.text)
    I2S_IRQHandler                           0x000001af   Thumb Code     0  startup_lpc17xx.o(.text)
    MCPWM_IRQHandler                         0x000001af   Thumb Code     0  startup_lpc17xx.o(.text)
    PLL0_IRQHandler                          0x000001af   Thumb Code     0  startup_lpc17xx.o(.text)
    PLL1_IRQHandler                          0x000001af   Thumb Code     0  startup_lpc17xx.o(.text)
    PWM1_IRQHandler                          0x000001af   Thumb Code     0  startup_lpc17xx.o(.text)
    QEI_IRQHandler                           0x000001af   Thumb Code     0  startup_lpc17xx.o(.text)
    RIT_IRQHandler                           0x000001af   Thumb Code     0  startup_lpc17xx.o(.text)
    RTC_IRQHandler                           0x000001af   Thumb Code     0  startup_lpc17xx.o(.text)
    SPI_IRQHandler                           0x000001af   Thumb Code     0  startup_lpc17xx.o(.text)
    SSP0_IRQHandler                          0x000001af   Thumb Code     0  startup_lpc17xx.o(.text)
    TIMER0_IRQHandler                        0x000001af   Thumb Code     0  startup_lpc17xx.o(.text)
    TIMER1_IRQHandler                        0x000001af   Thumb Code     0  startup_lpc17xx.o(.text)
    TIMER2_IRQHandler                        0x000001af   Thumb Code     0  startup_lpc17xx.o(.text)
    TIMER3_IRQHandler                        0x000001af   Thumb Code     0  startup_lpc17xx.o(.text)
    UART2_IRQHandler                         0x000001af   Thumb Code     0  startup_lpc17xx.o(.text)
    UART3_IRQHandler                         0x000001af   Thumb Code     0  startup_lpc17xx.o(.text)
    USBActivity_IRQHandler                   0x000001af   Thumb Code     0  startup_lpc17xx.o(.text)
    USB_IRQHandler                           0x000001af   Thumb Code     0  startup_lpc17xx.o(.text)
    WDT_IRQHandler                           0x000001af   Thumb Code     0  startup_lpc17xx.o(.text)
    __user_initial_stackheap                 0x000001b1   Thumb Code     0  startup_lpc17xx.o(.text)
    __aeabi_uldivmod                         0x000001d1   Thumb Code     0  lludivv7m.o(.text)
    _ll_udiv                                 0x000001d1   Thumb Code   240  lludivv7m.o(.text)
    __use_two_region_memory                  0x000002c1   Thumb Code     2  heapauxi.o(.text)
    __rt_heap_escrow$2region                 0x000002c3   Thumb Code     2  heapauxi.o(.text)
    __rt_heap_expand$2region                 0x000002c5   Thumb Code     2  heapauxi.o(.text)
    exit                                     0x000002c7   Thumb Code    18  exit.o(.text)
    __user_libspace                          0x000002d9   Thumb Code     8  libspace.o(.text)
    __user_perproc_libspace                  0x000002d9   Thumb Code     0  libspace.o(.text)
    __user_perthread_libspace                0x000002d9   Thumb Code     0  libspace.o(.text)
    _sys_exit                                0x000002e1   Thumb Code     8  sys_exit.o(.text)
    __I$use$semihosting                      0x000002ed   Thumb Code     0  use_no_semi.o(.text)
    __use_no_semihosting_swi                 0x000002ed   Thumb Code     2  use_no_semi.o(.text)
    __fpl_dretinf                            0x000002ef   Thumb Code    12  dretinf.o(x$fpl$dretinf)
    __semihosting_library_function           0x000002ef   Thumb Code     0  indicate_semi.o(.text)
    __I$use$fp                               0x000002fa   Number         0  usenofp.o(x$fpl$usenofp)
    __user_setup_stackheap                   0x00000301   Thumb Code    74  sys_stackheap_outer.o(.text)
    Allumer_LED                              0x0000034d   Thumb Code   162  main.o(.text.Allumer_LED)
    Allumer_Moteur_Lidar                     0x000003f1   Thumb Code    18  main.o(.text.Allumer_Moteur_Lidar)
    Analyse_environnement_4_secteurs         0x00000405   Thumb Code   486  main.o(.text.Analyse_environnement_4_secteurs)
    DMA_IRQHandler                           0x0000061d   Thumb Code   544  gpdma_lpc17xx.o(.text.DMA_IRQHandler)
    Eteindre_LED                             0x0000083d   Thumb Code   162  main.o(.text.Eteindre_LED)
    GPDMA_ChannelConfigure                   0x000008e1   Thumb Code   416  gpdma_lpc17xx.o(.text.GPDMA_ChannelConfigure)
    GPDMA_ChannelDisable                     0x00000a81   Thumb Code    68  gpdma_lpc17xx.o(.text.GPDMA_ChannelDisable)
    GPDMA_ChannelGetCount                    0x00000ac5   Thumb Code    72  gpdma_lpc17xx.o(.text.GPDMA_ChannelGetCount)
    GPDMA_Initialize                         0x00000b0d   Thumb Code   190  gpdma_lpc17xx.o(.text.GPDMA_Initialize)
    GPDMA_PeripheralSelect                   0x00000bcd   Thumb Code   136  gpdma_lpc17xx.o(.text.GPDMA_PeripheralSelect)
    GPDMA_Uninitialize                       0x00000c55   Thumb Code    94  gpdma_lpc17xx.o(.text.GPDMA_Uninitialize)
    Init_LED                                 0x00000d11   Thumb Code    34  main.o(.text.Init_LED)
    Init_Moteur_Lidar                        0x00000d35   Thumb Code    18  main.o(.text.Init_Moteur_Lidar)
    Init_UART_Lidar                          0x00000d49   Thumb Code    66  main.o(.text.Init_UART_Lidar)
    PIN_Configure                            0x00000d8d   Thumb Code   292  pin_lpc17xx.o(.text.PIN_Configure)
    SCAN                                     0x00000eb1   Thumb Code   328  main.o(.text.SCAN)
    SSP1_GPDMA_Rx_SignalEvent                0x00000ff9   Thumb Code    24  ssp_lpc17xx.o(.text.SSP1_GPDMA_Rx_SignalEvent)
    SSP1_GPDMA_Tx_SignalEvent                0x00001011   Thumb Code    24  ssp_lpc17xx.o(.text.SSP1_GPDMA_Tx_SignalEvent)
    SSP1_IRQHandler                          0x00001029   Thumb Code    16  ssp_lpc17xx.o(.text.SSP1_IRQHandler)
    SSPx_GPDMA_Rx_SignalEvent                0x00001039   Thumb Code    74  ssp_lpc17xx.o(.text.SSPx_GPDMA_Rx_SignalEvent)
    SSPx_GPDMA_Tx_SignalEvent                0x00001085   Thumb Code    42  ssp_lpc17xx.o(.text.SSPx_GPDMA_Tx_SignalEvent)
    SystemInit                               0x00001285   Thumb Code   388  system_lpc17xx.o(.text.SystemInit)
    UART0_IRQHandler                         0x00001409   Thumb Code    16  uart_lpc17xx.o(.text.UART0_IRQHandler)
    UART1_IRQHandler                         0x00001419   Thumb Code    16  uart_lpc17xx.o(.text.UART1_IRQHandler)
    USART0_GPDMA_Rx_Event                    0x00001445   Thumb Code    24  uart_lpc17xx.o(.text.USART0_GPDMA_Rx_Event)
    USART0_GPDMA_Tx_Event                    0x0000145d   Thumb Code    24  uart_lpc17xx.o(.text.USART0_GPDMA_Tx_Event)
    USART1_GPDMA_Rx_Event                    0x00001595   Thumb Code    24  uart_lpc17xx.o(.text.USART1_GPDMA_Rx_Event)
    USART1_GPDMA_Tx_Event                    0x000015ad   Thumb Code    24  uart_lpc17xx.o(.text.USART1_GPDMA_Tx_Event)
    USART_SetBaudrate                        0x00002e95   Thumb Code   420  uart_lpc17xx.o(.text.USART_SetBaudrate)
    main                                     0x00003451   Thumb Code    32  main.o(.text.main)
    __aeabi_d2f                              0x00003471   Thumb Code     0  d2f.o(x$fpl$d2f)
    _d2f                                     0x00003471   Thumb Code    98  d2f.o(x$fpl$d2f)
    __fpl_dcmp_Inf                           0x000034d3   Thumb Code    24  dcmpi.o(x$fpl$dcmpinf)
    __aeabi_cdcmpeq                          0x000034ed   Thumb Code     0  deqf.o(x$fpl$deqf)
    _dcmpeq                                  0x000034ed   Thumb Code   120  deqf.o(x$fpl$deqf)
    __aeabi_i2d                              0x00003565   Thumb Code     0  dflt_clz.o(x$fpl$dflt)
    _dflt                                    0x00003565   Thumb Code    46  dflt_clz.o(x$fpl$dflt)
    __aeabi_cdcmpge                          0x00003595   Thumb Code     0  dgeqf.o(x$fpl$dgeqf)
    _dcmpge                                  0x00003595   Thumb Code   120  dgeqf.o(x$fpl$dgeqf)
    __aeabi_cdcmple                          0x0000360d   Thumb Code     0  dleqf.o(x$fpl$dleqf)
    _dcmple                                  0x0000360d   Thumb Code   120  dleqf.o(x$fpl$dleqf)
    __fpl_dcmple_InfNaN                      0x0000366f   Thumb Code     0  dleqf.o(x$fpl$dleqf)
    __aeabi_dmul                             0x00003685   Thumb Code     0  dmul.o(x$fpl$dmul)
    _dmul                                    0x00003685   Thumb Code   332  dmul.o(x$fpl$dmul)
    __fpl_dnaninf                            0x000037d9   Thumb Code   156  dnaninf.o(x$fpl$dnaninf)
    __aeabi_f2d                              0x00003875   Thumb Code     0  f2d.o(x$fpl$f2d)
    _f2d                                     0x00003875   Thumb Code    86  f2d.o(x$fpl$f2d)
    __aeabi_dcmpeq                           0x000038cb   Thumb Code     0  dcmp.o(x$fpl$fcmp)
    _deq                                     0x000038cb   Thumb Code    14  dcmp.o(x$fpl$fcmp)
    _dneq                                    0x000038d9   Thumb Code    14  dcmp.o(x$fpl$fcmp)
    __aeabi_dcmpgt                           0x000038e7   Thumb Code     0  dcmp.o(x$fpl$fcmp)
    _dgr                                     0x000038e7   Thumb Code    14  dcmp.o(x$fpl$fcmp)
    __aeabi_dcmpge                           0x000038f5   Thumb Code     0  dcmp.o(x$fpl$fcmp)
    _dgeq                                    0x000038f5   Thumb Code    14  dcmp.o(x$fpl$fcmp)
    __aeabi_dcmple                           0x00003903   Thumb Code     0  dcmp.o(x$fpl$fcmp)
    _dleq                                    0x00003903   Thumb Code    14  dcmp.o(x$fpl$fcmp)
    __aeabi_dcmplt                           0x00003911   Thumb Code     0  dcmp.o(x$fpl$fcmp)
    _dls                                     0x00003911   Thumb Code    14  dcmp.o(x$fpl$fcmp)
    __fpl_fnaninf                            0x0000391f   Thumb Code   140  fnaninf.o(x$fpl$fnaninf)
    __fpl_fretinf                            0x000039ab   Thumb Code    10  fretinf.o(x$fpl$fretinf)
    Driver_USART0                            0x000039b4   Data          56  uart_lpc17xx.o(.rodata.Driver_USART0)
    Region$$Table$$Base                      0x00003c4c   Number         0  anon$$obj.o(Region$$Table)
    Region$$Table$$Limit                     0x00003c7c   Number         0  anon$$obj.o(Region$$Table)
    SystemCoreClock                          0x2007c000   Data           4  system_lpc17xx.o(.data.SystemCoreClock)
    __libspace_start                         0x2007c008   Data          96  libspace.o(.bss)
    __temporary_stack_top$libspace           0x2007c068   Data           0  libspace.o(.bss)
    detect_obst_0_90                         0x2007c1a4   Data           1  main.o(.bss.detect_obst_0_90)
    detect_obst_180_270                      0x2007c1a5   Data           1  main.o(.bss.detect_obst_180_270)
    detect_obst_270_360                      0x2007c1a6   Data           1  main.o(.bss.detect_obst_270_360)
    detect_obst_90_180                       0x2007c1a7   Data           1  main.o(.bss.detect_obst_90_180)



==============================================================================

Memory Map of the image

  Image Entry point : 0x000000cd

  Load Region LR_IROM1 (Base: 0x00000000, Size: 0x00003c88, Max: 0x00080000, ABSOLUTE)

    Execution Region ER_IROM1 (Exec base: 0x00000000, Load base: 0x00000000, Size: 0x00003c7c, Max: 0x00080000, ABSOLUTE)

    Exec Addr    Load Addr    Size         Type   Attr      Idx    E Section Name        Object

    0x00000000   0x00000000   0x000000cc   Data   RO          412    RESET               startup_lpc17xx.o
    0x000000cc   0x000000cc   0x00000008   Code   RO          440  * !!!main             c_w.l(__main.o)
    0x000000d4   0x000000d4   0x0000005c   Code   RO          656    !!!scatter          c_w.l(__scatter.o)
    0x00000130   0x00000130   0x0000001a   Code   RO          660    !!handler_copy      c_w.l(__scatter_copy.o)
    0x0000014a   0x0000014a   0x00000002   PAD
    0x0000014c   0x0000014c   0x00000002   Code   RO          657    !!handler_null      c_w.l(__scatter.o)
    0x0000014e   0x0000014e   0x00000002   PAD
    0x00000150   0x00000150   0x0000001c   Code   RO          662    !!handler_zi        c_w.l(__scatter_zi.o)
    0x0000016c   0x0000016c   0x00000002   Code   RO          518    .ARM.Collect$$libinit$$00000000  c_w.l(libinit.o)
    0x0000016e   0x0000016e   0x00000000   Code   RO          531    .ARM.Collect$$libinit$$00000002  c_w.l(libinit2.o)
    0x0000016e   0x0000016e   0x00000000   Code   RO          533    .ARM.Collect$$libinit$$00000004  c_w.l(libinit2.o)
    0x0000016e   0x0000016e   0x00000000   Code   RO          535    .ARM.Collect$$libinit$$00000006  c_w.l(libinit2.o)
    0x0000016e   0x0000016e   0x00000000   Code   RO          538    .ARM.Collect$$libinit$$0000000C  c_w.l(libinit2.o)
    0x0000016e   0x0000016e   0x00000000   Code   RO          540    .ARM.Collect$$libinit$$0000000E  c_w.l(libinit2.o)
    0x0000016e   0x0000016e   0x00000000   Code   RO          542    .ARM.Collect$$libinit$$00000010  c_w.l(libinit2.o)
    0x0000016e   0x0000016e   0x00000000   Code   RO          545    .ARM.Collect$$libinit$$00000013  c_w.l(libinit2.o)
    0x0000016e   0x0000016e   0x00000000   Code   RO          547    .ARM.Collect$$libinit$$00000015  c_w.l(libinit2.o)
    0x0000016e   0x0000016e   0x00000000   Code   RO          549    .ARM.Collect$$libinit$$00000017  c_w.l(libinit2.o)
    0x0000016e   0x0000016e   0x00000000   Code   RO          551    .ARM.Collect$$libinit$$00000019  c_w.l(libinit2.o)
    0x0000016e   0x0000016e   0x00000000   Code   RO          553    .ARM.Collect$$libinit$$0000001B  c_w.l(libinit2.o)
    0x0000016e   0x0000016e   0x00000000   Code   RO          555    .ARM.Collect$$libinit$$0000001D  c_w.l(libinit2.o)
    0x0000016e   0x0000016e   0x00000000   Code   RO          557    .ARM.Collect$$libinit$$0000001F  c_w.l(libinit2.o)
    0x0000016e   0x0000016e   0x00000000   Code   RO          559    .ARM.Collect$$libinit$$00000021  c_w.l(libinit2.o)
    0x0000016e   0x0000016e   0x00000000   Code   RO          561    .ARM.Collect$$libinit$$00000023  c_w.l(libinit2.o)
    0x0000016e   0x0000016e   0x00000000   Code   RO          563    .ARM.Collect$$libinit$$00000025  c_w.l(libinit2.o)
    0x0000016e   0x0000016e   0x00000000   Code   RO          565    .ARM.Collect$$libinit$$00000027  c_w.l(libinit2.o)
    0x0000016e   0x0000016e   0x00000000   Code   RO          569    .ARM.Collect$$libinit$$0000002E  c_w.l(libinit2.o)
    0x0000016e   0x0000016e   0x00000000   Code   RO          571    .ARM.Collect$$libinit$$00000030  c_w.l(libinit2.o)
    0x0000016e   0x0000016e   0x00000000   Code   RO          573    .ARM.Collect$$libinit$$00000032  c_w.l(libinit2.o)
    0x0000016e   0x0000016e   0x00000000   Code   RO          575    .ARM.Collect$$libinit$$00000034  c_w.l(libinit2.o)
    0x0000016e   0x0000016e   0x00000002   Code   RO          576    .ARM.Collect$$libinit$$00000035  c_w.l(libinit2.o)
    0x00000170   0x00000170   0x00000002   Code   RO          611    .ARM.Collect$$libshutdown$$00000000  c_w.l(libshutdown.o)
    0x00000172   0x00000172   0x00000000   Code   RO          639    .ARM.Collect$$libshutdown$$00000002  c_w.l(libshutdown2.o)
    0x00000172   0x00000172   0x00000000   Code   RO          641    .ARM.Collect$$libshutdown$$00000004  c_w.l(libshutdown2.o)
    0x00000172   0x00000172   0x00000000   Code   RO          644    .ARM.Collect$$libshutdown$$00000007  c_w.l(libshutdown2.o)
    0x00000172   0x00000172   0x00000000   Code   RO          647    .ARM.Collect$$libshutdown$$0000000A  c_w.l(libshutdown2.o)
    0x00000172   0x00000172   0x00000000   Code   RO          649    .ARM.Collect$$libshutdown$$0000000C  c_w.l(libshutdown2.o)
    0x00000172   0x00000172   0x00000000   Code   RO          652    .ARM.Collect$$libshutdown$$0000000F  c_w.l(libshutdown2.o)
    0x00000172   0x00000172   0x00000002   Code   RO          653    .ARM.Collect$$libshutdown$$00000010  c_w.l(libshutdown2.o)
    0x00000174   0x00000174   0x00000000   Code   RO          458    .ARM.Collect$$rtentry$$00000000  c_w.l(__rtentry.o)
    0x00000174   0x00000174   0x00000000   Code   RO          485    .ARM.Collect$$rtentry$$00000002  c_w.l(__rtentry2.o)
    0x00000174   0x00000174   0x00000006   Code   RO          497    .ARM.Collect$$rtentry$$00000004  c_w.l(__rtentry4.o)
    0x0000017a   0x0000017a   0x00000000   Code   RO          487    .ARM.Collect$$rtentry$$00000009  c_w.l(__rtentry2.o)
    0x0000017a   0x0000017a   0x00000004   Code   RO          488    .ARM.Collect$$rtentry$$0000000A  c_w.l(__rtentry2.o)
    0x0000017e   0x0000017e   0x00000000   Code   RO          490    .ARM.Collect$$rtentry$$0000000C  c_w.l(__rtentry2.o)
    0x0000017e   0x0000017e   0x00000008   Code   RO          491    .ARM.Collect$$rtentry$$0000000D  c_w.l(__rtentry2.o)
    0x00000186   0x00000186   0x00000002   Code   RO          522    .ARM.Collect$$rtexit$$00000000  c_w.l(rtexit.o)
    0x00000188   0x00000188   0x00000000   Code   RO          582    .ARM.Collect$$rtexit$$00000002  c_w.l(rtexit2.o)
    0x00000188   0x00000188   0x00000004   Code   RO          583    .ARM.Collect$$rtexit$$00000003  c_w.l(rtexit2.o)
    0x0000018c   0x0000018c   0x00000006   Code   RO          584    .ARM.Collect$$rtexit$$00000004  c_w.l(rtexit2.o)
    0x00000192   0x00000192   0x00000002   PAD
    0x00000194   0x00000194   0x0000003c   Code   RO          414    .text               startup_lpc17xx.o
    0x000001d0   0x000001d0   0x000000f0   Code   RO          436    .text               c_w.l(lludivv7m.o)
    0x000002c0   0x000002c0   0x00000006   Code   RO          438    .text               c_w.l(heapauxi.o)
    0x000002c6   0x000002c6   0x00000012   Code   RO          507    .text               c_w.l(exit.o)
    0x000002d8   0x000002d8   0x00000008   Code   RO          519    .text               c_w.l(libspace.o)
    0x000002e0   0x000002e0   0x0000000c   Code   RO          577    .text               c_w.l(sys_exit.o)
    0x000002ec   0x000002ec   0x00000002   Code   RO          600    .text               c_w.l(use_no_semi.o)
    0x000002ee   0x000002ee   0x00000000   Code   RO          602    .text               c_w.l(indicate_semi.o)
    0x000002ee   0x000002ee   0x0000000c   Code   RO          471    x$fpl$dretinf       fz_ws.l(dretinf.o)
    0x000002fa   0x000002fa   0x00000000   Code   RO          483    x$fpl$usenofp       fz_ws.l(usenofp.o)
    0x000002fa   0x000002fa   0x00000002   Data   RO          191    .rodata.SSP1_pin_miso  ssp_lpc17xx.o
    0x000002fc   0x000002fc   0x00000004   Code   RO          413    .ARM.__at_0x02FC    startup_lpc17xx.o
    0x00000300   0x00000300   0x0000004a   Code   RO          505    .text               c_w.l(sys_stackheap_outer.o)
    0x0000034a   0x0000034a   0x00000002   PAD
    0x0000034c   0x0000034c   0x000000a2   Code   RO           16    .text.Allumer_LED   main.o
    0x000003ee   0x000003ee   0x00000002   PAD
    0x000003f0   0x000003f0   0x00000012   Code   RO           12    .text.Allumer_Moteur_Lidar  main.o
    0x00000402   0x00000402   0x00000002   PAD
    0x00000404   0x00000404   0x000001e6   Code   RO           14    .text.Analyse_environnement_4_secteurs  main.o
    0x000005ea   0x000005ea   0x00000002   PAD
    0x000005ec   0x000005ec   0x0000002e   Code   RO          357    .text.Clear_Channel_active_flag  gpdma_lpc17xx.o
    0x0000061a   0x0000061a   0x00000002   PAD
    0x0000061c   0x0000061c   0x00000220   Code   RO          367    .text.DMA_IRQHandler  gpdma_lpc17xx.o
    0x0000083c   0x0000083c   0x000000a2   Code   RO           18    .text.Eteindre_LED  main.o
    0x000008de   0x000008de   0x00000002   PAD
    0x000008e0   0x000008e0   0x000001a0   Code   RO          353    .text.GPDMA_ChannelConfigure  gpdma_lpc17xx.o
    0x00000a80   0x00000a80   0x00000044   Code   RO          361    .text.GPDMA_ChannelDisable  gpdma_lpc17xx.o
    0x00000ac4   0x00000ac4   0x00000048   Code   RO          365    .text.GPDMA_ChannelGetCount  gpdma_lpc17xx.o
    0x00000b0c   0x00000b0c   0x000000be   Code   RO          341    .text.GPDMA_Initialize  gpdma_lpc17xx.o
    0x00000bca   0x00000bca   0x00000002   PAD
    0x00000bcc   0x00000bcc   0x00000088   Code   RO          351    .text.GPDMA_PeripheralSelect  gpdma_lpc17xx.o
    0x00000c54   0x00000c54   0x0000005e   Code   RO          347    .text.GPDMA_Uninitialize  gpdma_lpc17xx.o
    0x00000cb2   0x00000cb2   0x00000002   PAD
    0x00000cb4   0x00000cb4   0x0000005a   Code   RO          208    .text.GetUsartClockFreq  uart_lpc17xx.o
    0x00000d0e   0x00000d0e   0x00000002   PAD
    0x00000d10   0x00000d10   0x00000022   Code   RO            6    .text.Init_LED      main.o
    0x00000d32   0x00000d32   0x00000002   PAD
    0x00000d34   0x00000d34   0x00000012   Code   RO            8    .text.Init_Moteur_Lidar  main.o
    0x00000d46   0x00000d46   0x00000002   PAD
    0x00000d48   0x00000d48   0x00000042   Code   RO            4    .text.Init_UART_Lidar  main.o
    0x00000d8a   0x00000d8a   0x00000002   PAD
    0x00000d8c   0x00000d8c   0x00000124   Code   RO          398    .text.PIN_Configure  pin_lpc17xx.o
    0x00000eb0   0x00000eb0   0x00000148   Code   RO           10    .text.SCAN          main.o
    0x00000ff8   0x00000ff8   0x00000018   Code   RO          133    .text.SSP1_GPDMA_Rx_SignalEvent  ssp_lpc17xx.o
    0x00001010   0x00001010   0x00000018   Code   RO          131    .text.SSP1_GPDMA_Tx_SignalEvent  ssp_lpc17xx.o
    0x00001028   0x00001028   0x00000010   Code   RO          135    .text.SSP1_IRQHandler  ssp_lpc17xx.o
    0x00001038   0x00001038   0x0000004a   Code   RO          129    .text.SSPx_GPDMA_Rx_SignalEvent  ssp_lpc17xx.o
    0x00001082   0x00001082   0x00000002   PAD
    0x00001084   0x00001084   0x0000002a   Code   RO          127    .text.SSPx_GPDMA_Tx_SignalEvent  ssp_lpc17xx.o
    0x000010ae   0x000010ae   0x00000002   PAD
    0x000010b0   0x000010b0   0x00000178   Code   RO          137    .text.SSPx_IRQHandler  ssp_lpc17xx.o
    0x00001228   0x00001228   0x0000005c   Code   RO          355    .text.Set_Channel_active_flag  gpdma_lpc17xx.o
    0x00001284   0x00001284   0x00000184   Code   RO          425    .text.SystemInit    system_lpc17xx.o
    0x00001408   0x00001408   0x00000010   Code   RO          210    .text.UART0_IRQHandler  uart_lpc17xx.o
    0x00001418   0x00001418   0x00000010   Code   RO          250    .text.UART1_IRQHandler  uart_lpc17xx.o
    0x00001428   0x00001428   0x0000001c   Code   RO          242    .text.USART0_Control  uart_lpc17xx.o
    0x00001444   0x00001444   0x00000018   Code   RO          218    .text.USART0_GPDMA_Rx_Event  uart_lpc17xx.o
    0x0000145c   0x0000145c   0x00000018   Code   RO          214    .text.USART0_GPDMA_Tx_Event  uart_lpc17xx.o
    0x00001474   0x00001474   0x00000018   Code   RO          224    .text.USART0_GetCapabilities  uart_lpc17xx.o
    0x0000148c   0x0000148c   0x00000018   Code   RO          248    .text.USART0_GetModemStatus  uart_lpc17xx.o
    0x000014a4   0x000014a4   0x00000010   Code   RO          240    .text.USART0_GetRxCount  uart_lpc17xx.o
    0x000014b4   0x000014b4   0x00000018   Code   RO          244    .text.USART0_GetStatus  uart_lpc17xx.o
    0x000014cc   0x000014cc   0x00000010   Code   RO          238    .text.USART0_GetTxCount  uart_lpc17xx.o
    0x000014dc   0x000014dc   0x00000018   Code   RO          226    .text.USART0_Initialize  uart_lpc17xx.o
    0x000014f4   0x000014f4   0x0000001c   Code   RO          230    .text.USART0_PowerControl  uart_lpc17xx.o
    0x00001510   0x00001510   0x0000001c   Code   RO          234    .text.USART0_Receive  uart_lpc17xx.o
    0x0000152c   0x0000152c   0x0000001c   Code   RO          232    .text.USART0_Send   uart_lpc17xx.o
    0x00001548   0x00001548   0x0000001c   Code   RO          246    .text.USART0_SetModemControl  uart_lpc17xx.o
    0x00001564   0x00001564   0x00000020   Code   RO          236    .text.USART0_Transfer  uart_lpc17xx.o
    0x00001584   0x00001584   0x00000010   Code   RO          228    .text.USART0_Uninitialize  uart_lpc17xx.o
    0x00001594   0x00001594   0x00000018   Code   RO          254    .text.USART1_GPDMA_Rx_Event  uart_lpc17xx.o
    0x000015ac   0x000015ac   0x00000018   Code   RO          252    .text.USART1_GPDMA_Tx_Event  uart_lpc17xx.o
    0x000015c4   0x000015c4   0x000007ec   Code   RO          308    .text.USART_Control  uart_lpc17xx.o
    0x00001db0   0x00001db0   0x000000ca   Code   RO          220    .text.USART_GPDMA_Rx_Event  uart_lpc17xx.o
    0x00001e7a   0x00001e7a   0x00000002   PAD
    0x00001e7c   0x00001e7c   0x0000006a   Code   RO          216    .text.USART_GPDMA_Tx_Event  uart_lpc17xx.o
    0x00001ee6   0x00001ee6   0x00000002   PAD
    0x00001ee8   0x00001ee8   0x00000010   Code   RO          284    .text.USART_GetCapabilities  uart_lpc17xx.o
    0x00001ef8   0x00001ef8   0x000000f6   Code   RO          316    .text.USART_GetModemStatus  uart_lpc17xx.o
    0x00001fee   0x00001fee   0x00000002   PAD
    0x00001ff0   0x00001ff0   0x0000002c   Code   RO          306    .text.USART_GetRxCount  uart_lpc17xx.o
    0x0000201c   0x0000201c   0x00000098   Code   RO          312    .text.USART_GetStatus  uart_lpc17xx.o
    0x000020b4   0x000020b4   0x0000002c   Code   RO          304    .text.USART_GetTxCount  uart_lpc17xx.o
    0x000020e0   0x000020e0   0x000003cc   Code   RO          212    .text.USART_IRQHandler  uart_lpc17xx.o
    0x000024ac   0x000024ac   0x00000164   Code   RO          286    .text.USART_Initialize  uart_lpc17xx.o
    0x00002610   0x00002610   0x00000138   Code   RO          310    .text.USART_PIN_Configure  uart_lpc17xx.o
    0x00002748   0x00002748   0x000002c2   Code   RO          290    .text.USART_PowerControl  uart_lpc17xx.o
    0x00002a0a   0x00002a0a   0x00000002   PAD
    0x00002a0c   0x00002a0c   0x00000186   Code   RO          300    .text.USART_Receive  uart_lpc17xx.o
    0x00002b92   0x00002b92   0x00000002   PAD
    0x00002b94   0x00002b94   0x000000ba   Code   RO          282    .text.USART_RxLineIntHandler  uart_lpc17xx.o
    0x00002c4e   0x00002c4e   0x00000002   PAD
    0x00002c50   0x00002c50   0x00000242   Code   RO          298    .text.USART_Send    uart_lpc17xx.o
    0x00002e92   0x00002e92   0x00000002   PAD
    0x00002e94   0x00002e94   0x000001a4   Code   RO          206    .text.USART_SetBaudrate  uart_lpc17xx.o
    0x00003038   0x00003038   0x000000f2   Code   RO          314    .text.USART_SetModemControl  uart_lpc17xx.o
    0x0000312a   0x0000312a   0x00000002   PAD
    0x0000312c   0x0000312c   0x000000aa   Code   RO          302    .text.USART_Transfer  uart_lpc17xx.o
    0x000031d6   0x000031d6   0x00000002   PAD
    0x000031d8   0x000031d8   0x00000132   Code   RO          288    .text.USART_Uninitialize  uart_lpc17xx.o
    0x0000330a   0x0000330a   0x00000002   PAD
    0x0000330c   0x0000330c   0x00000012   Code   RO          222    .text.USARTx_GetVersion  uart_lpc17xx.o
    0x0000331e   0x0000331e   0x00000002   PAD
    0x00003320   0x00003320   0x00000030   Code   RO          294    .text.__NVIC_ClearPendingIRQ  uart_lpc17xx.o
    0x00003350   0x00003350   0x00000030   Code   RO          343    .text.__NVIC_ClearPendingIRQ  gpdma_lpc17xx.o
    0x00003380   0x00003380   0x00000038   Code   RO          292    .text.__NVIC_DisableIRQ  uart_lpc17xx.o
    0x000033b8   0x000033b8   0x00000038   Code   RO          349    .text.__NVIC_DisableIRQ  gpdma_lpc17xx.o
    0x000033f0   0x000033f0   0x00000030   Code   RO          296    .text.__NVIC_EnableIRQ  uart_lpc17xx.o
    0x00003420   0x00003420   0x00000030   Code   RO          345    .text.__NVIC_EnableIRQ  gpdma_lpc17xx.o
    0x00003450   0x00003450   0x00000020   Code   RO            2    .text.main          main.o
    0x00003470   0x00003470   0x00000062   Code   RO          442    x$fpl$d2f           fz_ws.l(d2f.o)
    0x000034d2   0x000034d2   0x00000018   Code   RO          501    x$fpl$dcmpinf       fz_ws.l(dcmpi.o)
    0x000034ea   0x000034ea   0x00000002   PAD
    0x000034ec   0x000034ec   0x00000078   Code   RO          463    x$fpl$deqf          fz_ws.l(deqf.o)
    0x00003564   0x00003564   0x0000002e   Code   RO          447    x$fpl$dflt          fz_ws.l(dflt_clz.o)
    0x00003592   0x00003592   0x00000002   PAD
    0x00003594   0x00003594   0x00000078   Code   RO          465    x$fpl$dgeqf         fz_ws.l(dgeqf.o)
    0x0000360c   0x0000360c   0x00000078   Code   RO          467    x$fpl$dleqf         fz_ws.l(dleqf.o)
    0x00003684   0x00003684   0x00000154   Code   RO          452    x$fpl$dmul          fz_ws.l(dmul.o)
    0x000037d8   0x000037d8   0x0000009c   Code   RO          469    x$fpl$dnaninf       fz_ws.l(dnaninf.o)
    0x00003874   0x00003874   0x00000056   Code   RO          454    x$fpl$f2d           fz_ws.l(f2d.o)
    0x000038ca   0x000038ca   0x00000054   Code   RO          444    x$fpl$fcmp          fz_ws.l(dcmp.o)
    0x0000391e   0x0000391e   0x0000008c   Code   RO          479    x$fpl$fnaninf       fz_ws.l(fnaninf.o)
    0x000039aa   0x000039aa   0x0000000a   Code   RO          481    x$fpl$fretinf       fz_ws.l(fretinf.o)
    0x000039b4   0x000039b4   0x00000038   Data   RO          319    .rodata.Driver_USART0  uart_lpc17xx.o
    0x000039ec   0x000039ec   0x00000048   Data   RO          187    .rodata.SSP1_Resources  ssp_lpc17xx.o
    0x00003a34   0x00003a34   0x00000002   Data   RO          192    .rodata.SSP1_pin_mosi  ssp_lpc17xx.o
    0x00003a36   0x00003a36   0x00000002   Data   RO          190    .rodata.SSP1_pin_sck  ssp_lpc17xx.o
    0x00003a38   0x00003a38   0x00000002   Data   RO          189    .rodata.SSP1_pin_ssel  ssp_lpc17xx.o
    0x00003a3a   0x00003a3a   0x00000002   PAD
    0x00003a3c   0x00003a3c   0x00000008   Data   RO          324    .rodata.UART0_DMA_Rx  uart_lpc17xx.o
    0x00003a44   0x00003a44   0x00000008   Data   RO          323    .rodata.UART0_DMA_Tx  uart_lpc17xx.o
    0x00003a4c   0x00003a4c   0x00000064   Data   RO          326    .rodata.USART0_Resources  uart_lpc17xx.o
    0x00003ab0   0x00003ab0   0x00000002   Data   RO          322    .rodata.USART0_pin_rx  uart_lpc17xx.o
    0x00003ab2   0x00003ab2   0x00000002   Data   RO          321    .rodata.USART0_pin_tx  uart_lpc17xx.o
    0x00003ab4   0x00003ab4   0x00000008   Data   RO          331    .rodata.USART1_DMA_Rx  uart_lpc17xx.o
    0x00003abc   0x00003abc   0x00000008   Data   RO          330    .rodata.USART1_DMA_Tx  uart_lpc17xx.o
    0x00003ac4   0x00003ac4   0x00000064   Data   RO          333    .rodata.USART1_Resources  uart_lpc17xx.o
    0x00003b28   0x00003b28   0x00000002   Data   RO          329    .rodata.USART1_pin_rx  uart_lpc17xx.o
    0x00003b2a   0x00003b2a   0x00000002   Data   RO          328    .rodata.USART1_pin_tx  uart_lpc17xx.o
    0x00003b2c   0x00003b2c   0x00000120   Data   RO          318    .rodata.fract_div_lookup_table  uart_lpc17xx.o
    0x00003c4c   0x00003c4c   0x00000030   Data   RO          655    Region$$Table       anon$$obj.o


    Execution Region RW_IRAM1 (Exec base: 0x10000000, Load base: 0x00003c7c, Size: 0x00000200, Max: 0x00008000, ABSOLUTE)

    Exec Addr    Load Addr    Size         Type   Attr      Idx    E Section Name        Object

    0x10000000        -       0x00000200   Zero   RW          410    STACK               startup_lpc17xx.o


    Execution Region RW_IRAM2 (Exec base: 0x2007c000, Load base: 0x00003c80, Size: 0x000001a8, Max: 0x00008000, ABSOLUTE)

    Exec Addr    Load Addr    Size         Type   Attr      Idx    E Section Name        Object

    0x2007c000   0x00003c80   0x00000004   Data   RW          427    .data.SystemCoreClock  system_lpc17xx.o
    0x2007c004   0x00003c84   0x00000004   PAD
    0x2007c008        -       0x00000060   Zero   RW          520    .bss                c_w.l(libspace.o)
    0x2007c068        -       0x00000004   Zero   RW          371    .bss.Channel_active  gpdma_lpc17xx.o
    0x2007c06c        -       0x000000a0   Zero   RW          370    .bss.Channel_info   gpdma_lpc17xx.o
    0x2007c10c        -       0x00000004   Zero   RW          369    .bss.Init_cnt       gpdma_lpc17xx.o
    0x2007c110        -       0x00000010   Zero   RW          193    .bss.SSP1_Info      ssp_lpc17xx.o
    0x2007c120        -       0x0000001c   Zero   RW          194    .bss.SSP1_Xfer      ssp_lpc17xx.o
    0x2007c13c        -       0x00000034   Zero   RW          325    .bss.USART0_Info    uart_lpc17xx.o
    0x2007c170        -       0x00000034   Zero   RW          332    .bss.USART1_Info    uart_lpc17xx.o
    0x2007c1a4        -       0x00000001   Zero   RW           26    .bss.detect_obst_0_90  main.o
    0x2007c1a5        -       0x00000001   Zero   RW           28    .bss.detect_obst_180_270  main.o
    0x2007c1a6        -       0x00000001   Zero   RW           29    .bss.detect_obst_270_360  main.o
    0x2007c1a7        -       0x00000001   Zero   RW           27    .bss.detect_obst_90_180  main.o
    0x2007c1a8        -       0x00000000   Zero   RW          411    HEAP                startup_lpc17xx.o


==============================================================================

Image component sizes


      Code (inc. data)   RO Data    RW Data    ZI Data      Debug   Object Name

      1810          0          0          0        168       7267   gpdma_lpc17xx.o
      1306         16          0          0          4       5609   main.o
       292          0          0          0          0       2249   pin_lpc17xx.o
       556          0         80          0         44      13804   ssp_lpc17xx.o
        64         26        204          0        512       1124   startup_lpc17xx.o
       388          0          0          4          0       2301   system_lpc17xx.o
      8180         56        584          0        104      22959   uart_lpc17xx.o

    ----------------------------------------------------------------------
     12644         98        918          4        836      55313   Object Totals
         0          0         48          0          0          0   (incl. Generated)
        48          0          2          0          4          0   (incl. Padding)

    ----------------------------------------------------------------------

      Code (inc. data)   RO Data    RW Data    ZI Data      Debug   Library Member Name

         8          0          0          0          0         68   __main.o
         0          0          0          0          0          0   __rtentry.o
        12          0          0          0          0          0   __rtentry2.o
         6          0          0          0          0          0   __rtentry4.o
        94          8          0          0          0          0   __scatter.o
        26          0          0          0          0          0   __scatter_copy.o
        28          0          0          0          0          0   __scatter_zi.o
        18          0          0          0          0         80   exit.o
         6          0          0          0          0        152   heapauxi.o
         0          0          0          0          0          0   indicate_semi.o
         2          0          0          0          0          0   libinit.o
         2          0          0          0          0          0   libinit2.o
         2          0          0          0          0          0   libshutdown.o
         2          0          0          0          0          0   libshutdown2.o
         8          4          0          0         96         68   libspace.o
       240          0          0          0          0        100   lludivv7m.o
         2          0          0          0          0          0   rtexit.o
        10          0          0          0          0          0   rtexit2.o
        12          4          0          0          0         68   sys_exit.o
        74          0          0          0          0         80   sys_stackheap_outer.o
         2          0          0          0          0         68   use_no_semi.o
        98          4          0          0          0         92   d2f.o
        84          0          0          0          0        196   dcmp.o
        24          0          0          0          0         68   dcmpi.o
       120          4          0          0          0         92   deqf.o
        46          0          0          0          0         68   dflt_clz.o
       120          4          0          0          0         92   dgeqf.o
       120          4          0          0          0         92   dleqf.o
       340         12          0          0          0        104   dmul.o
       156          4          0          0          0         92   dnaninf.o
        12          0          0          0          0         68   dretinf.o
        86          4          0          0          0         84   f2d.o
       140          4          0          0          0         84   fnaninf.o
        10          0          0          0          0         68   fretinf.o
         0          0          0          0          0          0   usenofp.o

    ----------------------------------------------------------------------
      1922         56          0          0         96       1884   Library Totals
        12          0          0          0          0          0   (incl. Padding)

    ----------------------------------------------------------------------

      Code (inc. data)   RO Data    RW Data    ZI Data      Debug   Library Name

       554         16          0          0         96        684   c_w.l
      1356         40          0          0          0       1200   fz_ws.l

    ----------------------------------------------------------------------
      1922         56          0          0         96       1884   Library Totals

    ----------------------------------------------------------------------

==============================================================================


      Code (inc. data)   RO Data    RW Data    ZI Data      Debug   

     14566        154        918          4        932      56329   Grand Totals
     14566        154        918          4        932      56329   ELF Image Totals
     14566        154        918          4          0          0   ROM Totals

==============================================================================

    Total RO  Size (Code + RO Data)                15484 (  15.12kB)
    Total RW  Size (RW Data + ZI Data)               936 (   0.91kB)
    Total ROM Size (Code + RO Data + RW Data)      15488 (  15.12kB)

==============================================================================

