Component: Arm Compiler for Embedded 6.24 Tool: armlink [5f371500]

==============================================================================

Section Cross References

    main.o(.ARM.exidx.text.main) refers to main.o(.text.main) for [Anonymous Symbol]
    main.o(.text.Init_UART_Lidar) refers to uart_lpc17xx.o(.rodata.Driver_USART1) for Driver_USART1
    main.o(.ARM.exidx.text.Init_UART_Lidar) refers to main.o(.text.Init_UART_Lidar) for [Anonymous Symbol]
    uart_lpc17xx.o(.text.USART_SetBaudrate) refers to uart_lpc17xx.o(.text.GetUsartClockFreq) for GetUsartClockFreq
    uart_lpc17xx.o(.text.USART_SetBaudrate) refers to lludivv7m.o(.text) for __aeabi_uldivmod
    uart_lpc17xx.o(.text.USART_SetBaudrate) refers to uart_lpc17xx.o(.rodata.fract_div_lookup_table) for fract_div_lookup_table
    uart_lpc17xx.o(.ARM.exidx.text.USART_SetBaudrate) refers to uart_lpc17xx.o(.text.USART_SetBaudrate) for [Anonymous Symbol]
    uart_lpc17xx.o(.text.GetUsartClockFreq) refers to system_lpc17xx.o(.data.SystemCoreClock) for SystemCoreClock
    uart_lpc17xx.o(.ARM.exidx.text.GetUsartClockFreq) refers to uart_lpc17xx.o(.text.GetUsartClockFreq) for [Anonymous Symbol]
    uart_lpc17xx.o(.text.UART1_IRQHandler) refers to uart_lpc17xx.o(.rodata.USART1_Resources) for USART1_Resources
    uart_lpc17xx.o(.text.UART1_IRQHandler) refers to uart_lpc17xx.o(.text.USART_IRQHandler) for USART_IRQHandler
    uart_lpc17xx.o(.ARM.exidx.text.UART1_IRQHandler) refers to uart_lpc17xx.o(.text.UART1_IRQHandler) for [Anonymous Symbol]
    uart_lpc17xx.o(.text.USART_IRQHandler) refers to uart_lpc17xx.o(.text.USART_RxLineIntHandler) for USART_RxLineIntHandler
    uart_lpc17xx.o(.ARM.exidx.text.USART_IRQHandler) refers to uart_lpc17xx.o(.text.USART_IRQHandler) for [Anonymous Symbol]
    uart_lpc17xx.o(.text.USART1_GPDMA_Tx_Event) refers to uart_lpc17xx.o(.rodata.USART1_Resources) for USART1_Resources
    uart_lpc17xx.o(.text.USART1_GPDMA_Tx_Event) refers to uart_lpc17xx.o(.text.USART_GPDMA_Tx_Event) for USART_GPDMA_Tx_Event
    uart_lpc17xx.o(.ARM.exidx.text.USART1_GPDMA_Tx_Event) refers to uart_lpc17xx.o(.text.USART1_GPDMA_Tx_Event) for [Anonymous Symbol]
    uart_lpc17xx.o(.ARM.exidx.text.USART_GPDMA_Tx_Event) refers to uart_lpc17xx.o(.text.USART_GPDMA_Tx_Event) for [Anonymous Symbol]
    uart_lpc17xx.o(.text.USART1_GPDMA_Rx_Event) refers to uart_lpc17xx.o(.rodata.USART1_Resources) for USART1_Resources
    uart_lpc17xx.o(.text.USART1_GPDMA_Rx_Event) refers to uart_lpc17xx.o(.text.USART_GPDMA_Rx_Event) for USART_GPDMA_Rx_Event
    uart_lpc17xx.o(.ARM.exidx.text.USART1_GPDMA_Rx_Event) refers to uart_lpc17xx.o(.text.USART1_GPDMA_Rx_Event) for [Anonymous Symbol]
    uart_lpc17xx.o(.ARM.exidx.text.USART_GPDMA_Rx_Event) refers to uart_lpc17xx.o(.text.USART_GPDMA_Rx_Event) for [Anonymous Symbol]
    uart_lpc17xx.o(.ARM.exidx.text.USARTx_GetVersion) refers to uart_lpc17xx.o(.text.USARTx_GetVersion) for [Anonymous Symbol]
    uart_lpc17xx.o(.text.USART1_GetCapabilities) refers to uart_lpc17xx.o(.rodata.USART1_Resources) for USART1_Resources
    uart_lpc17xx.o(.text.USART1_GetCapabilities) refers to uart_lpc17xx.o(.text.USART_GetCapabilities) for USART_GetCapabilities
    uart_lpc17xx.o(.ARM.exidx.text.USART1_GetCapabilities) refers to uart_lpc17xx.o(.text.USART1_GetCapabilities) for [Anonymous Symbol]
    uart_lpc17xx.o(.text.USART1_Initialize) refers to uart_lpc17xx.o(.rodata.USART1_Resources) for USART1_Resources
    uart_lpc17xx.o(.text.USART1_Initialize) refers to uart_lpc17xx.o(.text.USART_Initialize) for USART_Initialize
    uart_lpc17xx.o(.ARM.exidx.text.USART1_Initialize) refers to uart_lpc17xx.o(.text.USART1_Initialize) for [Anonymous Symbol]
    uart_lpc17xx.o(.text.USART1_Uninitialize) refers to uart_lpc17xx.o(.rodata.USART1_Resources) for USART1_Resources
    uart_lpc17xx.o(.text.USART1_Uninitialize) refers to uart_lpc17xx.o(.text.USART_Uninitialize) for USART_Uninitialize
    uart_lpc17xx.o(.ARM.exidx.text.USART1_Uninitialize) refers to uart_lpc17xx.o(.text.USART1_Uninitialize) for [Anonymous Symbol]
    uart_lpc17xx.o(.text.USART1_PowerControl) refers to uart_lpc17xx.o(.rodata.USART1_Resources) for USART1_Resources
    uart_lpc17xx.o(.text.USART1_PowerControl) refers to uart_lpc17xx.o(.text.USART_PowerControl) for USART_PowerControl
    uart_lpc17xx.o(.ARM.exidx.text.USART1_PowerControl) refers to uart_lpc17xx.o(.text.USART1_PowerControl) for [Anonymous Symbol]
    uart_lpc17xx.o(.text.USART1_Send) refers to uart_lpc17xx.o(.rodata.USART1_Resources) for USART1_Resources
    uart_lpc17xx.o(.text.USART1_Send) refers to uart_lpc17xx.o(.text.USART_Send) for USART_Send
    uart_lpc17xx.o(.ARM.exidx.text.USART1_Send) refers to uart_lpc17xx.o(.text.USART1_Send) for [Anonymous Symbol]
    uart_lpc17xx.o(.text.USART1_Receive) refers to uart_lpc17xx.o(.rodata.USART1_Resources) for USART1_Resources
    uart_lpc17xx.o(.text.USART1_Receive) refers to uart_lpc17xx.o(.text.USART_Receive) for USART_Receive
    uart_lpc17xx.o(.ARM.exidx.text.USART1_Receive) refers to uart_lpc17xx.o(.text.USART1_Receive) for [Anonymous Symbol]
    uart_lpc17xx.o(.text.USART1_Transfer) refers to uart_lpc17xx.o(.rodata.USART1_Resources) for USART1_Resources
    uart_lpc17xx.o(.text.USART1_Transfer) refers to uart_lpc17xx.o(.text.USART_Transfer) for USART_Transfer
    uart_lpc17xx.o(.ARM.exidx.text.USART1_Transfer) refers to uart_lpc17xx.o(.text.USART1_Transfer) for [Anonymous Symbol]
    uart_lpc17xx.o(.text.USART1_GetTxCount) refers to uart_lpc17xx.o(.rodata.USART1_Resources) for USART1_Resources
    uart_lpc17xx.o(.text.USART1_GetTxCount) refers to uart_lpc17xx.o(.text.USART_GetTxCount) for USART_GetTxCount
    uart_lpc17xx.o(.ARM.exidx.text.USART1_GetTxCount) refers to uart_lpc17xx.o(.text.USART1_GetTxCount) for [Anonymous Symbol]
    uart_lpc17xx.o(.text.USART1_GetRxCount) refers to uart_lpc17xx.o(.rodata.USART1_Resources) for USART1_Resources
    uart_lpc17xx.o(.text.USART1_GetRxCount) refers to uart_lpc17xx.o(.text.USART_GetRxCount) for USART_GetRxCount
    uart_lpc17xx.o(.ARM.exidx.text.USART1_GetRxCount) refers to uart_lpc17xx.o(.text.USART1_GetRxCount) for [Anonymous Symbol]
    uart_lpc17xx.o(.text.USART1_Control) refers to uart_lpc17xx.o(.rodata.USART1_Resources) for USART1_Resources
    uart_lpc17xx.o(.text.USART1_Control) refers to uart_lpc17xx.o(.text.USART_Control) for USART_Control
    uart_lpc17xx.o(.ARM.exidx.text.USART1_Control) refers to uart_lpc17xx.o(.text.USART1_Control) for [Anonymous Symbol]
    uart_lpc17xx.o(.text.USART1_GetStatus) refers to uart_lpc17xx.o(.rodata.USART1_Resources) for USART1_Resources
    uart_lpc17xx.o(.text.USART1_GetStatus) refers to uart_lpc17xx.o(.text.USART_GetStatus) for USART_GetStatus
    uart_lpc17xx.o(.ARM.exidx.text.USART1_GetStatus) refers to uart_lpc17xx.o(.text.USART1_GetStatus) for [Anonymous Symbol]
    uart_lpc17xx.o(.text.USART1_SetModemControl) refers to uart_lpc17xx.o(.rodata.USART1_Resources) for USART1_Resources
    uart_lpc17xx.o(.text.USART1_SetModemControl) refers to uart_lpc17xx.o(.text.USART_SetModemControl) for USART_SetModemControl
    uart_lpc17xx.o(.ARM.exidx.text.USART1_SetModemControl) refers to uart_lpc17xx.o(.text.USART1_SetModemControl) for [Anonymous Symbol]
    uart_lpc17xx.o(.text.USART1_GetModemStatus) refers to uart_lpc17xx.o(.rodata.USART1_Resources) for USART1_Resources
    uart_lpc17xx.o(.text.USART1_GetModemStatus) refers to uart_lpc17xx.o(.text.USART_GetModemStatus) for USART_GetModemStatus
    uart_lpc17xx.o(.ARM.exidx.text.USART1_GetModemStatus) refers to uart_lpc17xx.o(.text.USART1_GetModemStatus) for [Anonymous Symbol]
    uart_lpc17xx.o(.ARM.exidx.text.USART_RxLineIntHandler) refers to uart_lpc17xx.o(.text.USART_RxLineIntHandler) for [Anonymous Symbol]
    uart_lpc17xx.o(.ARM.exidx.text.USART_GetCapabilities) refers to uart_lpc17xx.o(.text.USART_GetCapabilities) for [Anonymous Symbol]
    uart_lpc17xx.o(.text.USART_Initialize) refers to pin_lpc17xx.o(.text.PIN_Configure) for PIN_Configure
    uart_lpc17xx.o(.text.USART_Initialize) refers to gpdma_lpc17xx.o(.text.GPDMA_Initialize) for GPDMA_Initialize
    uart_lpc17xx.o(.ARM.exidx.text.USART_Initialize) refers to uart_lpc17xx.o(.text.USART_Initialize) for [Anonymous Symbol]
    uart_lpc17xx.o(.text.USART_Uninitialize) refers to pin_lpc17xx.o(.text.PIN_Configure) for PIN_Configure
    uart_lpc17xx.o(.text.USART_Uninitialize) refers to gpdma_lpc17xx.o(.text.GPDMA_Uninitialize) for GPDMA_Uninitialize
    uart_lpc17xx.o(.ARM.exidx.text.USART_Uninitialize) refers to uart_lpc17xx.o(.text.USART_Uninitialize) for [Anonymous Symbol]
    uart_lpc17xx.o(.text.USART_PowerControl) refers to uart_lpc17xx.o(.text.__NVIC_DisableIRQ) for __NVIC_DisableIRQ
    uart_lpc17xx.o(.text.USART_PowerControl) refers to pin_lpc17xx.o(.text.PIN_Configure) for PIN_Configure
    uart_lpc17xx.o(.text.USART_PowerControl) refers to gpdma_lpc17xx.o(.text.GPDMA_ChannelDisable) for GPDMA_ChannelDisable
    uart_lpc17xx.o(.text.USART_PowerControl) refers to uart_lpc17xx.o(.text.__NVIC_ClearPendingIRQ) for __NVIC_ClearPendingIRQ
    uart_lpc17xx.o(.text.USART_PowerControl) refers to uart_lpc17xx.o(.text.__NVIC_EnableIRQ) for __NVIC_EnableIRQ
    uart_lpc17xx.o(.ARM.exidx.text.USART_PowerControl) refers to uart_lpc17xx.o(.text.USART_PowerControl) for [Anonymous Symbol]
    uart_lpc17xx.o(.ARM.exidx.text.__NVIC_DisableIRQ) refers to uart_lpc17xx.o(.text.__NVIC_DisableIRQ) for [Anonymous Symbol]
    uart_lpc17xx.o(.ARM.exidx.text.__NVIC_ClearPendingIRQ) refers to uart_lpc17xx.o(.text.__NVIC_ClearPendingIRQ) for [Anonymous Symbol]
    uart_lpc17xx.o(.ARM.exidx.text.__NVIC_EnableIRQ) refers to uart_lpc17xx.o(.text.__NVIC_EnableIRQ) for [Anonymous Symbol]
    uart_lpc17xx.o(.text.USART_Send) refers to uart_lpc17xx.o(.text.USART_Receive) for USART_Receive
    uart_lpc17xx.o(.text.USART_Send) refers to gpdma_lpc17xx.o(.text.GPDMA_PeripheralSelect) for GPDMA_PeripheralSelect
    uart_lpc17xx.o(.text.USART_Send) refers to gpdma_lpc17xx.o(.text.GPDMA_ChannelConfigure) for GPDMA_ChannelConfigure
    uart_lpc17xx.o(.ARM.exidx.text.USART_Send) refers to uart_lpc17xx.o(.text.USART_Send) for [Anonymous Symbol]
    uart_lpc17xx.o(.text.USART_Receive) refers to gpdma_lpc17xx.o(.text.GPDMA_PeripheralSelect) for GPDMA_PeripheralSelect
    uart_lpc17xx.o(.text.USART_Receive) refers to gpdma_lpc17xx.o(.text.GPDMA_ChannelConfigure) for GPDMA_ChannelConfigure
    uart_lpc17xx.o(.text.USART_Receive) refers to uart_lpc17xx.o(.text.USART_Send) for USART_Send
    uart_lpc17xx.o(.ARM.exidx.text.USART_Receive) refers to uart_lpc17xx.o(.text.USART_Receive) for [Anonymous Symbol]
    uart_lpc17xx.o(.text.USART_Transfer) refers to uart_lpc17xx.o(.text.USART_Receive) for USART_Receive
    uart_lpc17xx.o(.text.USART_Transfer) refers to uart_lpc17xx.o(.text.USART_Send) for USART_Send
    uart_lpc17xx.o(.ARM.exidx.text.USART_Transfer) refers to uart_lpc17xx.o(.text.USART_Transfer) for [Anonymous Symbol]
    uart_lpc17xx.o(.text.USART_GetTxCount) refers to gpdma_lpc17xx.o(.text.GPDMA_ChannelGetCount) for GPDMA_ChannelGetCount
    uart_lpc17xx.o(.ARM.exidx.text.USART_GetTxCount) refers to uart_lpc17xx.o(.text.USART_GetTxCount) for [Anonymous Symbol]
    uart_lpc17xx.o(.text.USART_GetRxCount) refers to gpdma_lpc17xx.o(.text.GPDMA_ChannelGetCount) for GPDMA_ChannelGetCount
    uart_lpc17xx.o(.ARM.exidx.text.USART_GetRxCount) refers to uart_lpc17xx.o(.text.USART_GetRxCount) for [Anonymous Symbol]
    uart_lpc17xx.o(.text.USART_Control) refers to uart_lpc17xx.o(.text.USART_PIN_Configure) for USART_PIN_Configure
    uart_lpc17xx.o(.text.USART_Control) refers to gpdma_lpc17xx.o(.text.GPDMA_ChannelDisable) for GPDMA_ChannelDisable
    uart_lpc17xx.o(.text.USART_Control) refers to uart_lpc17xx.o(.text.GetUsartClockFreq) for GetUsartClockFreq
    uart_lpc17xx.o(.text.USART_Control) refers to uart_lpc17xx.o(.text.USART_SetBaudrate) for USART_SetBaudrate
    uart_lpc17xx.o(.text.USART_Control) refers to pin_lpc17xx.o(.text.PIN_Configure) for PIN_Configure
    uart_lpc17xx.o(.ARM.exidx.text.USART_Control) refers to uart_lpc17xx.o(.text.USART_Control) for [Anonymous Symbol]
    uart_lpc17xx.o(.text.USART_PIN_Configure) refers to pin_lpc17xx.o(.text.PIN_Configure) for PIN_Configure
    uart_lpc17xx.o(.ARM.exidx.text.USART_PIN_Configure) refers to uart_lpc17xx.o(.text.USART_PIN_Configure) for [Anonymous Symbol]
    uart_lpc17xx.o(.ARM.exidx.text.USART_GetStatus) refers to uart_lpc17xx.o(.text.USART_GetStatus) for [Anonymous Symbol]
    uart_lpc17xx.o(.ARM.exidx.text.USART_SetModemControl) refers to uart_lpc17xx.o(.text.USART_SetModemControl) for [Anonymous Symbol]
    uart_lpc17xx.o(.ARM.exidx.text.USART_GetModemStatus) refers to uart_lpc17xx.o(.text.USART_GetModemStatus) for [Anonymous Symbol]
    uart_lpc17xx.o(.rodata.Driver_USART1) refers to uart_lpc17xx.o(.text.USARTx_GetVersion) for USARTx_GetVersion
    uart_lpc17xx.o(.rodata.Driver_USART1) refers to uart_lpc17xx.o(.text.USART1_GetCapabilities) for USART1_GetCapabilities
    uart_lpc17xx.o(.rodata.Driver_USART1) refers to uart_lpc17xx.o(.text.USART1_Initialize) for USART1_Initialize
    uart_lpc17xx.o(.rodata.Driver_USART1) refers to uart_lpc17xx.o(.text.USART1_Uninitialize) for USART1_Uninitialize
    uart_lpc17xx.o(.rodata.Driver_USART1) refers to uart_lpc17xx.o(.text.USART1_PowerControl) for USART1_PowerControl
    uart_lpc17xx.o(.rodata.Driver_USART1) refers to uart_lpc17xx.o(.text.USART1_Send) for USART1_Send
    uart_lpc17xx.o(.rodata.Driver_USART1) refers to uart_lpc17xx.o(.text.USART1_Receive) for USART1_Receive
    uart_lpc17xx.o(.rodata.Driver_USART1) refers to uart_lpc17xx.o(.text.USART1_Transfer) for USART1_Transfer
    uart_lpc17xx.o(.rodata.Driver_USART1) refers to uart_lpc17xx.o(.text.USART1_GetTxCount) for USART1_GetTxCount
    uart_lpc17xx.o(.rodata.Driver_USART1) refers to uart_lpc17xx.o(.text.USART1_GetRxCount) for USART1_GetRxCount
    uart_lpc17xx.o(.rodata.Driver_USART1) refers to uart_lpc17xx.o(.text.USART1_Control) for USART1_Control
    uart_lpc17xx.o(.rodata.Driver_USART1) refers to uart_lpc17xx.o(.text.USART1_GetStatus) for USART1_GetStatus
    uart_lpc17xx.o(.rodata.Driver_USART1) refers to uart_lpc17xx.o(.text.USART1_SetModemControl) for USART1_SetModemControl
    uart_lpc17xx.o(.rodata.Driver_USART1) refers to uart_lpc17xx.o(.text.USART1_GetModemStatus) for USART1_GetModemStatus
    uart_lpc17xx.o(.rodata.USART1_DMA_Tx) refers to uart_lpc17xx.o(.text.USART1_GPDMA_Tx_Event) for USART1_GPDMA_Tx_Event
    uart_lpc17xx.o(.rodata.USART1_DMA_Rx) refers to uart_lpc17xx.o(.text.USART1_GPDMA_Rx_Event) for USART1_GPDMA_Rx_Event
    uart_lpc17xx.o(.rodata.USART1_Resources) refers to uart_lpc17xx.o(.rodata.USART1_pin_tx) for [Anonymous Symbol]
    uart_lpc17xx.o(.rodata.USART1_Resources) refers to uart_lpc17xx.o(.rodata.USART1_pin_rx) for [Anonymous Symbol]
    uart_lpc17xx.o(.rodata.USART1_Resources) refers to uart_lpc17xx.o(.rodata.USART1_DMA_Tx) for [Anonymous Symbol]
    uart_lpc17xx.o(.rodata.USART1_Resources) refers to uart_lpc17xx.o(.rodata.USART1_DMA_Rx) for [Anonymous Symbol]
    uart_lpc17xx.o(.rodata.USART1_Resources) refers to uart_lpc17xx.o(.bss.USART1_Info) for [Anonymous Symbol]
    gpdma_lpc17xx.o(.text.GPDMA_Initialize) refers to gpdma_lpc17xx.o(.bss.Init_cnt) for Init_cnt
    gpdma_lpc17xx.o(.text.GPDMA_Initialize) refers to gpdma_lpc17xx.o(.bss.Channel_info) for Channel_info
    gpdma_lpc17xx.o(.text.GPDMA_Initialize) refers to gpdma_lpc17xx.o(.text.__NVIC_ClearPendingIRQ) for __NVIC_ClearPendingIRQ
    gpdma_lpc17xx.o(.text.GPDMA_Initialize) refers to gpdma_lpc17xx.o(.text.__NVIC_EnableIRQ) for __NVIC_EnableIRQ
    gpdma_lpc17xx.o(.ARM.exidx.text.GPDMA_Initialize) refers to gpdma_lpc17xx.o(.text.GPDMA_Initialize) for [Anonymous Symbol]
    gpdma_lpc17xx.o(.ARM.exidx.text.__NVIC_ClearPendingIRQ) refers to gpdma_lpc17xx.o(.text.__NVIC_ClearPendingIRQ) for [Anonymous Symbol]
    gpdma_lpc17xx.o(.ARM.exidx.text.__NVIC_EnableIRQ) refers to gpdma_lpc17xx.o(.text.__NVIC_EnableIRQ) for [Anonymous Symbol]
    gpdma_lpc17xx.o(.text.GPDMA_Uninitialize) refers to gpdma_lpc17xx.o(.bss.Init_cnt) for Init_cnt
    gpdma_lpc17xx.o(.text.GPDMA_Uninitialize) refers to gpdma_lpc17xx.o(.text.__NVIC_DisableIRQ) for __NVIC_DisableIRQ
    gpdma_lpc17xx.o(.text.GPDMA_Uninitialize) refers to gpdma_lpc17xx.o(.text.__NVIC_ClearPendingIRQ) for __NVIC_ClearPendingIRQ
    gpdma_lpc17xx.o(.ARM.exidx.text.GPDMA_Uninitialize) refers to gpdma_lpc17xx.o(.text.GPDMA_Uninitialize) for [Anonymous Symbol]
    gpdma_lpc17xx.o(.ARM.exidx.text.__NVIC_DisableIRQ) refers to gpdma_lpc17xx.o(.text.__NVIC_DisableIRQ) for [Anonymous Symbol]
    gpdma_lpc17xx.o(.ARM.exidx.text.GPDMA_PeripheralSelect) refers to gpdma_lpc17xx.o(.text.GPDMA_PeripheralSelect) for [Anonymous Symbol]
    gpdma_lpc17xx.o(.text.GPDMA_ChannelConfigure) refers to gpdma_lpc17xx.o(.text.Set_Channel_active_flag) for Set_Channel_active_flag
    gpdma_lpc17xx.o(.text.GPDMA_ChannelConfigure) refers to gpdma_lpc17xx.o(.bss.Channel_info) for Channel_info
    gpdma_lpc17xx.o(.text.GPDMA_ChannelConfigure) refers to gpdma_lpc17xx.o(.text.Clear_Channel_active_flag) for Clear_Channel_active_flag
    gpdma_lpc17xx.o(.ARM.exidx.text.GPDMA_ChannelConfigure) refers to gpdma_lpc17xx.o(.text.GPDMA_ChannelConfigure) for [Anonymous Symbol]
    gpdma_lpc17xx.o(.text.Set_Channel_active_flag) refers to gpdma_lpc17xx.o(.bss.Channel_active) for Channel_active
    gpdma_lpc17xx.o(.ARM.exidx.text.Set_Channel_active_flag) refers to gpdma_lpc17xx.o(.text.Set_Channel_active_flag) for [Anonymous Symbol]
    gpdma_lpc17xx.o(.text.Clear_Channel_active_flag) refers to gpdma_lpc17xx.o(.bss.Channel_active) for Channel_active
    gpdma_lpc17xx.o(.ARM.exidx.text.Clear_Channel_active_flag) refers to gpdma_lpc17xx.o(.text.Clear_Channel_active_flag) for [Anonymous Symbol]
    gpdma_lpc17xx.o(.text.GPDMA_ChannelEnable) refers to gpdma_lpc17xx.o(.text.Set_Channel_active_flag) for Set_Channel_active_flag
    gpdma_lpc17xx.o(.ARM.exidx.text.GPDMA_ChannelEnable) refers to gpdma_lpc17xx.o(.text.GPDMA_ChannelEnable) for [Anonymous Symbol]
    gpdma_lpc17xx.o(.text.GPDMA_ChannelDisable) refers to gpdma_lpc17xx.o(.text.Clear_Channel_active_flag) for Clear_Channel_active_flag
    gpdma_lpc17xx.o(.ARM.exidx.text.GPDMA_ChannelDisable) refers to gpdma_lpc17xx.o(.text.GPDMA_ChannelDisable) for [Anonymous Symbol]
    gpdma_lpc17xx.o(.text.GPDMA_ChannelGetStatus) refers to gpdma_lpc17xx.o(.bss.Channel_active) for Channel_active
    gpdma_lpc17xx.o(.ARM.exidx.text.GPDMA_ChannelGetStatus) refers to gpdma_lpc17xx.o(.text.GPDMA_ChannelGetStatus) for [Anonymous Symbol]
    gpdma_lpc17xx.o(.text.GPDMA_ChannelGetCount) refers to gpdma_lpc17xx.o(.bss.Channel_info) for Channel_info
    gpdma_lpc17xx.o(.ARM.exidx.text.GPDMA_ChannelGetCount) refers to gpdma_lpc17xx.o(.text.GPDMA_ChannelGetCount) for [Anonymous Symbol]
    gpdma_lpc17xx.o(.text.DMA_IRQHandler) refers to gpdma_lpc17xx.o(.bss.Channel_info) for Channel_info
    gpdma_lpc17xx.o(.text.DMA_IRQHandler) refers to gpdma_lpc17xx.o(.text.Clear_Channel_active_flag) for Clear_Channel_active_flag
    gpdma_lpc17xx.o(.ARM.exidx.text.DMA_IRQHandler) refers to gpdma_lpc17xx.o(.text.DMA_IRQHandler) for [Anonymous Symbol]
    pin_lpc17xx.o(.ARM.exidx.text.PIN_Configure) refers to pin_lpc17xx.o(.text.PIN_Configure) for [Anonymous Symbol]
    pin_lpc17xx.o(.ARM.exidx.text.PIN_ConfigureTPIU) refers to pin_lpc17xx.o(.text.PIN_ConfigureTPIU) for [Anonymous Symbol]
    pin_lpc17xx.o(.ARM.exidx.text.PIN_ConfigureI2C0Pins) refers to pin_lpc17xx.o(.text.PIN_ConfigureI2C0Pins) for [Anonymous Symbol]
    startup_lpc17xx.o(STACK) refers (Special) to heapauxi.o(.text) for __use_two_region_memory
    startup_lpc17xx.o(HEAP) refers (Special) to heapauxi.o(.text) for __use_two_region_memory
    startup_lpc17xx.o(RESET) refers (Special) to heapauxi.o(.text) for __use_two_region_memory
    startup_lpc17xx.o(RESET) refers to startup_lpc17xx.o(STACK) for __initial_sp
    startup_lpc17xx.o(RESET) refers to startup_lpc17xx.o(.text) for Reset_Handler
    startup_lpc17xx.o(RESET) refers to uart_lpc17xx.o(.text.UART1_IRQHandler) for UART1_IRQHandler
    startup_lpc17xx.o(RESET) refers to gpdma_lpc17xx.o(.text.DMA_IRQHandler) for DMA_IRQHandler
    startup_lpc17xx.o(.ARM.__at_0x02FC) refers (Special) to heapauxi.o(.text) for __use_two_region_memory
    startup_lpc17xx.o(.text) refers (Special) to heapauxi.o(.text) for __use_two_region_memory
    startup_lpc17xx.o(.text) refers to system_lpc17xx.o(.text.SystemInit) for SystemInit
    startup_lpc17xx.o(.text) refers to __main.o(!!!main) for __main
    startup_lpc17xx.o(.text) refers to startup_lpc17xx.o(HEAP) for Heap_Mem
    startup_lpc17xx.o(.text) refers to startup_lpc17xx.o(STACK) for Stack_Mem
    system_lpc17xx.o(.text.SystemCoreClockUpdate) refers to lludivv7m.o(.text) for __aeabi_uldivmod
    system_lpc17xx.o(.text.SystemCoreClockUpdate) refers to system_lpc17xx.o(.data.SystemCoreClock) for SystemCoreClock
    system_lpc17xx.o(.ARM.exidx.text.SystemCoreClockUpdate) refers to system_lpc17xx.o(.text.SystemCoreClockUpdate) for [Anonymous Symbol]
    system_lpc17xx.o(.ARM.exidx.text.SystemInit) refers to system_lpc17xx.o(.text.SystemInit) for [Anonymous Symbol]
    __main.o(!!!main) refers to __rtentry.o(.ARM.Collect$$rtentry$$00000000) for __rt_entry
    __rtentry.o(.ARM.Collect$$rtentry$$00000000) refers (Special) to __rtentry2.o(.ARM.Collect$$rtentry$$0000000A) for __rt_entry_li
    __rtentry.o(.ARM.Collect$$rtentry$$00000000) refers (Special) to __rtentry2.o(.ARM.Collect$$rtentry$$0000000D) for __rt_entry_main
    __rtentry.o(.ARM.Collect$$rtentry$$00000000) refers (Special) to __rtentry2.o(.ARM.Collect$$rtentry$$0000000C) for __rt_entry_postli_1
    __rtentry.o(.ARM.Collect$$rtentry$$00000000) refers (Special) to __rtentry2.o(.ARM.Collect$$rtentry$$00000009) for __rt_entry_postsh_1
    __rtentry.o(.ARM.Collect$$rtentry$$00000000) refers (Special) to __rtentry2.o(.ARM.Collect$$rtentry$$00000002) for __rt_entry_presh_1
    __rtentry.o(.ARM.Collect$$rtentry$$00000000) refers (Special) to __rtentry4.o(.ARM.Collect$$rtentry$$00000004) for __rt_entry_sh
    aeabi_ldiv0_sigfpe.o(.text) refers to rt_div0.o(.text) for __rt_div0
    __rtentry2.o(.ARM.Collect$$rtentry$$00000008) refers to boardinit2.o(.text) for _platform_post_stackheap_init
    __rtentry2.o(.ARM.Collect$$rtentry$$0000000A) refers to libinit.o(.ARM.Collect$$libinit$$00000000) for __rt_lib_init
    __rtentry2.o(.ARM.Collect$$rtentry$$0000000B) refers to boardinit3.o(.text) for _platform_post_lib_init
    __rtentry2.o(.ARM.Collect$$rtentry$$0000000D) refers to main.o(.text.main) for main
    __rtentry2.o(.ARM.Collect$$rtentry$$0000000D) refers to exit.o(.text) for exit
    __rtentry2.o(.ARM.exidx) refers to __rtentry2.o(.ARM.Collect$$rtentry$$00000001) for .ARM.Collect$$rtentry$$00000001
    __rtentry2.o(.ARM.exidx) refers to __rtentry2.o(.ARM.Collect$$rtentry$$00000008) for .ARM.Collect$$rtentry$$00000008
    __rtentry2.o(.ARM.exidx) refers to __rtentry2.o(.ARM.Collect$$rtentry$$0000000A) for .ARM.Collect$$rtentry$$0000000A
    __rtentry2.o(.ARM.exidx) refers to __rtentry2.o(.ARM.Collect$$rtentry$$0000000B) for .ARM.Collect$$rtentry$$0000000B
    __rtentry2.o(.ARM.exidx) refers to __rtentry2.o(.ARM.Collect$$rtentry$$0000000D) for .ARM.Collect$$rtentry$$0000000D
    __rtentry4.o(.ARM.Collect$$rtentry$$00000004) refers to sys_stackheap_outer.o(.text) for __user_setup_stackheap
    __rtentry4.o(.ARM.exidx) refers to __rtentry4.o(.ARM.Collect$$rtentry$$00000004) for .ARM.Collect$$rtentry$$00000004
    rt_div0.o(.text) refers to defsig_fpe_outer.o(.text) for __rt_SIGFPE
    sys_stackheap_outer.o(.text) refers to libspace.o(.text) for __user_perproc_libspace
    sys_stackheap_outer.o(.text) refers to startup_lpc17xx.o(.text) for __user_initial_stackheap
    exit.o(.text) refers to rtexit.o(.ARM.Collect$$rtexit$$00000000) for __rt_exit
    defsig_fpe_outer.o(.text) refers to defsig_fpe_inner.o(.text) for __rt_SIGFPE_inner
    defsig_fpe_outer.o(.text) refers to defsig_exit.o(.text) for __sig_exit
    defsig_fpe_formal.o(.text) refers to rt_raise.o(.text) for __rt_raise
    libinit.o(.ARM.Collect$$libinit$$00000000) refers (Special) to libinit2.o(.ARM.Collect$$libinit$$00000030) for __rt_lib_init_alloca_1
    libinit.o(.ARM.Collect$$libinit$$00000000) refers (Special) to libinit2.o(.ARM.Collect$$libinit$$0000002E) for __rt_lib_init_argv_1
    libinit.o(.ARM.Collect$$libinit$$00000000) refers (Special) to libinit2.o(.ARM.Collect$$libinit$$0000001D) for __rt_lib_init_atexit_1
    libinit.o(.ARM.Collect$$libinit$$00000000) refers (Special) to libinit2.o(.ARM.Collect$$libinit$$00000023) for __rt_lib_init_clock_1
    libinit.o(.ARM.Collect$$libinit$$00000000) refers (Special) to libinit2.o(.ARM.Collect$$libinit$$00000034) for __rt_lib_init_cpp_1
    libinit.o(.ARM.Collect$$libinit$$00000000) refers (Special) to libinit2.o(.ARM.Collect$$libinit$$00000032) for __rt_lib_init_exceptions_1
    libinit.o(.ARM.Collect$$libinit$$00000000) refers (Special) to libinit2.o(.ARM.Collect$$libinit$$00000002) for __rt_lib_init_fp_1
    libinit.o(.ARM.Collect$$libinit$$00000000) refers (Special) to libinit2.o(.ARM.Collect$$libinit$$00000021) for __rt_lib_init_fp_trap_1
    libinit.o(.ARM.Collect$$libinit$$00000000) refers (Special) to libinit2.o(.ARM.Collect$$libinit$$00000025) for __rt_lib_init_getenv_1
    libinit.o(.ARM.Collect$$libinit$$00000000) refers (Special) to libinit2.o(.ARM.Collect$$libinit$$0000000C) for __rt_lib_init_heap_1
    libinit.o(.ARM.Collect$$libinit$$00000000) refers (Special) to libinit2.o(.ARM.Collect$$libinit$$00000013) for __rt_lib_init_lc_collate_1
    libinit.o(.ARM.Collect$$libinit$$00000000) refers (Special) to libinit2.o(.ARM.Collect$$libinit$$00000015) for __rt_lib_init_lc_ctype_1
    libinit.o(.ARM.Collect$$libinit$$00000000) refers (Special) to libinit2.o(.ARM.Collect$$libinit$$00000017) for __rt_lib_init_lc_monetary_1
    libinit.o(.ARM.Collect$$libinit$$00000000) refers (Special) to libinit2.o(.ARM.Collect$$libinit$$00000019) for __rt_lib_init_lc_numeric_1
    libinit.o(.ARM.Collect$$libinit$$00000000) refers (Special) to libinit2.o(.ARM.Collect$$libinit$$0000001B) for __rt_lib_init_lc_time_1
    libinit.o(.ARM.Collect$$libinit$$00000000) refers (Special) to libinit2.o(.ARM.Collect$$libinit$$00000006) for __rt_lib_init_preinit_1
    libinit.o(.ARM.Collect$$libinit$$00000000) refers (Special) to libinit2.o(.ARM.Collect$$libinit$$00000010) for __rt_lib_init_rand_1
    libinit.o(.ARM.Collect$$libinit$$00000000) refers (Special) to libinit2.o(.ARM.Collect$$libinit$$00000004) for __rt_lib_init_relocate_pie_1
    libinit.o(.ARM.Collect$$libinit$$00000000) refers (Special) to libinit2.o(.ARM.Collect$$libinit$$00000035) for __rt_lib_init_return
    libinit.o(.ARM.Collect$$libinit$$00000000) refers (Special) to libinit2.o(.ARM.Collect$$libinit$$0000001F) for __rt_lib_init_signal_1
    libinit.o(.ARM.Collect$$libinit$$00000000) refers (Special) to libinit2.o(.ARM.Collect$$libinit$$00000027) for __rt_lib_init_stdio_1
    libinit.o(.ARM.Collect$$libinit$$00000000) refers (Special) to libinit2.o(.ARM.Collect$$libinit$$0000000E) for __rt_lib_init_user_alloc_1
    libspace.o(.text) refers to libspace.o(.bss) for __libspace_start
    rtexit.o(.ARM.Collect$$rtexit$$00000000) refers (Special) to rtexit2.o(.ARM.Collect$$rtexit$$00000004) for __rt_exit_exit
    rtexit.o(.ARM.Collect$$rtexit$$00000000) refers (Special) to rtexit2.o(.ARM.Collect$$rtexit$$00000003) for __rt_exit_ls
    rtexit.o(.ARM.Collect$$rtexit$$00000000) refers (Special) to rtexit2.o(.ARM.Collect$$rtexit$$00000002) for __rt_exit_prels_1
    rtexit.o(.ARM.exidx) refers (Special) to rtexit2.o(.ARM.Collect$$rtexit$$00000004) for __rt_exit_exit
    rtexit.o(.ARM.exidx) refers (Special) to rtexit2.o(.ARM.Collect$$rtexit$$00000003) for __rt_exit_ls
    rtexit.o(.ARM.exidx) refers (Special) to rtexit2.o(.ARM.Collect$$rtexit$$00000002) for __rt_exit_prels_1
    rtexit.o(.ARM.exidx) refers to rtexit.o(.ARM.Collect$$rtexit$$00000000) for .ARM.Collect$$rtexit$$00000000
    rt_raise.o(.text) refers to __raise.o(.text) for __raise
    rt_raise.o(.text) refers to sys_exit.o(.text) for _sys_exit
    defsig_exit.o(.text) refers to sys_exit.o(.text) for _sys_exit
    defsig_fpe_inner.o(.text) refers to defsig_general.o(.text) for __default_signal_display
    libinit2.o(.ARM.Collect$$libinit$$00000012) refers to libinit2.o(.ARM.Collect$$libinit$$00000011) for .ARM.Collect$$libinit$$00000011
    libinit2.o(.ARM.Collect$$libinit$$00000014) refers to libinit2.o(.ARM.Collect$$libinit$$00000011) for .ARM.Collect$$libinit$$00000011
    libinit2.o(.ARM.Collect$$libinit$$00000016) refers to libinit2.o(.ARM.Collect$$libinit$$00000011) for .ARM.Collect$$libinit$$00000011
    libinit2.o(.ARM.Collect$$libinit$$00000018) refers to libinit2.o(.ARM.Collect$$libinit$$00000011) for .ARM.Collect$$libinit$$00000011
    libinit2.o(.ARM.Collect$$libinit$$0000001A) refers to libinit2.o(.ARM.Collect$$libinit$$00000011) for .ARM.Collect$$libinit$$00000011
    libinit2.o(.ARM.Collect$$libinit$$00000028) refers to argv_veneer.o(.emb_text) for __ARM_argv_veneer
    libinit2.o(.ARM.Collect$$libinit$$00000029) refers to argv_veneer.o(.emb_text) for __ARM_argv_veneer
    sys_exit.o(.text) refers (Special) to use_no_semi.o(.text) for __I$use$semihosting
    sys_exit.o(.text) refers (Special) to indicate_semi.o(.text) for __semihosting_library_function
    sys_exit_hlt.o(.text) refers (Special) to use_no_semi.o(.text) for __I$use$semihosting
    sys_exit_hlt.o(.text) refers (Special) to indicate_semi.o(.text) for __semihosting_library_function
    rtexit2.o(.ARM.Collect$$rtexit$$00000003) refers to libshutdown.o(.ARM.Collect$$libshutdown$$00000000) for __rt_lib_shutdown
    rtexit2.o(.ARM.Collect$$rtexit$$00000004) refers to sys_exit.o(.text) for _sys_exit
    rtexit2.o(.ARM.exidx) refers to rtexit2.o(.ARM.Collect$$rtexit$$00000001) for .ARM.Collect$$rtexit$$00000001
    rtexit2.o(.ARM.exidx) refers to rtexit2.o(.ARM.Collect$$rtexit$$00000003) for .ARM.Collect$$rtexit$$00000003
    rtexit2.o(.ARM.exidx) refers to rtexit2.o(.ARM.Collect$$rtexit$$00000004) for .ARM.Collect$$rtexit$$00000004
    __raise.o(.text) refers to defsig.o(CL$$defsig) for __default_signal_handler
    defsig_general.o(.text) refers to sys_wrch.o(.text) for _ttywrch
    argv_veneer.o(.emb_text) refers to no_argv.o(.text) for __ARM_get_argv
    sys_wrch.o(.text) refers (Special) to use_no_semi.o(.text) for __I$use$semihosting
    sys_wrch.o(.text) refers (Special) to indicate_semi.o(.text) for __semihosting_library_function
    sys_wrch_hlt.o(.text) refers (Special) to use_no_semi.o(.text) for __I$use$semihosting
    sys_wrch_hlt.o(.text) refers (Special) to indicate_semi.o(.text) for __semihosting_library_function
    defsig.o(CL$$defsig) refers to defsig_fpe_inner.o(.text) for __rt_SIGFPE_inner
    defsig.o(CL$$defsig) refers to defsig_rtmem_inner.o(.text) for __rt_SIGRTMEM_inner
    _get_argv_nomalloc.o(.text) refers (Special) to hrguard.o(.text) for __heap_region$guard
    _get_argv_nomalloc.o(.text) refers to defsig_rtmem_outer.o(.text) for __rt_SIGRTMEM
    _get_argv_nomalloc.o(.text) refers to sys_command.o(.text) for _sys_command_string
    libshutdown.o(.ARM.Collect$$libshutdown$$00000000) refers (Special) to libshutdown2.o(.ARM.Collect$$libshutdown$$00000002) for __rt_lib_shutdown_cpp_1
    libshutdown.o(.ARM.Collect$$libshutdown$$00000000) refers (Special) to libshutdown2.o(.ARM.Collect$$libshutdown$$00000007) for __rt_lib_shutdown_fp_trap_1
    libshutdown.o(.ARM.Collect$$libshutdown$$00000000) refers (Special) to libshutdown2.o(.ARM.Collect$$libshutdown$$0000000F) for __rt_lib_shutdown_heap_1
    libshutdown.o(.ARM.Collect$$libshutdown$$00000000) refers (Special) to libshutdown2.o(.ARM.Collect$$libshutdown$$00000010) for __rt_lib_shutdown_return
    libshutdown.o(.ARM.Collect$$libshutdown$$00000000) refers (Special) to libshutdown2.o(.ARM.Collect$$libshutdown$$0000000A) for __rt_lib_shutdown_signal_1
    libshutdown.o(.ARM.Collect$$libshutdown$$00000000) refers (Special) to libshutdown2.o(.ARM.Collect$$libshutdown$$00000004) for __rt_lib_shutdown_stdio_1
    libshutdown.o(.ARM.Collect$$libshutdown$$00000000) refers (Special) to libshutdown2.o(.ARM.Collect$$libshutdown$$0000000C) for __rt_lib_shutdown_user_alloc_1
    sys_command.o(.text) refers (Special) to use_no_semi.o(.text) for __I$use$semihosting
    sys_command.o(.text) refers (Special) to indicate_semi.o(.text) for __semihosting_library_function
    sys_command_hlt.o(.text) refers (Special) to use_no_semi.o(.text) for __I$use$semihosting
    sys_command_hlt.o(.text) refers (Special) to indicate_semi.o(.text) for __semihosting_library_function
    defsig_abrt_inner.o(.text) refers to defsig_general.o(.text) for __default_signal_display
    defsig_rtred_inner.o(.text) refers to defsig_general.o(.text) for __default_signal_display
    defsig_rtmem_inner.o(.text) refers to defsig_general.o(.text) for __default_signal_display
    defsig_rtmem_outer.o(.text) refers to defsig_rtmem_inner.o(.text) for __rt_SIGRTMEM_inner
    defsig_rtmem_outer.o(.text) refers to defsig_exit.o(.text) for __sig_exit
    defsig_rtmem_formal.o(.text) refers to rt_raise.o(.text) for __rt_raise
    defsig_stak_inner.o(.text) refers to defsig_general.o(.text) for __default_signal_display
    defsig_pvfn_inner.o(.text) refers to defsig_general.o(.text) for __default_signal_display
    defsig_cppl_inner.o(.text) refers to defsig_general.o(.text) for __default_signal_display
    defsig_segv_inner.o(.text) refers to defsig_general.o(.text) for __default_signal_display
    defsig_other.o(.text) refers to defsig_general.o(.text) for __default_signal_display


==============================================================================

Removing Unused input sections from the image.

    Removing main.o(.text), (0 bytes).
    Removing main.o(.ARM.exidx.text.main), (8 bytes).
    Removing main.o(.text.Init_UART_Lidar), (66 bytes).
    Removing main.o(.ARM.exidx.text.Init_UART_Lidar), (8 bytes).
    Removing main.o(.ARM.use_no_argv), (4 bytes).
    Removing uart_lpc17xx.o(.text), (0 bytes).
    Removing uart_lpc17xx.o(.text.USART_SetBaudrate), (420 bytes).
    Removing uart_lpc17xx.o(.ARM.exidx.text.USART_SetBaudrate), (8 bytes).
    Removing uart_lpc17xx.o(.text.GetUsartClockFreq), (90 bytes).
    Removing uart_lpc17xx.o(.ARM.exidx.text.GetUsartClockFreq), (8 bytes).
    Removing uart_lpc17xx.o(.ARM.exidx.text.UART1_IRQHandler), (8 bytes).
    Removing uart_lpc17xx.o(.ARM.exidx.text.USART_IRQHandler), (8 bytes).
    Removing uart_lpc17xx.o(.ARM.exidx.text.USART1_GPDMA_Tx_Event), (8 bytes).
    Removing uart_lpc17xx.o(.ARM.exidx.text.USART_GPDMA_Tx_Event), (8 bytes).
    Removing uart_lpc17xx.o(.ARM.exidx.text.USART1_GPDMA_Rx_Event), (8 bytes).
    Removing uart_lpc17xx.o(.ARM.exidx.text.USART_GPDMA_Rx_Event), (8 bytes).
    Removing uart_lpc17xx.o(.text.USARTx_GetVersion), (18 bytes).
    Removing uart_lpc17xx.o(.ARM.exidx.text.USARTx_GetVersion), (8 bytes).
    Removing uart_lpc17xx.o(.text.USART1_GetCapabilities), (24 bytes).
    Removing uart_lpc17xx.o(.ARM.exidx.text.USART1_GetCapabilities), (8 bytes).
    Removing uart_lpc17xx.o(.text.USART1_Initialize), (24 bytes).
    Removing uart_lpc17xx.o(.ARM.exidx.text.USART1_Initialize), (8 bytes).
    Removing uart_lpc17xx.o(.text.USART1_Uninitialize), (16 bytes).
    Removing uart_lpc17xx.o(.ARM.exidx.text.USART1_Uninitialize), (8 bytes).
    Removing uart_lpc17xx.o(.text.USART1_PowerControl), (28 bytes).
    Removing uart_lpc17xx.o(.ARM.exidx.text.USART1_PowerControl), (8 bytes).
    Removing uart_lpc17xx.o(.text.USART1_Send), (28 bytes).
    Removing uart_lpc17xx.o(.ARM.exidx.text.USART1_Send), (8 bytes).
    Removing uart_lpc17xx.o(.text.USART1_Receive), (28 bytes).
    Removing uart_lpc17xx.o(.ARM.exidx.text.USART1_Receive), (8 bytes).
    Removing uart_lpc17xx.o(.text.USART1_Transfer), (32 bytes).
    Removing uart_lpc17xx.o(.ARM.exidx.text.USART1_Transfer), (8 bytes).
    Removing uart_lpc17xx.o(.text.USART1_GetTxCount), (16 bytes).
    Removing uart_lpc17xx.o(.ARM.exidx.text.USART1_GetTxCount), (8 bytes).
    Removing uart_lpc17xx.o(.text.USART1_GetRxCount), (16 bytes).
    Removing uart_lpc17xx.o(.ARM.exidx.text.USART1_GetRxCount), (8 bytes).
    Removing uart_lpc17xx.o(.text.USART1_Control), (28 bytes).
    Removing uart_lpc17xx.o(.ARM.exidx.text.USART1_Control), (8 bytes).
    Removing uart_lpc17xx.o(.text.USART1_GetStatus), (24 bytes).
    Removing uart_lpc17xx.o(.ARM.exidx.text.USART1_GetStatus), (8 bytes).
    Removing uart_lpc17xx.o(.text.USART1_SetModemControl), (28 bytes).
    Removing uart_lpc17xx.o(.ARM.exidx.text.USART1_SetModemControl), (8 bytes).
    Removing uart_lpc17xx.o(.text.USART1_GetModemStatus), (24 bytes).
    Removing uart_lpc17xx.o(.ARM.exidx.text.USART1_GetModemStatus), (8 bytes).
    Removing uart_lpc17xx.o(.ARM.exidx.text.USART_RxLineIntHandler), (8 bytes).
    Removing uart_lpc17xx.o(.text.USART_GetCapabilities), (16 bytes).
    Removing uart_lpc17xx.o(.ARM.exidx.text.USART_GetCapabilities), (8 bytes).
    Removing uart_lpc17xx.o(.text.USART_Initialize), (356 bytes).
    Removing uart_lpc17xx.o(.ARM.exidx.text.USART_Initialize), (8 bytes).
    Removing uart_lpc17xx.o(.text.USART_Uninitialize), (306 bytes).
    Removing uart_lpc17xx.o(.ARM.exidx.text.USART_Uninitialize), (8 bytes).
    Removing uart_lpc17xx.o(.text.USART_PowerControl), (706 bytes).
    Removing uart_lpc17xx.o(.ARM.exidx.text.USART_PowerControl), (8 bytes).
    Removing uart_lpc17xx.o(.text.__NVIC_DisableIRQ), (56 bytes).
    Removing uart_lpc17xx.o(.ARM.exidx.text.__NVIC_DisableIRQ), (8 bytes).
    Removing uart_lpc17xx.o(.text.__NVIC_ClearPendingIRQ), (48 bytes).
    Removing uart_lpc17xx.o(.ARM.exidx.text.__NVIC_ClearPendingIRQ), (8 bytes).
    Removing uart_lpc17xx.o(.text.__NVIC_EnableIRQ), (48 bytes).
    Removing uart_lpc17xx.o(.ARM.exidx.text.__NVIC_EnableIRQ), (8 bytes).
    Removing uart_lpc17xx.o(.text.USART_Send), (578 bytes).
    Removing uart_lpc17xx.o(.ARM.exidx.text.USART_Send), (8 bytes).
    Removing uart_lpc17xx.o(.text.USART_Receive), (390 bytes).
    Removing uart_lpc17xx.o(.ARM.exidx.text.USART_Receive), (8 bytes).
    Removing uart_lpc17xx.o(.text.USART_Transfer), (170 bytes).
    Removing uart_lpc17xx.o(.ARM.exidx.text.USART_Transfer), (8 bytes).
    Removing uart_lpc17xx.o(.text.USART_GetTxCount), (44 bytes).
    Removing uart_lpc17xx.o(.ARM.exidx.text.USART_GetTxCount), (8 bytes).
    Removing uart_lpc17xx.o(.text.USART_GetRxCount), (44 bytes).
    Removing uart_lpc17xx.o(.ARM.exidx.text.USART_GetRxCount), (8 bytes).
    Removing uart_lpc17xx.o(.text.USART_Control), (2028 bytes).
    Removing uart_lpc17xx.o(.ARM.exidx.text.USART_Control), (8 bytes).
    Removing uart_lpc17xx.o(.text.USART_PIN_Configure), (312 bytes).
    Removing uart_lpc17xx.o(.ARM.exidx.text.USART_PIN_Configure), (8 bytes).
    Removing uart_lpc17xx.o(.text.USART_GetStatus), (152 bytes).
    Removing uart_lpc17xx.o(.ARM.exidx.text.USART_GetStatus), (8 bytes).
    Removing uart_lpc17xx.o(.text.USART_SetModemControl), (242 bytes).
    Removing uart_lpc17xx.o(.ARM.exidx.text.USART_SetModemControl), (8 bytes).
    Removing uart_lpc17xx.o(.text.USART_GetModemStatus), (246 bytes).
    Removing uart_lpc17xx.o(.ARM.exidx.text.USART_GetModemStatus), (8 bytes).
    Removing uart_lpc17xx.o(.rodata.fract_div_lookup_table), (288 bytes).
    Removing uart_lpc17xx.o(.rodata.Driver_USART1), (56 bytes).
    Removing uart_lpc17xx.o(.rodata.usart_driver_version), (4 bytes).
    Removing gpdma_lpc17xx.o(.text), (0 bytes).
    Removing gpdma_lpc17xx.o(.text.GPDMA_Initialize), (190 bytes).
    Removing gpdma_lpc17xx.o(.ARM.exidx.text.GPDMA_Initialize), (8 bytes).
    Removing gpdma_lpc17xx.o(.text.__NVIC_ClearPendingIRQ), (48 bytes).
    Removing gpdma_lpc17xx.o(.ARM.exidx.text.__NVIC_ClearPendingIRQ), (8 bytes).
    Removing gpdma_lpc17xx.o(.text.__NVIC_EnableIRQ), (48 bytes).
    Removing gpdma_lpc17xx.o(.ARM.exidx.text.__NVIC_EnableIRQ), (8 bytes).
    Removing gpdma_lpc17xx.o(.text.GPDMA_Uninitialize), (94 bytes).
    Removing gpdma_lpc17xx.o(.ARM.exidx.text.GPDMA_Uninitialize), (8 bytes).
    Removing gpdma_lpc17xx.o(.text.__NVIC_DisableIRQ), (56 bytes).
    Removing gpdma_lpc17xx.o(.ARM.exidx.text.__NVIC_DisableIRQ), (8 bytes).
    Removing gpdma_lpc17xx.o(.text.GPDMA_PeripheralSelect), (136 bytes).
    Removing gpdma_lpc17xx.o(.ARM.exidx.text.GPDMA_PeripheralSelect), (8 bytes).
    Removing gpdma_lpc17xx.o(.text.GPDMA_ChannelConfigure), (416 bytes).
    Removing gpdma_lpc17xx.o(.ARM.exidx.text.GPDMA_ChannelConfigure), (8 bytes).
    Removing gpdma_lpc17xx.o(.text.Set_Channel_active_flag), (92 bytes).
    Removing gpdma_lpc17xx.o(.ARM.exidx.text.Set_Channel_active_flag), (8 bytes).
    Removing gpdma_lpc17xx.o(.ARM.exidx.text.Clear_Channel_active_flag), (8 bytes).
    Removing gpdma_lpc17xx.o(.text.GPDMA_ChannelEnable), (82 bytes).
    Removing gpdma_lpc17xx.o(.ARM.exidx.text.GPDMA_ChannelEnable), (8 bytes).
    Removing gpdma_lpc17xx.o(.text.GPDMA_ChannelDisable), (68 bytes).
    Removing gpdma_lpc17xx.o(.ARM.exidx.text.GPDMA_ChannelDisable), (8 bytes).
    Removing gpdma_lpc17xx.o(.text.GPDMA_ChannelGetStatus), (62 bytes).
    Removing gpdma_lpc17xx.o(.ARM.exidx.text.GPDMA_ChannelGetStatus), (8 bytes).
    Removing gpdma_lpc17xx.o(.text.GPDMA_ChannelGetCount), (72 bytes).
    Removing gpdma_lpc17xx.o(.ARM.exidx.text.GPDMA_ChannelGetCount), (8 bytes).
    Removing gpdma_lpc17xx.o(.ARM.exidx.text.DMA_IRQHandler), (8 bytes).
    Removing gpdma_lpc17xx.o(.bss.Init_cnt), (4 bytes).
    Removing pin_lpc17xx.o(.text), (0 bytes).
    Removing pin_lpc17xx.o(.text.PIN_Configure), (292 bytes).
    Removing pin_lpc17xx.o(.ARM.exidx.text.PIN_Configure), (8 bytes).
    Removing pin_lpc17xx.o(.text.PIN_ConfigureTPIU), (58 bytes).
    Removing pin_lpc17xx.o(.ARM.exidx.text.PIN_ConfigureTPIU), (8 bytes).
    Removing pin_lpc17xx.o(.text.PIN_ConfigureI2C0Pins), (72 bytes).
    Removing pin_lpc17xx.o(.ARM.exidx.text.PIN_ConfigureI2C0Pins), (8 bytes).
    Removing system_lpc17xx.o(.text), (0 bytes).
    Removing system_lpc17xx.o(.text.SystemCoreClockUpdate), (428 bytes).
    Removing system_lpc17xx.o(.ARM.exidx.text.SystemCoreClockUpdate), (8 bytes).
    Removing system_lpc17xx.o(.ARM.exidx.text.SystemInit), (8 bytes).
    Removing system_lpc17xx.o(.data.SystemCoreClock), (4 bytes).

122 unused section(s) (total 9714 bytes) removed from the image.

==============================================================================

Image Symbol Table

    Local Symbols

    Symbol Name                              Value     Ov Type        Size  Object(Section)

    ../clib/angel/boardlib.s                 0x00000000   Number         0  boardinit1.o ABSOLUTE
    ../clib/angel/boardlib.s                 0x00000000   Number         0  boardinit2.o ABSOLUTE
    ../clib/angel/boardlib.s                 0x00000000   Number         0  boardinit3.o ABSOLUTE
    ../clib/angel/boardlib.s                 0x00000000   Number         0  boardshut.o ABSOLUTE
    ../clib/angel/handlers.s                 0x00000000   Number         0  __scatter_zi.o ABSOLUTE
    ../clib/angel/kernel.s                   0x00000000   Number         0  __rtentry.o ABSOLUTE
    ../clib/angel/kernel.s                   0x00000000   Number         0  __rtentry2.o ABSOLUTE
    ../clib/angel/kernel.s                   0x00000000   Number         0  __rtentry4.o ABSOLUTE
    ../clib/angel/kernel.s                   0x00000000   Number         0  rtexit.o ABSOLUTE
    ../clib/angel/kernel.s                   0x00000000   Number         0  rtexit2.o ABSOLUTE
    ../clib/angel/rt.s                       0x00000000   Number         0  aeabi_ldiv0.o ABSOLUTE
    ../clib/angel/rt.s                       0x00000000   Number         0  aeabi_ldiv0_sigfpe.o ABSOLUTE
    ../clib/angel/rt.s                       0x00000000   Number         0  rt_div0.o ABSOLUTE
    ../clib/angel/rt.s                       0x00000000   Number         0  rt_raise.o ABSOLUTE
    ../clib/angel/scatter.s                  0x00000000   Number         0  __scatter.o ABSOLUTE
    ../clib/angel/startup.s                  0x00000000   Number         0  __main.o ABSOLUTE
    ../clib/angel/sys.s                      0x00000000   Number         0  sys_stackheap_outer.o ABSOLUTE
    ../clib/angel/sys.s                      0x00000000   Number         0  libspace.o ABSOLUTE
    ../clib/angel/sys.s                      0x00000000   Number         0  use_no_semi.o ABSOLUTE
    ../clib/angel/sys.s                      0x00000000   Number         0  indicate_semi.o ABSOLUTE
    ../clib/angel/sysapp.c                   0x00000000   Number         0  sys_exit.o ABSOLUTE
    ../clib/angel/sysapp.c                   0x00000000   Number         0  sys_exit_hlt.o ABSOLUTE
    ../clib/angel/sysapp.c                   0x00000000   Number         0  sys_wrch.o ABSOLUTE
    ../clib/angel/sysapp.c                   0x00000000   Number         0  sys_wrch_hlt.o ABSOLUTE
    ../clib/angel/sysapp.c                   0x00000000   Number         0  sys_command.o ABSOLUTE
    ../clib/angel/sysapp.c                   0x00000000   Number         0  sys_command_hlt.o ABSOLUTE
    ../clib/armsys.c                         0x00000000   Number         0  argv_veneer.o ABSOLUTE
    ../clib/armsys.c                         0x00000000   Number         0  argv_veneer.o ABSOLUTE
    ../clib/armsys.c                         0x00000000   Number         0  _get_argv_nomalloc.o ABSOLUTE
    ../clib/armsys.c                         0x00000000   Number         0  no_argv.o ABSOLUTE
    ../clib/heapalloc.c                      0x00000000   Number         0  hrguard.o ABSOLUTE
    ../clib/heapaux.c                        0x00000000   Number         0  heapauxi.o ABSOLUTE
    ../clib/libinit.s                        0x00000000   Number         0  libinit.o ABSOLUTE
    ../clib/libinit.s                        0x00000000   Number         0  libinit2.o ABSOLUTE
    ../clib/libinit.s                        0x00000000   Number         0  libshutdown.o ABSOLUTE
    ../clib/libinit.s                        0x00000000   Number         0  libshutdown2.o ABSOLUTE
    ../clib/longlong.s                       0x00000000   Number         0  lludivv7m.o ABSOLUTE
    ../clib/signal.c                         0x00000000   Number         0  defsig_fpe_outer.o ABSOLUTE
    ../clib/signal.c                         0x00000000   Number         0  defsig_fpe_formal.o ABSOLUTE
    ../clib/signal.c                         0x00000000   Number         0  defsig_exit.o ABSOLUTE
    ../clib/signal.c                         0x00000000   Number         0  defsig_fpe_inner.o ABSOLUTE
    ../clib/signal.c                         0x00000000   Number         0  __raise.o ABSOLUTE
    ../clib/signal.c                         0x00000000   Number         0  defsig_general.o ABSOLUTE
    ../clib/signal.c                         0x00000000   Number         0  defsig_abrt_inner.o ABSOLUTE
    ../clib/signal.c                         0x00000000   Number         0  defsig_rtred_inner.o ABSOLUTE
    ../clib/signal.c                         0x00000000   Number         0  defsig_rtmem_inner.o ABSOLUTE
    ../clib/signal.c                         0x00000000   Number         0  defsig_rtmem_outer.o ABSOLUTE
    ../clib/signal.c                         0x00000000   Number         0  defsig_rtmem_formal.o ABSOLUTE
    ../clib/signal.c                         0x00000000   Number         0  defsig_stak_inner.o ABSOLUTE
    ../clib/signal.c                         0x00000000   Number         0  defsig_pvfn_inner.o ABSOLUTE
    ../clib/signal.c                         0x00000000   Number         0  defsig_cppl_inner.o ABSOLUTE
    ../clib/signal.c                         0x00000000   Number         0  defsig_segv_inner.o ABSOLUTE
    ../clib/signal.c                         0x00000000   Number         0  defsig_other.o ABSOLUTE
    ../clib/signal.s                         0x00000000   Number         0  defsig.o ABSOLUTE
    ../clib/stdlib.c                         0x00000000   Number         0  exit.o ABSOLUTE
    ../fplib/fpinit.s                        0x00000000   Number         0  fpinit.o ABSOLUTE
    ../fplib/fpinit_empty.s                  0x00000000   Number         0  fpinit_empty.o ABSOLUTE
    GPDMA_LPC17xx.c                          0x00000000   Number         0  gpdma_lpc17xx.o ABSOLUTE
    PIN_LPC17xx.c                            0x00000000   Number         0  pin_lpc17xx.o ABSOLUTE
    RTE/Device/LPC1768/startup_LPC17xx.s     0x00000000   Number         0  startup_lpc17xx.o ABSOLUTE
    UART_LPC17xx.c                           0x00000000   Number         0  uart_lpc17xx.o ABSOLUTE
    dc.s                                     0x00000000   Number         0  dc.o ABSOLUTE
    main.c                                   0x00000000   Number         0  main.o ABSOLUTE
    system_LPC17xx.c                         0x00000000   Number         0  system_lpc17xx.o ABSOLUTE
    RESET                                    0x00000000   Section      204  startup_lpc17xx.o(RESET)
    !!!main                                  0x000000cc   Section        8  __main.o(!!!main)
    !!!scatter                               0x000000d4   Section       92  __scatter.o(!!!scatter)
    !!handler_null                           0x00000130   Section        2  __scatter.o(!!handler_null)
    !!handler_zi                             0x00000134   Section       28  __scatter_zi.o(!!handler_zi)
    .ARM.Collect$$libinit$$00000000          0x00000150   Section        2  libinit.o(.ARM.Collect$$libinit$$00000000)
    .ARM.Collect$$libinit$$00000002          0x00000152   Section        0  libinit2.o(.ARM.Collect$$libinit$$00000002)
    .ARM.Collect$$libinit$$00000004          0x00000152   Section        0  libinit2.o(.ARM.Collect$$libinit$$00000004)
    .ARM.Collect$$libinit$$00000006          0x00000152   Section        0  libinit2.o(.ARM.Collect$$libinit$$00000006)
    .ARM.Collect$$libinit$$0000000C          0x00000152   Section        0  libinit2.o(.ARM.Collect$$libinit$$0000000C)
    .ARM.Collect$$libinit$$0000000E          0x00000152   Section        0  libinit2.o(.ARM.Collect$$libinit$$0000000E)
    .ARM.Collect$$libinit$$00000010          0x00000152   Section        0  libinit2.o(.ARM.Collect$$libinit$$00000010)
    .ARM.Collect$$libinit$$00000013          0x00000152   Section        0  libinit2.o(.ARM.Collect$$libinit$$00000013)
    .ARM.Collect$$libinit$$00000015          0x00000152   Section        0  libinit2.o(.ARM.Collect$$libinit$$00000015)
    .ARM.Collect$$libinit$$00000017          0x00000152   Section        0  libinit2.o(.ARM.Collect$$libinit$$00000017)
    .ARM.Collect$$libinit$$00000019          0x00000152   Section        0  libinit2.o(.ARM.Collect$$libinit$$00000019)
    .ARM.Collect$$libinit$$0000001B          0x00000152   Section        0  libinit2.o(.ARM.Collect$$libinit$$0000001B)
    .ARM.Collect$$libinit$$0000001D          0x00000152   Section        0  libinit2.o(.ARM.Collect$$libinit$$0000001D)
    .ARM.Collect$$libinit$$0000001F          0x00000152   Section        0  libinit2.o(.ARM.Collect$$libinit$$0000001F)
    .ARM.Collect$$libinit$$00000021          0x00000152   Section        0  libinit2.o(.ARM.Collect$$libinit$$00000021)
    .ARM.Collect$$libinit$$00000023          0x00000152   Section        0  libinit2.o(.ARM.Collect$$libinit$$00000023)
    .ARM.Collect$$libinit$$00000025          0x00000152   Section        0  libinit2.o(.ARM.Collect$$libinit$$00000025)
    .ARM.Collect$$libinit$$00000027          0x00000152   Section        0  libinit2.o(.ARM.Collect$$libinit$$00000027)
    .ARM.Collect$$libinit$$0000002E          0x00000152   Section        0  libinit2.o(.ARM.Collect$$libinit$$0000002E)
    .ARM.Collect$$libinit$$00000030          0x00000152   Section        0  libinit2.o(.ARM.Collect$$libinit$$00000030)
    .ARM.Collect$$libinit$$00000032          0x00000152   Section        0  libinit2.o(.ARM.Collect$$libinit$$00000032)
    .ARM.Collect$$libinit$$00000034          0x00000152   Section        0  libinit2.o(.ARM.Collect$$libinit$$00000034)
    .ARM.Collect$$libinit$$00000035          0x00000152   Section        2  libinit2.o(.ARM.Collect$$libinit$$00000035)
    .ARM.Collect$$libshutdown$$00000000      0x00000154   Section        2  libshutdown.o(.ARM.Collect$$libshutdown$$00000000)
    .ARM.Collect$$libshutdown$$00000002      0x00000156   Section        0  libshutdown2.o(.ARM.Collect$$libshutdown$$00000002)
    .ARM.Collect$$libshutdown$$00000004      0x00000156   Section        0  libshutdown2.o(.ARM.Collect$$libshutdown$$00000004)
    .ARM.Collect$$libshutdown$$00000007      0x00000156   Section        0  libshutdown2.o(.ARM.Collect$$libshutdown$$00000007)
    .ARM.Collect$$libshutdown$$0000000A      0x00000156   Section        0  libshutdown2.o(.ARM.Collect$$libshutdown$$0000000A)
    .ARM.Collect$$libshutdown$$0000000C      0x00000156   Section        0  libshutdown2.o(.ARM.Collect$$libshutdown$$0000000C)
    .ARM.Collect$$libshutdown$$0000000F      0x00000156   Section        0  libshutdown2.o(.ARM.Collect$$libshutdown$$0000000F)
    .ARM.Collect$$libshutdown$$00000010      0x00000156   Section        2  libshutdown2.o(.ARM.Collect$$libshutdown$$00000010)
    .ARM.Collect$$rtentry$$00000000          0x00000158   Section        0  __rtentry.o(.ARM.Collect$$rtentry$$00000000)
    .ARM.Collect$$rtentry$$00000002          0x00000158   Section        0  __rtentry2.o(.ARM.Collect$$rtentry$$00000002)
    .ARM.Collect$$rtentry$$00000004          0x00000158   Section        6  __rtentry4.o(.ARM.Collect$$rtentry$$00000004)
    .ARM.Collect$$rtentry$$00000009          0x0000015e   Section        0  __rtentry2.o(.ARM.Collect$$rtentry$$00000009)
    .ARM.Collect$$rtentry$$0000000A          0x0000015e   Section        4  __rtentry2.o(.ARM.Collect$$rtentry$$0000000A)
    .ARM.Collect$$rtentry$$0000000C          0x00000162   Section        0  __rtentry2.o(.ARM.Collect$$rtentry$$0000000C)
    .ARM.Collect$$rtentry$$0000000D          0x00000162   Section        8  __rtentry2.o(.ARM.Collect$$rtentry$$0000000D)
    .ARM.Collect$$rtexit$$00000000           0x0000016a   Section        2  rtexit.o(.ARM.Collect$$rtexit$$00000000)
    .ARM.Collect$$rtexit$$00000002           0x0000016c   Section        0  rtexit2.o(.ARM.Collect$$rtexit$$00000002)
    .ARM.Collect$$rtexit$$00000003           0x0000016c   Section        4  rtexit2.o(.ARM.Collect$$rtexit$$00000003)
    .ARM.Collect$$rtexit$$00000004           0x00000170   Section        6  rtexit2.o(.ARM.Collect$$rtexit$$00000004)
    .text                                    0x00000178   Section       60  startup_lpc17xx.o(.text)
    .text                                    0x000001b4   Section        0  heapauxi.o(.text)
    .text                                    0x000001ba   Section       74  sys_stackheap_outer.o(.text)
    .text                                    0x00000204   Section        0  exit.o(.text)
    .text                                    0x00000218   Section        8  libspace.o(.text)
    .text                                    0x00000220   Section        0  sys_exit.o(.text)
    .text                                    0x0000022c   Section        2  use_no_semi.o(.text)
    .text                                    0x0000022e   Section        0  indicate_semi.o(.text)
    Clear_Channel_active_flag                0x00000231   Thumb Code    46  gpdma_lpc17xx.o(.text.Clear_Channel_active_flag)
    [Anonymous Symbol]                       0x00000230   Section        0  gpdma_lpc17xx.o(.text.Clear_Channel_active_flag)
    [Anonymous Symbol]                       0x00000260   Section        0  uart_lpc17xx.o(.text.UART1_IRQHandler)
    [Anonymous Symbol]                       0x00000270   Section        0  uart_lpc17xx.o(.text.USART1_GPDMA_Rx_Event)
    [Anonymous Symbol]                       0x00000288   Section        0  uart_lpc17xx.o(.text.USART1_GPDMA_Tx_Event)
    [Anonymous Symbol]                       0x000002a0   Section        0  main.o(.text.main)
    USART1_DMA_Rx                            0x000002cc   Data           8  uart_lpc17xx.o(.rodata.USART1_DMA_Rx)
    [Anonymous Symbol]                       0x000002cc   Section        0  uart_lpc17xx.o(.rodata.USART1_DMA_Rx)
    USART1_DMA_Tx                            0x000002d4   Data           8  uart_lpc17xx.o(.rodata.USART1_DMA_Tx)
    [Anonymous Symbol]                       0x000002d4   Section        0  uart_lpc17xx.o(.rodata.USART1_DMA_Tx)
    USART1_pin_rx                            0x000002dc   Data           2  uart_lpc17xx.o(.rodata.USART1_pin_rx)
    [Anonymous Symbol]                       0x000002dc   Section        0  uart_lpc17xx.o(.rodata.USART1_pin_rx)
    USART1_pin_tx                            0x000002de   Data           2  uart_lpc17xx.o(.rodata.USART1_pin_tx)
    [Anonymous Symbol]                       0x000002de   Section        0  uart_lpc17xx.o(.rodata.USART1_pin_tx)
    .ARM.__at_0x02FC                         0x000002fc   Section        4  startup_lpc17xx.o(.ARM.__at_0x02FC)
    [Anonymous Symbol]                       0x00000300   Section        0  gpdma_lpc17xx.o(.text.DMA_IRQHandler)
    [Anonymous Symbol]                       0x00000520   Section        0  system_lpc17xx.o(.text.SystemInit)
    USART_GPDMA_Rx_Event                     0x000006a5   Thumb Code   202  uart_lpc17xx.o(.text.USART_GPDMA_Rx_Event)
    [Anonymous Symbol]                       0x000006a4   Section        0  uart_lpc17xx.o(.text.USART_GPDMA_Rx_Event)
    USART_GPDMA_Tx_Event                     0x00000771   Thumb Code   106  uart_lpc17xx.o(.text.USART_GPDMA_Tx_Event)
    [Anonymous Symbol]                       0x00000770   Section        0  uart_lpc17xx.o(.text.USART_GPDMA_Tx_Event)
    USART_IRQHandler                         0x000007dd   Thumb Code   972  uart_lpc17xx.o(.text.USART_IRQHandler)
    [Anonymous Symbol]                       0x000007dc   Section        0  uart_lpc17xx.o(.text.USART_IRQHandler)
    USART_RxLineIntHandler                   0x00000ba9   Thumb Code   186  uart_lpc17xx.o(.text.USART_RxLineIntHandler)
    [Anonymous Symbol]                       0x00000ba8   Section        0  uart_lpc17xx.o(.text.USART_RxLineIntHandler)
    USART1_Resources                         0x00000c64   Data         100  uart_lpc17xx.o(.rodata.USART1_Resources)
    [Anonymous Symbol]                       0x00000c64   Section        0  uart_lpc17xx.o(.rodata.USART1_Resources)
    Stack_Mem                                0x10000000   Data         512  startup_lpc17xx.o(STACK)
    STACK                                    0x10000000   Section      512  startup_lpc17xx.o(STACK)
    __initial_sp                             0x10000200   Data           0  startup_lpc17xx.o(STACK)
    .bss                                     0x2007c000   Section       96  libspace.o(.bss)
    Channel_active                           0x2007c060   Data           4  gpdma_lpc17xx.o(.bss.Channel_active)
    [Anonymous Symbol]                       0x2007c060   Section        0  gpdma_lpc17xx.o(.bss.Channel_active)
    Channel_info                             0x2007c064   Data         160  gpdma_lpc17xx.o(.bss.Channel_info)
    [Anonymous Symbol]                       0x2007c064   Section        0  gpdma_lpc17xx.o(.bss.Channel_info)
    USART1_Info                              0x2007c104   Data          52  uart_lpc17xx.o(.bss.USART1_Info)
    [Anonymous Symbol]                       0x2007c104   Section        0  uart_lpc17xx.o(.bss.USART1_Info)
    Heap_Mem                                 0x2007c138   Data           0  startup_lpc17xx.o(HEAP)
    HEAP                                     0x2007c138   Section        0  startup_lpc17xx.o(HEAP)

    Global Symbols

    Symbol Name                              Value     Ov Type        Size  Object(Section)

    BuildAttributes$$THM_ISAv4$P$D$K$B$S$PE$A:L22UL41UL21$X:L11$S22US41US21$IEEE1$IW$~IW$USESV6$~STKCKD$USESV7$~SHL$OSPACE$ROPI$EBA8$UX$STANDARDLIB$REQ8$PRES8$EABIv2 0x00000000   Number         0  anon$$obj.o ABSOLUTE
    __Vectors                                0x00000000   Data           4  startup_lpc17xx.o(RESET)
    __fp_init_empty                          0x00000000   Number         0  fpinit_empty.o ABSOLUTE
    __ARM_exceptions_init                     - Undefined Weak Reference
    __alloca_initialize                       - Undefined Weak Reference
    __arm_preinit_                            - Undefined Weak Reference
    __arm_relocate_pie_                       - Undefined Weak Reference
    __cpp_initialize__aeabi_                  - Undefined Weak Reference
    __cxa_finalize                            - Undefined Weak Reference
    __rt_locale                               - Undefined Weak Reference
    __sigvec_lookup                           - Undefined Weak Reference
    _atexit_init                              - Undefined Weak Reference
    _call_atexit_fns                          - Undefined Weak Reference
    _clock_init                               - Undefined Weak Reference
    _fp_trap_init                             - Undefined Weak Reference
    _fp_trap_shutdown                         - Undefined Weak Reference
    _get_lc_collate                           - Undefined Weak Reference
    _get_lc_ctype                             - Undefined Weak Reference
    _get_lc_monetary                          - Undefined Weak Reference
    _get_lc_numeric                           - Undefined Weak Reference
    _get_lc_time                              - Undefined Weak Reference
    _getenv_init                              - Undefined Weak Reference
    _handle_redirection                       - Undefined Weak Reference
    _init_alloc                               - Undefined Weak Reference
    _init_user_alloc                          - Undefined Weak Reference
    _initio                                   - Undefined Weak Reference
    _rand_init                                - Undefined Weak Reference
    _signal_finish                            - Undefined Weak Reference
    _signal_init                              - Undefined Weak Reference
    _terminate_alloc                          - Undefined Weak Reference
    _terminate_user_alloc                     - Undefined Weak Reference
    _terminateio                              - Undefined Weak Reference
    __main                                   0x000000cd   Thumb Code     8  __main.o(!!!main)
    __scatterload                            0x000000d5   Thumb Code     0  __scatter.o(!!!scatter)
    __scatterload_rt2                        0x000000d5   Thumb Code    84  __scatter.o(!!!scatter)
    __scatterload_rt2_thumb_only             0x000000d5   Thumb Code     0  __scatter.o(!!!scatter)
    __scatterload_loop                       0x000000df   Thumb Code     0  __scatter.o(!!!scatter)
    __scatterload_null                       0x00000131   Thumb Code     2  __scatter.o(!!handler_null)
    __scatterload_zeroinit                   0x00000135   Thumb Code    28  __scatter_zi.o(!!handler_zi)
    __rt_lib_init                            0x00000151   Thumb Code     0  libinit.o(.ARM.Collect$$libinit$$00000000)
    __rt_lib_init_alloca_1                   0x00000153   Thumb Code     0  libinit2.o(.ARM.Collect$$libinit$$00000030)
    __rt_lib_init_argv_1                     0x00000153   Thumb Code     0  libinit2.o(.ARM.Collect$$libinit$$0000002E)
    __rt_lib_init_atexit_1                   0x00000153   Thumb Code     0  libinit2.o(.ARM.Collect$$libinit$$0000001D)
    __rt_lib_init_clock_1                    0x00000153   Thumb Code     0  libinit2.o(.ARM.Collect$$libinit$$00000023)
    __rt_lib_init_cpp_1                      0x00000153   Thumb Code     0  libinit2.o(.ARM.Collect$$libinit$$00000034)
    __rt_lib_init_exceptions_1               0x00000153   Thumb Code     0  libinit2.o(.ARM.Collect$$libinit$$00000032)
    __rt_lib_init_fp_1                       0x00000153   Thumb Code     0  libinit2.o(.ARM.Collect$$libinit$$00000002)
    __rt_lib_init_fp_trap_1                  0x00000153   Thumb Code     0  libinit2.o(.ARM.Collect$$libinit$$00000021)
    __rt_lib_init_getenv_1                   0x00000153   Thumb Code     0  libinit2.o(.ARM.Collect$$libinit$$00000025)
    __rt_lib_init_heap_1                     0x00000153   Thumb Code     0  libinit2.o(.ARM.Collect$$libinit$$0000000C)
    __rt_lib_init_lc_collate_1               0x00000153   Thumb Code     0  libinit2.o(.ARM.Collect$$libinit$$00000013)
    __rt_lib_init_lc_ctype_1                 0x00000153   Thumb Code     0  libinit2.o(.ARM.Collect$$libinit$$00000015)
    __rt_lib_init_lc_monetary_1              0x00000153   Thumb Code     0  libinit2.o(.ARM.Collect$$libinit$$00000017)
    __rt_lib_init_lc_numeric_1               0x00000153   Thumb Code     0  libinit2.o(.ARM.Collect$$libinit$$00000019)
    __rt_lib_init_lc_time_1                  0x00000153   Thumb Code     0  libinit2.o(.ARM.Collect$$libinit$$0000001B)
    __rt_lib_init_preinit_1                  0x00000153   Thumb Code     0  libinit2.o(.ARM.Collect$$libinit$$00000006)
    __rt_lib_init_rand_1                     0x00000153   Thumb Code     0  libinit2.o(.ARM.Collect$$libinit$$00000010)
    __rt_lib_init_relocate_pie_1             0x00000153   Thumb Code     0  libinit2.o(.ARM.Collect$$libinit$$00000004)
    __rt_lib_init_return                     0x00000153   Thumb Code     0  libinit2.o(.ARM.Collect$$libinit$$00000035)
    __rt_lib_init_signal_1                   0x00000153   Thumb Code     0  libinit2.o(.ARM.Collect$$libinit$$0000001F)
    __rt_lib_init_stdio_1                    0x00000153   Thumb Code     0  libinit2.o(.ARM.Collect$$libinit$$00000027)
    __rt_lib_init_user_alloc_1               0x00000153   Thumb Code     0  libinit2.o(.ARM.Collect$$libinit$$0000000E)
    __rt_lib_shutdown                        0x00000155   Thumb Code     0  libshutdown.o(.ARM.Collect$$libshutdown$$00000000)
    __rt_lib_shutdown_cpp_1                  0x00000157   Thumb Code     0  libshutdown2.o(.ARM.Collect$$libshutdown$$00000002)
    __rt_lib_shutdown_fp_trap_1              0x00000157   Thumb Code     0  libshutdown2.o(.ARM.Collect$$libshutdown$$00000007)
    __rt_lib_shutdown_heap_1                 0x00000157   Thumb Code     0  libshutdown2.o(.ARM.Collect$$libshutdown$$0000000F)
    __rt_lib_shutdown_return                 0x00000157   Thumb Code     0  libshutdown2.o(.ARM.Collect$$libshutdown$$00000010)
    __rt_lib_shutdown_signal_1               0x00000157   Thumb Code     0  libshutdown2.o(.ARM.Collect$$libshutdown$$0000000A)
    __rt_lib_shutdown_stdio_1                0x00000157   Thumb Code     0  libshutdown2.o(.ARM.Collect$$libshutdown$$00000004)
    __rt_lib_shutdown_user_alloc_1           0x00000157   Thumb Code     0  libshutdown2.o(.ARM.Collect$$libshutdown$$0000000C)
    __rt_entry                               0x00000159   Thumb Code     0  __rtentry.o(.ARM.Collect$$rtentry$$00000000)
    __rt_entry_presh_1                       0x00000159   Thumb Code     0  __rtentry2.o(.ARM.Collect$$rtentry$$00000002)
    __rt_entry_sh                            0x00000159   Thumb Code     0  __rtentry4.o(.ARM.Collect$$rtentry$$00000004)
    __rt_entry_li                            0x0000015f   Thumb Code     0  __rtentry2.o(.ARM.Collect$$rtentry$$0000000A)
    __rt_entry_postsh_1                      0x0000015f   Thumb Code     0  __rtentry2.o(.ARM.Collect$$rtentry$$00000009)
    __rt_entry_main                          0x00000163   Thumb Code     0  __rtentry2.o(.ARM.Collect$$rtentry$$0000000D)
    __rt_entry_postli_1                      0x00000163   Thumb Code     0  __rtentry2.o(.ARM.Collect$$rtentry$$0000000C)
    __rt_exit                                0x0000016b   Thumb Code     0  rtexit.o(.ARM.Collect$$rtexit$$00000000)
    __rt_exit_ls                             0x0000016d   Thumb Code     0  rtexit2.o(.ARM.Collect$$rtexit$$00000003)
    __rt_exit_prels_1                        0x0000016d   Thumb Code     0  rtexit2.o(.ARM.Collect$$rtexit$$00000002)
    __rt_exit_exit                           0x00000171   Thumb Code     0  rtexit2.o(.ARM.Collect$$rtexit$$00000004)
    Reset_Handler                            0x00000179   Thumb Code     8  startup_lpc17xx.o(.text)
    NMI_Handler                              0x00000181   Thumb Code     2  startup_lpc17xx.o(.text)
    HardFault_Handler                        0x00000183   Thumb Code     2  startup_lpc17xx.o(.text)
    MemManage_Handler                        0x00000185   Thumb Code     2  startup_lpc17xx.o(.text)
    BusFault_Handler                         0x00000187   Thumb Code     2  startup_lpc17xx.o(.text)
    UsageFault_Handler                       0x00000189   Thumb Code     2  startup_lpc17xx.o(.text)
    SVC_Handler                              0x0000018b   Thumb Code     2  startup_lpc17xx.o(.text)
    DebugMon_Handler                         0x0000018d   Thumb Code     2  startup_lpc17xx.o(.text)
    PendSV_Handler                           0x0000018f   Thumb Code     2  startup_lpc17xx.o(.text)
    SysTick_Handler                          0x00000191   Thumb Code     2  startup_lpc17xx.o(.text)
    ADC_IRQHandler                           0x00000193   Thumb Code     0  startup_lpc17xx.o(.text)
    BOD_IRQHandler                           0x00000193   Thumb Code     0  startup_lpc17xx.o(.text)
    CANActivity_IRQHandler                   0x00000193   Thumb Code     0  startup_lpc17xx.o(.text)
    CAN_IRQHandler                           0x00000193   Thumb Code     0  startup_lpc17xx.o(.text)
    EINT0_IRQHandler                         0x00000193   Thumb Code     0  startup_lpc17xx.o(.text)
    EINT1_IRQHandler                         0x00000193   Thumb Code     0  startup_lpc17xx.o(.text)
    EINT2_IRQHandler                         0x00000193   Thumb Code     0  startup_lpc17xx.o(.text)
    EINT3_IRQHandler                         0x00000193   Thumb Code     0  startup_lpc17xx.o(.text)
    ENET_IRQHandler                          0x00000193   Thumb Code     0  startup_lpc17xx.o(.text)
    I2C0_IRQHandler                          0x00000193   Thumb Code     0  startup_lpc17xx.o(.text)
    I2C1_IRQHandler                          0x00000193   Thumb Code     0  startup_lpc17xx.o(.text)
    I2C2_IRQHandler                          0x00000193   Thumb Code     0  startup_lpc17xx.o(.text)
    I2S_IRQHandler                           0x00000193   Thumb Code     0  startup_lpc17xx.o(.text)
    MCPWM_IRQHandler                         0x00000193   Thumb Code     0  startup_lpc17xx.o(.text)
    PLL0_IRQHandler                          0x00000193   Thumb Code     0  startup_lpc17xx.o(.text)
    PLL1_IRQHandler                          0x00000193   Thumb Code     0  startup_lpc17xx.o(.text)
    PWM1_IRQHandler                          0x00000193   Thumb Code     0  startup_lpc17xx.o(.text)
    QEI_IRQHandler                           0x00000193   Thumb Code     0  startup_lpc17xx.o(.text)
    RIT_IRQHandler                           0x00000193   Thumb Code     0  startup_lpc17xx.o(.text)
    RTC_IRQHandler                           0x00000193   Thumb Code     0  startup_lpc17xx.o(.text)
    SPI_IRQHandler                           0x00000193   Thumb Code     0  startup_lpc17xx.o(.text)
    SSP0_IRQHandler                          0x00000193   Thumb Code     0  startup_lpc17xx.o(.text)
    SSP1_IRQHandler                          0x00000193   Thumb Code     0  startup_lpc17xx.o(.text)
    TIMER0_IRQHandler                        0x00000193   Thumb Code     0  startup_lpc17xx.o(.text)
    TIMER1_IRQHandler                        0x00000193   Thumb Code     0  startup_lpc17xx.o(.text)
    TIMER2_IRQHandler                        0x00000193   Thumb Code     0  startup_lpc17xx.o(.text)
    TIMER3_IRQHandler                        0x00000193   Thumb Code     0  startup_lpc17xx.o(.text)
    UART0_IRQHandler                         0x00000193   Thumb Code     0  startup_lpc17xx.o(.text)
    UART2_IRQHandler                         0x00000193   Thumb Code     0  startup_lpc17xx.o(.text)
    UART3_IRQHandler                         0x00000193   Thumb Code     0  startup_lpc17xx.o(.text)
    USBActivity_IRQHandler                   0x00000193   Thumb Code     0  startup_lpc17xx.o(.text)
    USB_IRQHandler                           0x00000193   Thumb Code     0  startup_lpc17xx.o(.text)
    WDT_IRQHandler                           0x00000193   Thumb Code     0  startup_lpc17xx.o(.text)
    __user_initial_stackheap                 0x00000195   Thumb Code     0  startup_lpc17xx.o(.text)
    __use_two_region_memory                  0x000001b5   Thumb Code     2  heapauxi.o(.text)
    __rt_heap_escrow$2region                 0x000001b7   Thumb Code     2  heapauxi.o(.text)
    __rt_heap_expand$2region                 0x000001b9   Thumb Code     2  heapauxi.o(.text)
    __user_setup_stackheap                   0x000001bb   Thumb Code    74  sys_stackheap_outer.o(.text)
    exit                                     0x00000205   Thumb Code    18  exit.o(.text)
    __user_libspace                          0x00000219   Thumb Code     8  libspace.o(.text)
    __user_perproc_libspace                  0x00000219   Thumb Code     0  libspace.o(.text)
    __user_perthread_libspace                0x00000219   Thumb Code     0  libspace.o(.text)
    _sys_exit                                0x00000221   Thumb Code     8  sys_exit.o(.text)
    __I$use$semihosting                      0x0000022d   Thumb Code     0  use_no_semi.o(.text)
    __use_no_semihosting_swi                 0x0000022d   Thumb Code     2  use_no_semi.o(.text)
    __semihosting_library_function           0x0000022f   Thumb Code     0  indicate_semi.o(.text)
    UART1_IRQHandler                         0x00000261   Thumb Code    16  uart_lpc17xx.o(.text.UART1_IRQHandler)
    USART1_GPDMA_Rx_Event                    0x00000271   Thumb Code    24  uart_lpc17xx.o(.text.USART1_GPDMA_Rx_Event)
    USART1_GPDMA_Tx_Event                    0x00000289   Thumb Code    24  uart_lpc17xx.o(.text.USART1_GPDMA_Tx_Event)
    main                                     0x000002a1   Thumb Code    42  main.o(.text.main)
    DMA_IRQHandler                           0x00000301   Thumb Code   544  gpdma_lpc17xx.o(.text.DMA_IRQHandler)
    SystemInit                               0x00000521   Thumb Code   388  system_lpc17xx.o(.text.SystemInit)
    Region$$Table$$Base                      0x00000cc8   Number         0  anon$$obj.o(Region$$Table)
    Region$$Table$$Limit                     0x00000ce8   Number         0  anon$$obj.o(Region$$Table)
    __libspace_start                         0x2007c000   Data          96  libspace.o(.bss)
    __temporary_stack_top$libspace           0x2007c060   Data           0  libspace.o(.bss)



==============================================================================

Memory Map of the image

  Image Entry point : 0x000000cd

  Load Region LR_IROM1 (Base: 0x00000000, Size: 0x00000ce8, Max: 0x00080000, ABSOLUTE)

    Execution Region ER_IROM1 (Exec base: 0x00000000, Load base: 0x00000000, Size: 0x00000ce8, Max: 0x00080000, ABSOLUTE)

    Exec Addr    Load Addr    Size         Type   Attr      Idx    E Section Name        Object

    0x00000000   0x00000000   0x000000cc   Data   RO          162    RESET               startup_lpc17xx.o
    0x000000cc   0x000000cc   0x00000008   Code   RO          190  * !!!main             c_w.l(__main.o)
    0x000000d4   0x000000d4   0x0000005c   Code   RO          365    !!!scatter          c_w.l(__scatter.o)
    0x00000130   0x00000130   0x00000002   Code   RO          366    !!handler_null      c_w.l(__scatter.o)
    0x00000132   0x00000132   0x00000002   PAD
    0x00000134   0x00000134   0x0000001c   Code   RO          369    !!handler_zi        c_w.l(__scatter_zi.o)
    0x00000150   0x00000150   0x00000002   Code   RO          227    .ARM.Collect$$libinit$$00000000  c_w.l(libinit.o)
    0x00000152   0x00000152   0x00000000   Code   RO          240    .ARM.Collect$$libinit$$00000002  c_w.l(libinit2.o)
    0x00000152   0x00000152   0x00000000   Code   RO          242    .ARM.Collect$$libinit$$00000004  c_w.l(libinit2.o)
    0x00000152   0x00000152   0x00000000   Code   RO          244    .ARM.Collect$$libinit$$00000006  c_w.l(libinit2.o)
    0x00000152   0x00000152   0x00000000   Code   RO          247    .ARM.Collect$$libinit$$0000000C  c_w.l(libinit2.o)
    0x00000152   0x00000152   0x00000000   Code   RO          249    .ARM.Collect$$libinit$$0000000E  c_w.l(libinit2.o)
    0x00000152   0x00000152   0x00000000   Code   RO          251    .ARM.Collect$$libinit$$00000010  c_w.l(libinit2.o)
    0x00000152   0x00000152   0x00000000   Code   RO          254    .ARM.Collect$$libinit$$00000013  c_w.l(libinit2.o)
    0x00000152   0x00000152   0x00000000   Code   RO          256    .ARM.Collect$$libinit$$00000015  c_w.l(libinit2.o)
    0x00000152   0x00000152   0x00000000   Code   RO          258    .ARM.Collect$$libinit$$00000017  c_w.l(libinit2.o)
    0x00000152   0x00000152   0x00000000   Code   RO          260    .ARM.Collect$$libinit$$00000019  c_w.l(libinit2.o)
    0x00000152   0x00000152   0x00000000   Code   RO          262    .ARM.Collect$$libinit$$0000001B  c_w.l(libinit2.o)
    0x00000152   0x00000152   0x00000000   Code   RO          264    .ARM.Collect$$libinit$$0000001D  c_w.l(libinit2.o)
    0x00000152   0x00000152   0x00000000   Code   RO          266    .ARM.Collect$$libinit$$0000001F  c_w.l(libinit2.o)
    0x00000152   0x00000152   0x00000000   Code   RO          268    .ARM.Collect$$libinit$$00000021  c_w.l(libinit2.o)
    0x00000152   0x00000152   0x00000000   Code   RO          270    .ARM.Collect$$libinit$$00000023  c_w.l(libinit2.o)
    0x00000152   0x00000152   0x00000000   Code   RO          272    .ARM.Collect$$libinit$$00000025  c_w.l(libinit2.o)
    0x00000152   0x00000152   0x00000000   Code   RO          274    .ARM.Collect$$libinit$$00000027  c_w.l(libinit2.o)
    0x00000152   0x00000152   0x00000000   Code   RO          278    .ARM.Collect$$libinit$$0000002E  c_w.l(libinit2.o)
    0x00000152   0x00000152   0x00000000   Code   RO          280    .ARM.Collect$$libinit$$00000030  c_w.l(libinit2.o)
    0x00000152   0x00000152   0x00000000   Code   RO          282    .ARM.Collect$$libinit$$00000032  c_w.l(libinit2.o)
    0x00000152   0x00000152   0x00000000   Code   RO          284    .ARM.Collect$$libinit$$00000034  c_w.l(libinit2.o)
    0x00000152   0x00000152   0x00000002   Code   RO          285    .ARM.Collect$$libinit$$00000035  c_w.l(libinit2.o)
    0x00000154   0x00000154   0x00000002   Code   RO          320    .ARM.Collect$$libshutdown$$00000000  c_w.l(libshutdown.o)
    0x00000156   0x00000156   0x00000000   Code   RO          348    .ARM.Collect$$libshutdown$$00000002  c_w.l(libshutdown2.o)
    0x00000156   0x00000156   0x00000000   Code   RO          350    .ARM.Collect$$libshutdown$$00000004  c_w.l(libshutdown2.o)
    0x00000156   0x00000156   0x00000000   Code   RO          353    .ARM.Collect$$libshutdown$$00000007  c_w.l(libshutdown2.o)
    0x00000156   0x00000156   0x00000000   Code   RO          356    .ARM.Collect$$libshutdown$$0000000A  c_w.l(libshutdown2.o)
    0x00000156   0x00000156   0x00000000   Code   RO          358    .ARM.Collect$$libshutdown$$0000000C  c_w.l(libshutdown2.o)
    0x00000156   0x00000156   0x00000000   Code   RO          361    .ARM.Collect$$libshutdown$$0000000F  c_w.l(libshutdown2.o)
    0x00000156   0x00000156   0x00000002   Code   RO          362    .ARM.Collect$$libshutdown$$00000010  c_w.l(libshutdown2.o)
    0x00000158   0x00000158   0x00000000   Code   RO          192    .ARM.Collect$$rtentry$$00000000  c_w.l(__rtentry.o)
    0x00000158   0x00000158   0x00000000   Code   RO          198    .ARM.Collect$$rtentry$$00000002  c_w.l(__rtentry2.o)
    0x00000158   0x00000158   0x00000006   Code   RO          210    .ARM.Collect$$rtentry$$00000004  c_w.l(__rtentry4.o)
    0x0000015e   0x0000015e   0x00000000   Code   RO          200    .ARM.Collect$$rtentry$$00000009  c_w.l(__rtentry2.o)
    0x0000015e   0x0000015e   0x00000004   Code   RO          201    .ARM.Collect$$rtentry$$0000000A  c_w.l(__rtentry2.o)
    0x00000162   0x00000162   0x00000000   Code   RO          203    .ARM.Collect$$rtentry$$0000000C  c_w.l(__rtentry2.o)
    0x00000162   0x00000162   0x00000008   Code   RO          204    .ARM.Collect$$rtentry$$0000000D  c_w.l(__rtentry2.o)
    0x0000016a   0x0000016a   0x00000002   Code   RO          231    .ARM.Collect$$rtexit$$00000000  c_w.l(rtexit.o)
    0x0000016c   0x0000016c   0x00000000   Code   RO          291    .ARM.Collect$$rtexit$$00000002  c_w.l(rtexit2.o)
    0x0000016c   0x0000016c   0x00000004   Code   RO          292    .ARM.Collect$$rtexit$$00000003  c_w.l(rtexit2.o)
    0x00000170   0x00000170   0x00000006   Code   RO          293    .ARM.Collect$$rtexit$$00000004  c_w.l(rtexit2.o)
    0x00000176   0x00000176   0x00000002   PAD
    0x00000178   0x00000178   0x0000003c   Code   RO          164    .text               startup_lpc17xx.o
    0x000001b4   0x000001b4   0x00000006   Code   RO          188    .text               c_w.l(heapauxi.o)
    0x000001ba   0x000001ba   0x0000004a   Code   RO          214    .text               c_w.l(sys_stackheap_outer.o)
    0x00000204   0x00000204   0x00000012   Code   RO          216    .text               c_w.l(exit.o)
    0x00000216   0x00000216   0x00000002   PAD
    0x00000218   0x00000218   0x00000008   Code   RO          228    .text               c_w.l(libspace.o)
    0x00000220   0x00000220   0x0000000c   Code   RO          286    .text               c_w.l(sys_exit.o)
    0x0000022c   0x0000022c   0x00000002   Code   RO          309    .text               c_w.l(use_no_semi.o)
    0x0000022e   0x0000022e   0x00000000   Code   RO          311    .text               c_w.l(indicate_semi.o)
    0x0000022e   0x0000022e   0x00000002   PAD
    0x00000230   0x00000230   0x0000002e   Code   RO          126    .text.Clear_Channel_active_flag  gpdma_lpc17xx.o
    0x0000025e   0x0000025e   0x00000002   PAD
    0x00000260   0x00000260   0x00000010   Code   RO           18    .text.UART1_IRQHandler  uart_lpc17xx.o
    0x00000270   0x00000270   0x00000018   Code   RO           26    .text.USART1_GPDMA_Rx_Event  uart_lpc17xx.o
    0x00000288   0x00000288   0x00000018   Code   RO           22    .text.USART1_GPDMA_Tx_Event  uart_lpc17xx.o
    0x000002a0   0x000002a0   0x0000002a   Code   RO            2    .text.main          main.o
    0x000002ca   0x000002ca   0x00000002   PAD
    0x000002cc   0x000002cc   0x00000008   Data   RO           99    .rodata.USART1_DMA_Rx  uart_lpc17xx.o
    0x000002d4   0x000002d4   0x00000008   Data   RO           98    .rodata.USART1_DMA_Tx  uart_lpc17xx.o
    0x000002dc   0x000002dc   0x00000002   Data   RO           97    .rodata.USART1_pin_rx  uart_lpc17xx.o
    0x000002de   0x000002de   0x00000002   Data   RO           96    .rodata.USART1_pin_tx  uart_lpc17xx.o
    0x000002e0   0x000002e0   0x0000001c   PAD
    0x000002fc   0x000002fc   0x00000004   Code   RO          163    .ARM.__at_0x02FC    startup_lpc17xx.o
    0x00000300   0x00000300   0x00000220   Code   RO          136    .text.DMA_IRQHandler  gpdma_lpc17xx.o
    0x00000520   0x00000520   0x00000184   Code   RO          175    .text.SystemInit    system_lpc17xx.o
    0x000006a4   0x000006a4   0x000000ca   Code   RO           28    .text.USART_GPDMA_Rx_Event  uart_lpc17xx.o
    0x0000076e   0x0000076e   0x00000002   PAD
    0x00000770   0x00000770   0x0000006a   Code   RO           24    .text.USART_GPDMA_Tx_Event  uart_lpc17xx.o
    0x000007da   0x000007da   0x00000002   PAD
    0x000007dc   0x000007dc   0x000003cc   Code   RO           20    .text.USART_IRQHandler  uart_lpc17xx.o
    0x00000ba8   0x00000ba8   0x000000ba   Code   RO           58    .text.USART_RxLineIntHandler  uart_lpc17xx.o
    0x00000c62   0x00000c62   0x00000002   PAD
    0x00000c64   0x00000c64   0x00000064   Data   RO          101    .rodata.USART1_Resources  uart_lpc17xx.o
    0x00000cc8   0x00000cc8   0x00000020   Data   RO          364    Region$$Table       anon$$obj.o


    Execution Region RW_IRAM1 (Exec base: 0x10000000, Load base: 0x00000ce8, Size: 0x00000200, Max: 0x00008000, ABSOLUTE)

    Exec Addr    Load Addr    Size         Type   Attr      Idx    E Section Name        Object

    0x10000000        -       0x00000200   Zero   RW          160    STACK               startup_lpc17xx.o


    Execution Region RW_IRAM2 (Exec base: 0x2007c000, Load base: 0x00000ce8, Size: 0x00000138, Max: 0x00008000, ABSOLUTE)

    Exec Addr    Load Addr    Size         Type   Attr      Idx    E Section Name        Object

    0x2007c000        -       0x00000060   Zero   RW          229    .bss                c_w.l(libspace.o)
    0x2007c060        -       0x00000004   Zero   RW          140    .bss.Channel_active  gpdma_lpc17xx.o
    0x2007c064        -       0x000000a0   Zero   RW          139    .bss.Channel_info   gpdma_lpc17xx.o
    0x2007c104        -       0x00000034   Zero   RW          100    .bss.USART1_Info    uart_lpc17xx.o
    0x2007c138        -       0x00000000   Zero   RW          161    HEAP                startup_lpc17xx.o


==============================================================================

Image component sizes


      Code (inc. data)   RO Data    RW Data    ZI Data      Debug   Object Name

       590          0          0          0        164       7267   gpdma_lpc17xx.o
        42          0          0          0          0       2191   main.o
        64         26        204          0        512       1124   startup_lpc17xx.o
       388          0          0          0          0       2301   system_lpc17xx.o
      1530          0        120          0         52      20845   uart_lpc17xx.o

    ----------------------------------------------------------------------
      2624         26        384          0        728      33728   Object Totals
         0          0         32          0          0          0   (incl. Generated)
        10          0         28          0          0          0   (incl. Padding)

    ----------------------------------------------------------------------

      Code (inc. data)   RO Data    RW Data    ZI Data      Debug   Library Member Name

         8          0          0          0          0         68   __main.o
         0          0          0          0          0          0   __rtentry.o
        12          0          0          0          0          0   __rtentry2.o
         6          0          0          0          0          0   __rtentry4.o
        94          8          0          0          0          0   __scatter.o
        28          0          0          0          0          0   __scatter_zi.o
        18          0          0          0          0         80   exit.o
         6          0          0          0          0        152   heapauxi.o
         0          0          0          0          0          0   indicate_semi.o
         2          0          0          0          0          0   libinit.o
         2          0          0          0          0          0   libinit2.o
         2          0          0          0          0          0   libshutdown.o
         2          0          0          0          0          0   libshutdown2.o
         8          4          0          0         96         68   libspace.o
         2          0          0          0          0          0   rtexit.o
        10          0          0          0          0          0   rtexit2.o
        12          4          0          0          0         68   sys_exit.o
        74          0          0          0          0         80   sys_stackheap_outer.o
         2          0          0          0          0         68   use_no_semi.o

    ----------------------------------------------------------------------
       296         16          0          0         96        584   Library Totals
         8          0          0          0          0          0   (incl. Padding)

    ----------------------------------------------------------------------

      Code (inc. data)   RO Data    RW Data    ZI Data      Debug   Library Name

       288         16          0          0         96        584   c_w.l

    ----------------------------------------------------------------------
       296         16          0          0         96        584   Library Totals

    ----------------------------------------------------------------------

==============================================================================


      Code (inc. data)   RO Data    RW Data    ZI Data      Debug   

      2920         42        384          0        824      34144   Grand Totals
      2920         42        384          0        824      34144   ELF Image Totals
      2920         42        384          0          0          0   ROM Totals

==============================================================================

    Total RO  Size (Code + RO Data)                 3304 (   3.23kB)
    Total RW  Size (RW Data + ZI Data)               824 (   0.80kB)
    Total ROM Size (Code + RO Data + RW Data)       3304 (   3.23kB)

==============================================================================

