<html>
<body>
<pre>
<h1>µVision Build Log</h1>
<h2>Tool Versions:</h2>
IDE-Version: µVision V5.43.1.0
Copyright (C) 2025 ARM Ltd and ARM Germany GmbH. All rights reserved.
License Information: iut cachan iut cachan Flex license: MDK Professional 5.43 (Flex) (mdk_pro) Operation stops: 11 Apr 2027
 
Tool Versions:
Toolchain:       MDK Professional 5.43 (Flex)  Version: 5.43.0.0
Toolchain Path:  C:\Keil_v5\ARM\ARMCLANG\Bin
C Compiler:      ArmClang.exe V6.24
Assembler:       Armasm.exe V6.24
Linker/Locator:  ArmLink.exe V6.24
Library Manager: ArmAr.exe V6.24
Hex Converter:   FromElf.exe V6.24
CPU DLL:         SARMCM3.DLL V5.43.0.0
Dialog DLL:      DARMP1.DLL V1.28.1.0
Target DLL:      UL2CM3.DLL V1.164.16.0
Dialog DLL:      TARMP1.DLL V1.27.1.0
 
<h2>Project:</h2>
C:\Etudiants\Git\Projet_IT2R_S4_D1\sous_fonctions\analyse_environnement\analyse_environnement\analyse_environnement_projet.uvprojx
Project File Date:  02/18/2026

<h2>Output:</h2>
*** Using Compiler 'V6.24', folder: 'C:\Keil_v5\ARM\ARMCLANG\Bin'
Build target 'Target_1'
main.c(90): warning: while loop has empty body [-Wempty-body]
   90 |                 while(Driver_USART0.GetRxCount() < 5); 
      |                                                      ^
main.c(90): note: put the semicolon on a separate line to silence this warning
1 warning generated.
compiling main.c...
linking...
Program Size: Code=13562 RO-data=718 RW-data=4 ZI-data=836  
".\analyse_environnement_projet.axf" - 0 Error(s), 1 Warning(s).

<h2>Software Packages used:</h2>

Package Vendor: ARM
                https://www.keil.com/pack/ARM.CMSIS.6.2.0.pack
                ARM::CMSIS@6.2.0
                CMSIS (Common Microcontroller Software Interface Standard)
   * Component: CORE Version: 6.1.1
   * Component: USART Version: 2.4.0

Package Vendor: Keil
                https://www.keil.com/pack/Keil.LPC1700_DFP.3.0.0.pack
                Keil::LPC1700_DFP@3.0.0
                NXP LPC1700 Series Device Support, Drivers and Examples for MCB1700 and LPC1788-32
   * Component: USART Version: 2.13.0
   * Component: GPDMA Version: 1.4.0
   * Component: GPIO Version: 1.1.0
   * Component: PIN Version: 1.0.0
   * Component: Startup Version: 1.0.0

<h2>Collection of Component include folders:</h2>
  ./RTE/Device/LPC1768
  ./RTE/_Target_1
  C:/Keil_v5/ARM/Pack/ARM/CMSIS/6.2.0/CMSIS/Core/Include
  C:/Keil_v5/ARM/Pack/ARM/CMSIS/6.2.0/CMSIS/Driver/Include
  C:/Keil_v5/ARM/Pack/Keil/LPC1700_DFP/3.0.0/Device/Include
  C:/Keil_v5/ARM/Pack/Keil/LPC1700_DFP/3.0.0/RTE_Driver

<h2>Collection of Component Files used:</h2>

   * Component: ARM::CMSIS:CORE@6.1.1

   * Component: CMSIS Driver:USART(API)@2.4.0
      Include file:  CMSIS/Driver/Include/Driver_USART.h

   * Component: Keil::CMSIS Driver:USART@2.13.0
      Source file:   RTE_Driver/UART_LPC17xx.c

   * Component: Keil::Device:GPDMA@1.4.0
      Include file:  RTE_Driver/GPDMA_LPC17xx.h
      Source file:   RTE_Driver/GPDMA_LPC17xx.c

   * Component: Keil::Device:GPIO@1.1.0
      Include file:  RTE_Driver/GPIO_LPC17xx.h
      Source file:   RTE_Driver/GPIO_LPC17xx.c

   * Component: Keil::Device:PIN@1.0.0
      Include file:  RTE_Driver/PIN_LPC17xx.h
      Source file:   RTE_Driver/PIN_LPC17xx.c

   * Component: Keil::Device:Startup@1.0.0
      Include file:  Device/Include/LPC17xx.h
      Source file:   Device/Source/ARM/startup_LPC17xx.s
      Include file:  RTE_Driver/Config/RTE_Device.h
      Source file:   Device/Source/system_LPC17xx.c
Build Time Elapsed:  00:00:00
</pre>
</body>
</html>
