Component: Arm Compiler for Embedded 6.24 Tool: armlink [5f371500]

==============================================================================

Section Cross References

    can.o(.text.Init_GPIO) refers to can.o(.text.__NVIC_EnableIRQ) for __NVIC_EnableIRQ
    can.o(.ARM.exidx.text.Init_GPIO) refers to can.o(.text.Init_GPIO) for [Anonymous Symbol]
    can.o(.ARM.exidx.text.__NVIC_EnableIRQ) refers to can.o(.text.__NVIC_EnableIRQ) for [Anonymous Symbol]
    can.o(.text.CANT) refers to rtx_thread.o(.text.osThreadFlagsWait) for osThreadFlagsWait
    can.o(.text.CANT) refers to can.o(.text.Envoi_CAN) for Envoi_CAN
    can.o(.ARM.exidx.text.CANT) refers to can.o(.text.CANT) for [Anonymous Symbol]
    can.o(.text.Envoi_CAN) refers to can_stm32f4xx.o(.rodata.Driver_CAN2) for Driver_CAN2
    can.o(.ARM.exidx.text.Envoi_CAN) refers to can.o(.text.Envoi_CAN) for [Anonymous Symbol]
    can.o(.text.Radars) refers to can.o(.bss.MB_Radars) for MB_Radars
    can.o(.text.Radars) refers to rtx_msgqueue.o(.text.osMessageQueueGet) for osMessageQueueGet
    can.o(.text.Radars) refers to can.o(.text.allumer_led) for allumer_led
    can.o(.text.Radars) refers to rtx_delay.o(.text.osDelay) for osDelay
    can.o(.text.Radars) refers to can.o(.text.eteindre_led) for eteindre_led
    can.o(.ARM.exidx.text.Radars) refers to can.o(.text.Radars) for [Anonymous Symbol]
    can.o(.ARM.exidx.text.allumer_led) refers to can.o(.text.allumer_led) for [Anonymous Symbol]
    can.o(.ARM.exidx.text.eteindre_led) refers to can.o(.text.eteindre_led) for [Anonymous Symbol]
    can.o(.text.My_CAN_Callback) refers to can_stm32f4xx.o(.rodata.Driver_CAN2) for Driver_CAN2
    can.o(.text.My_CAN_Callback) refers to can.o(.bss.MB_Radars) for MB_Radars
    can.o(.text.My_CAN_Callback) refers to rtx_msgqueue.o(.text.osMessageQueuePut) for osMessageQueuePut
    can.o(.ARM.exidx.text.My_CAN_Callback) refers to can.o(.text.My_CAN_Callback) for [Anonymous Symbol]
    can.o(.text.EXTI0_IRQHandler) refers to can.o(.bss.ID_CANT) for ID_CANT
    can.o(.text.EXTI0_IRQHandler) refers to rtx_thread.o(.text.osThreadFlagsSet) for osThreadFlagsSet
    can.o(.ARM.exidx.text.EXTI0_IRQHandler) refers to can.o(.text.EXTI0_IRQHandler) for [Anonymous Symbol]
    can.o(.text.main) refers to can.o(.text.Init_GPIO) for Init_GPIO
    can.o(.text.main) refers to can.o(.text.Init_CAN) for Init_CAN
    can.o(.text.main) refers to rtx_kernel.o(.text.osKernelInitialize) for osKernelInitialize
    can.o(.text.main) refers to can.o(.text.CANT) for CANT
    can.o(.text.main) refers to rtx_thread.o(.text.osThreadNew) for osThreadNew
    can.o(.text.main) refers to can.o(.bss.ID_CANT) for ID_CANT
    can.o(.text.main) refers to can.o(.text.Radars) for Radars
    can.o(.text.main) refers to can.o(.bss.ID_TRadars) for ID_TRadars
    can.o(.text.main) refers to rtx_msgqueue.o(.text.osMessageQueueNew) for osMessageQueueNew
    can.o(.text.main) refers to can.o(.bss.MB_Radars) for MB_Radars
    can.o(.text.main) refers to rtx_kernel.o(.text.osKernelStart) for osKernelStart
    can.o(.ARM.exidx.text.main) refers to can.o(.text.main) for [Anonymous Symbol]
    can.o(.text.Init_CAN) refers to can_stm32f4xx.o(.rodata.Driver_CAN2) for Driver_CAN2
    can.o(.text.Init_CAN) refers to rtx_delay.o(.text.osDelay) for osDelay
    can.o(.ARM.exidx.text.Init_CAN) refers to can.o(.text.Init_CAN) for [Anonymous Symbol]
    irq_armv7m.o(.text) refers to rtx_thread.o(.text.osRtxThreadStackCheck) for osRtxThreadStackCheck
    irq_armv7m.o(.text) refers to rtx_kernel.o(.text.osRtxKernelErrorNotify) for osRtxKernelErrorNotify
    irq_armv7m.o(.text) refers to rtx_system.o(.text.osRtxPendSV_Handler) for osRtxPendSV_Handler
    irq_armv7m.o(.text) refers to rtx_system.o(.text.osRtxTick_Handler) for osRtxTick_Handler
    irq_armv7m.o(.text) refers to rtx_kernel.o(.data.os) for osRtxInfo
    irq_armv7m.o(.text) refers to rtx_lib.o(.rodata.osRtxUserSVC) for osRtxUserSVC
    irq_armv7m.o(.ARM.exidx) refers to irq_armv7m.o(.text) for [Anonymous Symbol]
    rtx_delay.o(.text.osDelay) refers to rtx_evr.o(.text.EvrRtxDelay) for EvrRtxDelay
    rtx_delay.o(.text.osDelay) refers to rtx_delay.o(.text.IsException) for IsException
    rtx_delay.o(.text.osDelay) refers to rtx_delay.o(.text.IsIrqMasked) for IsIrqMasked
    rtx_delay.o(.text.osDelay) refers to rtx_evr.o(.text.EvrRtxDelayError) for EvrRtxDelayError
    rtx_delay.o(.text.osDelay) refers to rtx_delay.o(.text.svcRtxDelay) for svcRtxDelay
    rtx_delay.o(.ARM.exidx.text.osDelay) refers to rtx_delay.o(.text.osDelay) for [Anonymous Symbol]
    rtx_delay.o(.ARM.exidx.text.IsException) refers to rtx_delay.o(.text.IsException) for [Anonymous Symbol]
    rtx_delay.o(.ARM.exidx.text.IsIrqMasked) refers to rtx_delay.o(.text.IsIrqMasked) for [Anonymous Symbol]
    rtx_delay.o(.text.osDelayUntil) refers to rtx_evr.o(.text.EvrRtxDelayUntil) for EvrRtxDelayUntil
    rtx_delay.o(.text.osDelayUntil) refers to rtx_delay.o(.text.IsException) for IsException
[...]
    os_timer_mq_cb                           0x2000836c   Data          52  rtx_lib.o(.bss.os.msgqueue.cb)
    [Anonymous Symbol]                       0x2000836c   Section        0  rtx_lib.o(.bss.os.msgqueue.cb)
    os_timer_mq_data                         0x200083a0   Data          80  rtx_lib.o(.bss.os.msgqueue.mem)
    [Anonymous Symbol]                       0x200083a0   Section        0  rtx_lib.o(.bss.os.msgqueue.mem)
    os_idle_thread_cb                        0x200083f0   Data          80  rtx_lib.o(.bss.os.thread.cb)
    [Anonymous Symbol]                       0x200083f0   Section        0  rtx_lib.o(.bss.os.thread.cb)
    os_timer_thread_cb                       0x20008440   Data          80  rtx_lib.o(.bss.os.thread.cb)
    os_idle_thread_stack                     0x20008490   Data         512  rtx_lib.o(.bss.os.thread.idle.stack)
    [Anonymous Symbol]                       0x20008490   Section        0  rtx_lib.o(.bss.os.thread.idle.stack)
    os_timer_thread_stack                    0x20008690   Data         512  rtx_lib.o(.bss.os.thread.timer.stack)
    [Anonymous Symbol]                       0x20008690   Section        0  rtx_lib.o(.bss.os.thread.timer.stack)
    os_kernel_is_active.os_kernel_active     0x20008890   Data           1  rtx_lib.o(.bss.os_kernel_is_active.os_kernel_active)
    [Anonymous Symbol]                       0x20008890   Section        0  rtx_lib.o(.bss.os_kernel_is_active.os_kernel_active)
    Heap_Mem                                 0x20008898   Data         512  startup_stm32f407xx.o(HEAP)
    HEAP                                     0x20008898   Section      512  startup_stm32f407xx.o(HEAP)
    Stack_Mem                                0x20008a98   Data        1024  startup_stm32f407xx.o(STACK)
    STACK                                    0x20008a98   Section     1024  startup_stm32f407xx.o(STACK)
    __initial_sp                             0x20008e98   Data           0  startup_stm32f407xx.o(STACK)
    FPCCR                                    0xe000ef34   Number         0  irq_armv7m.o ABSOLUTE

    Global Symbols

    Symbol Name                              Value     Ov Type        Size  Object(Section)

    BuildAttributes$$THM_ISAv4$E$P$D$K$B$S$7EM$VFPi3$EXTD16$VFPS$VFMA$PE$A:L22UL41UL21$X:L11$S22US41US21$IEEE1$IW$~IW$USESV6$~STKCKD$USESV7$~SHL$OSPACE$ROPI$EBA8$UX$STANDARDLIB$REQ8$PRES8$EABIv2 0x00000000   Number         0  anon$$obj.o ABSOLUTE
    .bss.os.evflags.cb$$Base                  - Undefined Weak Reference
    .bss.os.evflags.cb$$Limit                 - Undefined Weak Reference
    .bss.os.mempool.cb$$Base                  - Undefined Weak Reference
    .bss.os.mempool.cb$$Limit                 - Undefined Weak Reference
    .bss.os.mutex.cb$$Base                    - Undefined Weak Reference
    .bss.os.mutex.cb$$Limit                   - Undefined Weak Reference
    .bss.os.semaphore.cb$$Base                - Undefined Weak Reference
    .bss.os.semaphore.cb$$Limit               - Undefined Weak Reference
    .bss.os.timer.cb$$Base                    - Undefined Weak Reference
    .bss.os.timer.cb$$Limit                   - Undefined Weak Reference
    __ARM_exceptions_init                     - Undefined Weak Reference
    __alloca_initialize                       - Undefined Weak Reference
    __arm_preinit_                            - Undefined Weak Reference
    __arm_relocate_pie_                       - Undefined Weak Reference
    __cpp_initialize__aeabi_                  - Undefined Weak Reference
    __cxa_finalize                            - Undefined Weak Reference
    __rt_locale                               - Undefined Weak Reference
    __sigvec_lookup                           - Undefined Weak Reference
    _atexit_init                              - Undefined Weak Reference
    _call_atexit_fns                          - Undefined Weak Reference
    _clock_init                               - Undefined Weak Reference
    _fp_trap_init                             - Undefined Weak Reference
    _fp_trap_shutdown                         - Undefined Weak Reference
    _get_lc_collate                           - Undefined Weak Reference
    _get_lc_ctype                             - Undefined Weak Reference
    _get_lc_monetary                          - Undefined Weak Reference
    _get_lc_numeric                           - Undefined Weak Reference
    _get_lc_time                              - Undefined Weak Reference
    _getenv_init                              - Undefined Weak Reference
    _handle_redirection                       - Undefined Weak Reference
    _init_alloc                               - Undefined Weak Reference
    _init_user_alloc                          - Undefined Weak Reference
    _initio                                   - Undefined Weak Reference
    _rand_init                                - Undefined Weak Reference
    _signal_finish                            - Undefined Weak Reference
    _signal_init                              - Undefined Weak Reference
    _terminate_alloc                          - Undefined Weak Reference
    _terminate_user_alloc                     - Undefined Weak Reference
    _terminateio                              - Undefined Weak Reference
    __Vectors_Size                           0x00000188   Number         0  startup_stm32f407xx.o ABSOLUTE
    __Vectors                                0x08000000   Data           4  startup_stm32f407xx.o(RESET)
    __Vectors_End                            0x08000188   Data           0  startup_stm32f407xx.o(RESET)
    __main                                   0x08000189   Thumb Code     8  __main.o(!!!main)
    __scatterload                            0x08000191   Thumb Code     0  __scatter.o(!!!scatter)
    __scatterload_rt2                        0x08000191   Thumb Code    84  __scatter.o(!!!scatter)
    __scatterload_rt2_thumb_only             0x08000191   Thumb Code     0  __scatter.o(!!!scatter)
    __scatterload_loop                       0x0800019b   Thumb Code     0  __scatter.o(!!!scatter)
    __scatterload_copy                       0x080001ed   Thumb Code    26  __scatter_copy.o(!!handler_copy)
    __scatterload_null                       0x08000209   Thumb Code     2  __scatter.o(!!handler_null)
    __scatterload_zeroinit                   0x0800020d   Thumb Code    28  __scatter_zi.o(!!handler_zi)
    __rt_lib_init                            0x08000229   Thumb Code     0  libinit.o(.ARM.Collect$$libinit$$00000000)
    __rt_lib_init_fp_1                       0x0800022b   Thumb Code     0  libinit2.o(.ARM.Collect$$libinit$$00000001)
    __rt_lib_init_alloca_1                   0x0800022f   Thumb Code     0  libinit2.o(.ARM.Collect$$libinit$$00000030)
    __rt_lib_init_argv_1                     0x0800022f   Thumb Code     0  libinit2.o(.ARM.Collect$$libinit$$0000002E)
    __rt_lib_init_atexit_1                   0x0800022f   Thumb Code     0  libinit2.o(.ARM.Collect$$libinit$$0000001D)
    __rt_lib_init_clock_1                    0x0800022f   Thumb Code     0  libinit2.o(.ARM.Collect$$libinit$$00000023)
    __rt_lib_init_cpp_1                      0x0800022f   Thumb Code     0  libinit2.o(.ARM.Collect$$libinit$$00000034)
    __rt_lib_init_exceptions_1               0x0800022f   Thumb Code     0  libinit2.o(.ARM.Collect$$libinit$$00000032)
    __rt_lib_init_fp_trap_1                  0x0800022f   Thumb Code     0  libinit2.o(.ARM.Collect$$libinit$$00000021)
    __rt_lib_init_getenv_1                   0x0800022f   Thumb Code     0  libinit2.o(.ARM.Collect$$libinit$$00000025)
    __rt_lib_init_heap_1                     0x0800022f   Thumb Code     0  libinit2.o(.ARM.Collect$$libinit$$0000000C)
    __rt_lib_init_lc_collate_1               0x0800022f   Thumb Code     0  libinit2.o(.ARM.Collect$$libinit$$00000013)
    __rt_lib_init_lc_ctype_1                 0x0800022f   Thumb Code     0  libinit2.o(.ARM.Collect$$libinit$$00000015)
    __rt_lib_init_lc_monetary_1              0x0800022f   Thumb Code     0  libinit2.o(.ARM.Collect$$libinit$$00000017)
    __rt_lib_init_lc_numeric_1               0x0800022f   Thumb Code     0  libinit2.o(.ARM.Collect$$libinit$$00000019)
    __rt_lib_init_lc_time_1                  0x0800022f   Thumb Code     0  libinit2.o(.ARM.Collect$$libinit$$0000001B)
    __rt_lib_init_preinit_1                  0x0800022f   Thumb Code     0  libinit2.o(.ARM.Collect$$libinit$$00000006)
    __rt_lib_init_rand_1                     0x0800022f   Thumb Code     0  libinit2.o(.ARM.Collect$$libinit$$00000010)
    __rt_lib_init_relocate_pie_1             0x0800022f   Thumb Code     0  libinit2.o(.ARM.Collect$$libinit$$00000004)
    __rt_lib_init_return                     0x0800022f   Thumb Code     0  libinit2.o(.ARM.Collect$$libinit$$00000035)
    __rt_lib_init_signal_1                   0x0800022f   Thumb Code     0  libinit2.o(.ARM.Collect$$libinit$$0000001F)
    __rt_lib_init_stdio_1                    0x0800022f   Thumb Code     0  libinit2.o(.ARM.Collect$$libinit$$00000027)
    __rt_lib_init_user_alloc_1               0x0800022f   Thumb Code     0  libinit2.o(.ARM.Collect$$libinit$$0000000E)
    __rt_lib_shutdown                        0x08000231   Thumb Code     0  libshutdown.o(.ARM.Collect$$libshutdown$$00000000)
    __rt_lib_shutdown_cpp_1                  0x08000233   Thumb Code     0  libshutdown2.o(.ARM.Collect$$libshutdown$$00000002)
    __rt_lib_shutdown_fp_trap_1              0x08000233   Thumb Code     0  libshutdown2.o(.ARM.Collect$$libshutdown$$00000007)
    __rt_lib_shutdown_heap_1                 0x08000233   Thumb Code     0  libshutdown2.o(.ARM.Collect$$libshutdown$$0000000F)
    __rt_lib_shutdown_return                 0x08000233   Thumb Code     0  libshutdown2.o(.ARM.Collect$$libshutdown$$00000010)
    __rt_lib_shutdown_signal_1               0x08000233   Thumb Code     0  libshutdown2.o(.ARM.Collect$$libshutdown$$0000000A)
    __rt_lib_shutdown_stdio_1                0x08000233   Thumb Code     0  libshutdown2.o(.ARM.Collect$$libshutdown$$00000004)
    __rt_lib_shutdown_user_alloc_1           0x08000233   Thumb Code     0  libshutdown2.o(.ARM.Collect$$libshutdown$$0000000C)
    __rt_entry                               0x08000235   Thumb Code     0  __rtentry.o(.ARM.Collect$$rtentry$$00000000)
    __rt_entry_presh_1                       0x08000235   Thumb Code     0  __rtentry2.o(.ARM.Collect$$rtentry$$00000002)
    __rt_entry_sh                            0x08000235   Thumb Code     0  __rtentry4.o(.ARM.Collect$$rtentry$$00000004)
    __rt_entry_postsh_1                      0x0800023b   Thumb Code     0  __rtentry2.o(.ARM.Collect$$rtentry$$00000008)
    __rt_entry_li                            0x08000243   Thumb Code     0  __rtentry2.o(.ARM.Collect$$rtentry$$0000000A)
    __rt_entry_main                          0x08000247   Thumb Code     0  __rtentry2.o(.ARM.Collect$$rtentry$$0000000D)
    __rt_entry_postli_1                      0x08000247   Thumb Code     0  __rtentry2.o(.ARM.Collect$$rtentry$$0000000C)
    __rt_exit                                0x0800024f   Thumb Code     0  rtexit.o(.ARM.Collect$$rtexit$$00000000)
    __rt_exit_ls                             0x08000251   Thumb Code     0  rtexit2.o(.ARM.Collect$$rtexit$$00000003)
    __rt_exit_prels_1                        0x08000251   Thumb Code     0  rtexit2.o(.ARM.Collect$$rtexit$$00000002)
    __rt_exit_exit                           0x08000255   Thumb Code     0  rtexit2.o(.ARM.Collect$$rtexit$$00000004)
    SVC_Handler                              0x0800025d   Thumb Code   208  irq_armv7m.o(.text)
    PendSV_Handler                           0x0800032d   Thumb Code    16  irq_armv7m.o(.text)
    SysTick_Handler                          0x0800033d   Thumb Code    16  irq_armv7m.o(.text)
    Reset_Handler                            0x0800035d   Thumb Code     8  startup_stm32f407xx.o(.text)
    NMI_Handler                              0x08000365   Thumb Code     2  startup_stm32f407xx.o(.text)
    HardFault_Handler                        0x08000367   Thumb Code     2  startup_stm32f407xx.o(.text)
    MemManage_Handler                        0x08000369   Thumb Code     2  startup_stm32f407xx.o(.text)
    BusFault_Handler                         0x0800036b   Thumb Code     2  startup_stm32f407xx.o(.text)
    UsageFault_Handler                       0x0800036d   Thumb Code     2  startup_stm32f407xx.o(.text)
    DebugMon_Handler                         0x08000371   Thumb Code     2  startup_stm32f407xx.o(.text)
    ADC_IRQHandler                           0x08000377   Thumb Code     0  startup_stm32f407xx.o(.text)
    CAN1_RX0_IRQHandler                      0x08000377   Thumb Code     0  startup_stm32f407xx.o(.text)
    CAN1_RX1_IRQHandler                      0x08000377   Thumb Code     0  startup_stm32f407xx.o(.text)
    CAN1_SCE_IRQHandler                      0x08000377   Thumb Code     0  startup_stm32f407xx.o(.text)
    CAN1_TX_IRQHandler                       0x08000377   Thumb Code     0  startup_stm32f407xx.o(.text)
    DCMI_IRQHandler                          0x08000377   Thumb Code     0  startup_stm32f407xx.o(.text)
    DMA1_Stream0_IRQHandler                  0x08000377   Thumb Code     0  startup_stm32f407xx.o(.text)
    DMA1_Stream1_IRQHandler                  0x08000377   Thumb Code     0  startup_stm32f407xx.o(.text)
    DMA1_Stream2_IRQHandler                  0x08000377   Thumb Code     0  startup_stm32f407xx.o(.text)
    DMA1_Stream3_IRQHandler                  0x08000377   Thumb Code     0  startup_stm32f407xx.o(.text)
    DMA1_Stream4_IRQHandler                  0x08000377   Thumb Code     0  startup_stm32f407xx.o(.text)
    DMA1_Stream5_IRQHandler                  0x08000377   Thumb Code     0  startup_stm32f407xx.o(.text)
    DMA1_Stream6_IRQHandler                  0x08000377   Thumb Code     0  startup_stm32f407xx.o(.text)
    DMA1_Stream7_IRQHandler                  0x08000377   Thumb Code     0  startup_stm32f407xx.o(.text)
    DMA2_Stream0_IRQHandler                  0x08000377   Thumb Code     0  startup_stm32f407xx.o(.text)
    DMA2_Stream1_IRQHandler                  0x08000377   Thumb Code     0  startup_stm32f407xx.o(.text)
    DMA2_Stream2_IRQHandler                  0x08000377   Thumb Code     0  startup_stm32f407xx.o(.text)
    DMA2_Stream3_IRQHandler                  0x08000377   Thumb Code     0  startup_stm32f407xx.o(.text)
    DMA2_Stream4_IRQHandler                  0x08000377   Thumb Code     0  startup_stm32f407xx.o(.text)
    DMA2_Stream5_IRQHandler                  0x08000377   Thumb Code     0  startup_stm32f407xx.o(.text)
    DMA2_Stream6_IRQHandler                  0x08000377   Thumb Code     0  startup_stm32f407xx.o(.text)
    DMA2_Stream7_IRQHandler                  0x08000377   Thumb Code     0  startup_stm32f407xx.o(.text)
    ETH_IRQHandler                           0x08000377   Thumb Code     0  startup_stm32f407xx.o(.text)
    ETH_WKUP_IRQHandler                      0x08000377   Thumb Code     0  startup_stm32f407xx.o(.text)
    EXTI15_10_IRQHandler                     0x08000377   Thumb Code     0  startup_stm32f407xx.o(.text)
    EXTI1_IRQHandler                         0x08000377   Thumb Code     0  startup_stm32f407xx.o(.text)
    EXTI2_IRQHandler                         0x08000377   Thumb Code     0  startup_stm32f407xx.o(.text)
    EXTI3_IRQHandler                         0x08000377   Thumb Code     0  startup_stm32f407xx.o(.text)
    EXTI4_IRQHandler                         0x08000377   Thumb Code     0  startup_stm32f407xx.o(.text)
    EXTI9_5_IRQHandler                       0x08000377   Thumb Code     0  startup_stm32f407xx.o(.text)
    FLASH_IRQHandler                         0x08000377   Thumb Code     0  startup_stm32f407xx.o(.text)
    FMC_IRQHandler                           0x08000377   Thumb Code     0  startup_stm32f407xx.o(.text)
    FPU_IRQHandler                           0x08000377   Thumb Code     0  startup_stm32f407xx.o(.text)
    HASH_RNG_IRQHandler                      0x08000377   Thumb Code     0  startup_stm32f407xx.o(.text)
    I2C1_ER_IRQHandler                       0x08000377   Thumb Code     0  startup_stm32f407xx.o(.text)
    I2C1_EV_IRQHandler                       0x08000377   Thumb Code     0  startup_stm32f407xx.o(.text)
    I2C2_ER_IRQHandler                       0x08000377   Thumb Code     0  startup_stm32f407xx.o(.text)
    I2C2_EV_IRQHandler                       0x08000377   Thumb Code     0  startup_stm32f407xx.o(.text)
    I2C3_ER_IRQHandler                       0x08000377   Thumb Code     0  startup_stm32f407xx.o(.text)
    I2C3_EV_IRQHandler                       0x08000377   Thumb Code     0  startup_stm32f407xx.o(.text)
    OTG_FS_IRQHandler                        0x08000377   Thumb Code     0  startup_stm32f407xx.o(.text)
    OTG_FS_WKUP_IRQHandler                   0x08000377   Thumb Code     0  startup_stm32f407xx.o(.text)
    OTG_HS_EP1_IN_IRQHandler                 0x08000377   Thumb Code     0  startup_stm32f407xx.o(.text)
    OTG_HS_EP1_OUT_IRQHandler                0x08000377   Thumb Code     0  startup_stm32f407xx.o(.text)
    OTG_HS_IRQHandler                        0x08000377   Thumb Code     0  startup_stm32f407xx.o(.text)
    OTG_HS_WKUP_IRQHandler                   0x08000377   Thumb Code     0  startup_stm32f407xx.o(.text)
    PVD_IRQHandler                           0x08000377   Thumb Code     0  startup_stm32f407xx.o(.text)
    RCC_IRQHandler                           0x08000377   Thumb Code     0  startup_stm32f407xx.o(.text)
    RTC_Alarm_IRQHandler                     0x08000377   Thumb Code     0  startup_stm32f407xx.o(.text)
    RTC_WKUP_IRQHandler                      0x08000377   Thumb Code     0  startup_stm32f407xx.o(.text)
    SDIO_IRQHandler                          0x08000377   Thumb Code     0  startup_stm32f407xx.o(.text)
    SPI1_IRQHandler                          0x08000377   Thumb Code     0  startup_stm32f407xx.o(.text)
    SPI2_IRQHandler                          0x08000377   Thumb Code     0  startup_stm32f407xx.o(.text)
    SPI3_IRQHandler                          0x08000377   Thumb Code     0  startup_stm32f407xx.o(.text)
    TAMP_STAMP_IRQHandler                    0x08000377   Thumb Code     0  startup_stm32f407xx.o(.text)
    TIM1_BRK_TIM9_IRQHandler                 0x08000377   Thumb Code     0  startup_stm32f407xx.o(.text)
    TIM1_CC_IRQHandler                       0x08000377   Thumb Code     0  startup_stm32f407xx.o(.text)
    TIM1_TRG_COM_TIM11_IRQHandler            0x08000377   Thumb Code     0  startup_stm32f407xx.o(.text)
    TIM1_UP_TIM10_IRQHandler                 0x08000377   Thumb Code     0  startup_stm32f407xx.o(.text)
    TIM2_IRQHandler                          0x08000377   Thumb Code     0  startup_stm32f407xx.o(.text)
    TIM3_IRQHandler                          0x08000377   Thumb Code     0  startup_stm32f407xx.o(.text)
    TIM4_IRQHandler                          0x08000377   Thumb Code     0  startup_stm32f407xx.o(.text)
    TIM5_IRQHandler                          0x08000377   Thumb Code     0  startup_stm32f407xx.o(.text)
    TIM6_DAC_IRQHandler                      0x08000377   Thumb Code     0  startup_stm32f407xx.o(.text)
    TIM7_IRQHandler                          0x08000377   Thumb Code     0  startup_stm32f407xx.o(.text)
    TIM8_BRK_TIM12_IRQHandler                0x08000377   Thumb Code     0  startup_stm32f407xx.o(.text)
    TIM8_CC_IRQHandler                       0x08000377   Thumb Code     0  startup_stm32f407xx.o(.text)
    TIM8_TRG_COM_TIM14_IRQHandler            0x08000377   Thumb Code     0  startup_stm32f407xx.o(.text)
    TIM8_UP_TIM13_IRQHandler                 0x08000377   Thumb Code     0  startup_stm32f407xx.o(.text)
    UART4_IRQHandler                         0x08000377   Thumb Code     0  startup_stm32f407xx.o(.text)
    UART5_IRQHandler                         0x08000377   Thumb Code     0  startup_stm32f407xx.o(.text)
    USART1_IRQHandler                        0x08000377   Thumb Code     0  startup_stm32f407xx.o(.text)
    USART2_IRQHandler                        0x08000377   Thumb Code     0  startup_stm32f407xx.o(.text)
    USART3_IRQHandler                        0x08000377   Thumb Code     0  startup_stm32f407xx.o(.text)
    USART6_IRQHandler                        0x08000377   Thumb Code     0  startup_stm32f407xx.o(.text)
    WWDG_IRQHandler                          0x08000377   Thumb Code     0  startup_stm32f407xx.o(.text)
    __user_initial_stackheap                 0x08000379   Thumb Code     0  startup_stm32f407xx.o(.text)
    __aeabi_memcpy                           0x0800039d   Thumb Code     0  rt_memcpy_v6.o(.text)
    __rt_memcpy                              0x0800039d   Thumb Code   138  rt_memcpy_v6.o(.text)
    _memcpy_lastbytes                        0x08000403   Thumb Code     0  rt_memcpy_v6.o(.text)
    __aeabi_memclr                           0x08000427   Thumb Code     0  rt_memclr.o(.text)
    __rt_memclr                              0x08000427   Thumb Code     0  rt_memclr.o(.text)
    _memset                                  0x0800042b   Thumb Code    64  rt_memclr.o(.text)
    __aeabi_memclr4                          0x0800046b   Thumb Code     0  rt_memclr_w.o(.text)
    __aeabi_memclr8                          0x0800046b   Thumb Code     0  rt_memclr_w.o(.text)
    __rt_memclr_w                            0x0800046b   Thumb Code     0  rt_memclr_w.o(.text)
    _memset_w                                0x0800046f   Thumb Code    74  rt_memclr_w.o(.text)
    __use_two_region_memory                  0x080004b9   Thumb Code     2  heapauxi.o(.text)
    __rt_heap_escrow$2region                 0x080004bb   Thumb Code     2  heapauxi.o(.text)
    __rt_heap_expand$2region                 0x080004bd   Thumb Code     2  heapauxi.o(.text)
    __aeabi_memcpy4                          0x080004bf   Thumb Code     0  rt_memcpy_w.o(.text)
    __aeabi_memcpy8                          0x080004bf   Thumb Code     0  rt_memcpy_w.o(.text)
    __rt_memcpy_w                            0x080004bf   Thumb Code   100  rt_memcpy_w.o(.text)
    _memcpy_lastbytes_aligned                0x08000507   Thumb Code     0  rt_memcpy_w.o(.text)
    __user_setup_stackheap                   0x08000523   Thumb Code    74  sys_stackheap_outer.o(.text)
    exit                                     0x0800056d   Thumb Code    18  exit.o(.text)
    __user_libspace                          0x08000581   Thumb Code     8  libspace.o(.text)
    __user_perproc_libspace                  0x08000581   Thumb Code     0  libspace.o(.text)
    _sys_exit                                0x08000589   Thumb Code     8  sys_exit.o(.text)
    __I$use$semihosting                      0x08000595   Thumb Code     0  use_no_semi.o(.text)
    __use_no_semihosting_swi                 0x08000595   Thumb Code     2  use_no_semi.o(.text)
    __semihosting_library_function           0x08000597   Thumb Code     0  indicate_semi.o(.text)
    _fp_init                                 0x08000599   Thumb Code    22  rtx_lib.o(.text.$Sub$$_fp_init)
    CAN2_RX0_IRQHandler                      0x080006c5   Thumb Code   382  can_stm32f4xx.o(.text.CAN2_RX0_IRQHandler)
    CAN2_RX1_IRQHandler                      0x08000845   Thumb Code   382  can_stm32f4xx.o(.text.CAN2_RX1_IRQHandler)
    CAN2_SCE_IRQHandler                      0x080009c5   Thumb Code   230  can_stm32f4xx.o(.text.CAN2_SCE_IRQHandler)
    CAN2_TX_IRQHandler                       0x08000ae5   Thumb Code   542  can_stm32f4xx.o(.text.CAN2_TX_IRQHandler)
    CANT                                     0x08000d11   Thumb Code    44  can.o(.text.CANT)
    EXTI0_IRQHandler                         0x08002a35   Thumb Code    30  can.o(.text.EXTI0_IRQHandler)
    Envoi_CAN                                0x08002c41   Thumb Code   112  can.o(.text.Envoi_CAN)
    EvrRtxDelay                              0x08002cb1   Thumb Code     8  rtx_evr.o(.text.EvrRtxDelay)
    EvrRtxDelayCompleted                     0x08002cb9   Thumb Code     8  rtx_evr.o(.text.EvrRtxDelayCompleted)
    EvrRtxDelayError                         0x08002cc1   Thumb Code     8  rtx_evr.o(.text.EvrRtxDelayError)
    EvrRtxDelayStarted                       0x08002cc9   Thumb Code     8  rtx_evr.o(.text.EvrRtxDelayStarted)
    EvrRtxEventFlagsWaitTimeout              0x08002cd1   Thumb Code     8  rtx_evr.o(.text.EvrRtxEventFlagsWaitTimeout)
    EvrRtxKernelError                        0x08002cd9   Thumb Code     8  rtx_evr.o(.text.EvrRtxKernelError)
    EvrRtxKernelErrorNotify                  0x08002ce1   Thumb Code    10  rtx_evr.o(.text.EvrRtxKernelErrorNotify)
    EvrRtxKernelGetState                     0x08002ced   Thumb Code     8  rtx_evr.o(.text.EvrRtxKernelGetState)
    EvrRtxKernelInitialize                   0x08002cf5   Thumb Code     2  rtx_evr.o(.text.EvrRtxKernelInitialize)
    EvrRtxKernelInitialized                  0x08002cf9   Thumb Code     2  rtx_evr.o(.text.EvrRtxKernelInitialized)
    EvrRtxKernelStart                        0x08002cfd   Thumb Code     2  rtx_evr.o(.text.EvrRtxKernelStart)
    EvrRtxKernelStarted                      0x08002d01   Thumb Code     2  rtx_evr.o(.text.EvrRtxKernelStarted)
    EvrRtxMemoryAlloc                        0x08002d05   Thumb Code    14  rtx_evr.o(.text.EvrRtxMemoryAlloc)
    EvrRtxMemoryBlockAlloc                   0x08002d15   Thumb Code    10  rtx_evr.o(.text.EvrRtxMemoryBlockAlloc)
    EvrRtxMemoryBlockFree                    0x08002d21   Thumb Code    12  rtx_evr.o(.text.EvrRtxMemoryBlockFree)
    EvrRtxMemoryBlockInit                    0x08002d2d   Thumb Code    14  rtx_evr.o(.text.EvrRtxMemoryBlockInit)
    EvrRtxMemoryFree                         0x08002d3d   Thumb Code    12  rtx_evr.o(.text.EvrRtxMemoryFree)
    EvrRtxMemoryInit                         0x08002d49   Thumb Code    12  rtx_evr.o(.text.EvrRtxMemoryInit)
    EvrRtxMemoryPoolAllocTimeout             0x08002d55   Thumb Code     8  rtx_evr.o(.text.EvrRtxMemoryPoolAllocTimeout)
    EvrRtxMessageQueueCreated                0x08002d5d   Thumb Code    10  rtx_evr.o(.text.EvrRtxMessageQueueCreated)
    EvrRtxMessageQueueError                  0x08002d69   Thumb Code    10  rtx_evr.o(.text.EvrRtxMessageQueueError)
    EvrRtxMessageQueueGet                    0x08002d75   Thumb Code    14  rtx_evr.o(.text.EvrRtxMessageQueueGet)
    EvrRtxMessageQueueGetPending             0x08002d85   Thumb Code    12  rtx_evr.o(.text.EvrRtxMessageQueueGetPending)
    EvrRtxMessageQueueGetTimeout             0x08002d91   Thumb Code     8  rtx_evr.o(.text.EvrRtxMessageQueueGetTimeout)
    EvrRtxMessageQueueInsertPending          0x08002d99   Thumb Code    10  rtx_evr.o(.text.EvrRtxMessageQueueInsertPending)
    EvrRtxMessageQueueInserted               0x08002da5   Thumb Code    10  rtx_evr.o(.text.EvrRtxMessageQueueInserted)
    EvrRtxMessageQueueNew                    0x08002db1   Thumb Code    12  rtx_evr.o(.text.EvrRtxMessageQueueNew)
    EvrRtxMessageQueueNotInserted            0x08002dbd   Thumb Code    10  rtx_evr.o(.text.EvrRtxMessageQueueNotInserted)
    EvrRtxMessageQueueNotRetrieved           0x08002dc9   Thumb Code    10  rtx_evr.o(.text.EvrRtxMessageQueueNotRetrieved)
    EvrRtxMessageQueuePut                    0x08002dd5   Thumb Code    16  rtx_evr.o(.text.EvrRtxMessageQueuePut)
    EvrRtxMessageQueuePutPending             0x08002de5   Thumb Code    12  rtx_evr.o(.text.EvrRtxMessageQueuePutPending)
    EvrRtxMessageQueuePutTimeout             0x08002df1   Thumb Code     8  rtx_evr.o(.text.EvrRtxMessageQueuePutTimeout)
    EvrRtxMessageQueueRetrieved              0x08002df9   Thumb Code    10  rtx_evr.o(.text.EvrRtxMessageQueueRetrieved)
    EvrRtxMutexAcquire                       0x08002e05   Thumb Code    10  rtx_evr.o(.text.EvrRtxMutexAcquire)
    EvrRtxMutexAcquirePending                0x08002e11   Thumb Code    10  rtx_evr.o(.text.EvrRtxMutexAcquirePending)
    EvrRtxMutexAcquireTimeout                0x08002e1d   Thumb Code     8  rtx_evr.o(.text.EvrRtxMutexAcquireTimeout)
    EvrRtxMutexAcquired                      0x08002e25   Thumb Code    10  rtx_evr.o(.text.EvrRtxMutexAcquired)
    EvrRtxMutexCreated                       0x08002e31   Thumb Code    10  rtx_evr.o(.text.EvrRtxMutexCreated)
    EvrRtxMutexDelete                        0x08002e3d   Thumb Code     8  rtx_evr.o(.text.EvrRtxMutexDelete)
    EvrRtxMutexDestroyed                     0x08002e45   Thumb Code     8  rtx_evr.o(.text.EvrRtxMutexDestroyed)
    EvrRtxMutexError                         0x08002e4d   Thumb Code    10  rtx_evr.o(.text.EvrRtxMutexError)
    EvrRtxMutexNew                           0x08002e59   Thumb Code     8  rtx_evr.o(.text.EvrRtxMutexNew)
    EvrRtxMutexNotAcquired                   0x08002e61   Thumb Code     8  rtx_evr.o(.text.EvrRtxMutexNotAcquired)
    EvrRtxMutexRelease                       0x08002e69   Thumb Code     8  rtx_evr.o(.text.EvrRtxMutexRelease)
    EvrRtxMutexReleased                      0x08002e71   Thumb Code    10  rtx_evr.o(.text.EvrRtxMutexReleased)
    EvrRtxSemaphoreAcquireTimeout            0x08002e7d   Thumb Code     8  rtx_evr.o(.text.EvrRtxSemaphoreAcquireTimeout)
    EvrRtxThreadBlocked                      0x08002e85   Thumb Code    10  rtx_evr.o(.text.EvrRtxThreadBlocked)
    EvrRtxThreadCreated                      0x08002e91   Thumb Code    12  rtx_evr.o(.text.EvrRtxThreadCreated)
    EvrRtxThreadDestroyed                    0x08002e9d   Thumb Code     8  rtx_evr.o(.text.EvrRtxThreadDestroyed)
    EvrRtxThreadError                        0x08002ea5   Thumb Code    10  rtx_evr.o(.text.EvrRtxThreadError)
    EvrRtxThreadExit                         0x08002eb1   Thumb Code     2  rtx_evr.o(.text.EvrRtxThreadExit)
    EvrRtxThreadFlagsError                   0x08002eb5   Thumb Code    10  rtx_evr.o(.text.EvrRtxThreadFlagsError)
    EvrRtxThreadFlagsSet                     0x08002ec1   Thumb Code    10  rtx_evr.o(.text.EvrRtxThreadFlagsSet)
    EvrRtxThreadFlagsSetDone                 0x08002ecd   Thumb Code    10  rtx_evr.o(.text.EvrRtxThreadFlagsSetDone)
    EvrRtxThreadFlagsWait                    0x08002ed9   Thumb Code    12  rtx_evr.o(.text.EvrRtxThreadFlagsWait)
    EvrRtxThreadFlagsWaitCompleted           0x08002ee5   Thumb Code    14  rtx_evr.o(.text.EvrRtxThreadFlagsWaitCompleted)
    EvrRtxThreadFlagsWaitNotCompleted        0x08002ef5   Thumb Code    10  rtx_evr.o(.text.EvrRtxThreadFlagsWaitNotCompleted)
    EvrRtxThreadFlagsWaitPending             0x08002f01   Thumb Code    12  rtx_evr.o(.text.EvrRtxThreadFlagsWaitPending)
    EvrRtxThreadFlagsWaitTimeout             0x08002f0d   Thumb Code     8  rtx_evr.o(.text.EvrRtxThreadFlagsWaitTimeout)
    EvrRtxThreadJoined                       0x08002f15   Thumb Code     8  rtx_evr.o(.text.EvrRtxThreadJoined)
    EvrRtxThreadNew                          0x08002f1d   Thumb Code    12  rtx_evr.o(.text.EvrRtxThreadNew)
    EvrRtxThreadPreempted                    0x08002f29   Thumb Code     8  rtx_evr.o(.text.EvrRtxThreadPreempted)
    EvrRtxThreadSwitched                     0x08002f31   Thumb Code     8  rtx_evr.o(.text.EvrRtxThreadSwitched)
    EvrRtxThreadUnblocked                    0x08002f39   Thumb Code    10  rtx_evr.o(.text.EvrRtxThreadUnblocked)
    EvrRtxTimerCallback                      0x08002f45   Thumb Code    10  rtx_evr.o(.text.EvrRtxTimerCallback)
    HAL_GPIO_Init                            0x08002f51   Thumb Code   950  stm32f4xx_hal_gpio.o(.text.HAL_GPIO_Init)
    HAL_RCC_GetHCLKFreq                      0x08003309   Thumb Code    12  stm32f4xx_hal_rcc.o(.text.HAL_RCC_GetHCLKFreq)
    HAL_RCC_GetPCLK1Freq                     0x08003315   Thumb Code    34  stm32f4xx_hal_rcc.o(.text.HAL_RCC_GetPCLK1Freq)
    Init_CAN                                 0x08003339   Thumb Code   124  can.o(.text.Init_CAN)
    Init_GPIO                                0x080033b5   Thumb Code   150  can.o(.text.Init_GPIO)
    OS_Tick_AcknowledgeIRQ                   0x08003789   Thumb Code    12  os_systick.o(.text.OS_Tick_AcknowledgeIRQ)
    OS_Tick_Enable                           0x08003795   Thumb Code    60  os_systick.o(.text.OS_Tick_Enable)
    OS_Tick_GetIRQn                          0x080037d1   Thumb Code     6  os_systick.o(.text.OS_Tick_GetIRQn)
    OS_Tick_Setup                            0x080037d9   Thumb Code   126  os_systick.o(.text.OS_Tick_Setup)
    Radars                                   0x08003859   Thumb Code   144  can.o(.text.Radars)
    SystemInit                               0x08003995   Thumb Code    18  system_stm32f4xx.o(.text.SystemInit)
    _mutex_acquire                           0x08003be1   Thumb Code    32  rtx_lib.o(.text._mutex_acquire)
    _mutex_free                              0x08003c01   Thumb Code    18  rtx_lib.o(.text._mutex_free)
    _mutex_initialize                        0x08003c15   Thumb Code    50  rtx_lib.o(.text._mutex_initialize)
    _mutex_release                           0x08003c49   Thumb Code    28  rtx_lib.o(.text._mutex_release)
    _platform_post_stackheap_init            0x08003c65   Thumb Code     8  rtx_lib.o(.text._platform_post_stackheap_init)
    allumer_led                              0x08003c6d   Thumb Code    30  can.o(.text.allumer_led)
    eteindre_led                             0x08003ec1   Thumb Code    34  can.o(.text.eteindre_led)
    main                                     0x08004189   Thumb Code   168  can.o(.text.main)
    osDelay                                  0x08004231   Thumb Code    84  rtx_delay.o(.text.osDelay)
    osKernelGetState                         0x08004285   Thumb Code    66  rtx_kernel.o(.text.osKernelGetState)
    osKernelInitialize                       0x080042c9   Thumb Code    74  rtx_kernel.o(.text.osKernelInitialize)
    osKernelStart                            0x08004315   Thumb Code    70  rtx_kernel.o(.text.osKernelStart)
    osMessageQueueGet                        0x0800435d   Thumb Code   126  rtx_msgqueue.o(.text.osMessageQueueGet)
    osMessageQueueNew                        0x080043dd   Thumb Code   114  rtx_msgqueue.o(.text.osMessageQueueNew)
    osMessageQueuePut                        0x08004451   Thumb Code   138  rtx_msgqueue.o(.text.osMessageQueuePut)
    osMutexAcquire                           0x080044dd   Thumb Code   100  rtx_mutex.o(.text.osMutexAcquire)
    osMutexDelete                            0x08004541   Thumb Code    86  rtx_mutex.o(.text.osMutexDelete)
    osMutexNew                               0x08004599   Thumb Code    86  rtx_mutex.o(.text.osMutexNew)
    osMutexRelease                           0x080045f1   Thumb Code    86  rtx_mutex.o(.text.osMutexRelease)
    osRtxErrorNotify                         0x08004649   Thumb Code    48  rtx_config.o(.text.osRtxErrorNotify)
    osRtxIdleThread                          0x08004685   Thumb Code     8  rtx_config.o(.text.osRtxIdleThread)
    osRtxKernelBeforeInit                    0x0800468d   Thumb Code     2  rtx_kernel.o(.text.osRtxKernelBeforeInit)
    osRtxKernelErrorNotify                   0x08004691   Thumb Code    28  rtx_kernel.o(.text.osRtxKernelErrorNotify)
    osRtxMemoryAlloc                         0x080046d1   Thumb Code   332  rtx_memory.o(.text.osRtxMemoryAlloc)
    osRtxMemoryFree                          0x0800481d   Thumb Code   194  rtx_memory.o(.text.osRtxMemoryFree)
    osRtxMemoryInit                          0x080048e1   Thumb Code   150  rtx_memory.o(.text.osRtxMemoryInit)
    osRtxMemoryPoolAlloc                     0x08004979   Thumb Code    74  rtx_mempool.o(.text.osRtxMemoryPoolAlloc)
    osRtxMemoryPoolFree                      0x080049c5   Thumb Code   100  rtx_mempool.o(.text.osRtxMemoryPoolFree)
    osRtxMemoryPoolInit                      0x08004a29   Thumb Code   152  rtx_mempool.o(.text.osRtxMemoryPoolInit)
    osRtxMessageQueueTimerSetup              0x08004c29   Thumb Code    62  rtx_msgqueue.o(.text.osRtxMessageQueueTimerSetup)
    osRtxMutexOwnerRelease                   0x08004cdd   Thumb Code   152  rtx_mutex.o(.text.osRtxMutexOwnerRelease)
    osRtxMutexOwnerRestore                   0x08004d75   Thumb Code   172  rtx_mutex.o(.text.osRtxMutexOwnerRestore)
    osRtxPendSV_Handler                      0x08004f4d   Thumb Code   184  rtx_system.o(.text.osRtxPendSV_Handler)
    osRtxPostProcess                         0x08005005   Thumb Code    66  rtx_system.o(.text.osRtxPostProcess)
    osRtxThreadBeforeFree                    0x08005055   Thumb Code    16  rtx_lib.o(.text.osRtxThreadBeforeFree)
    osRtxThreadDelayRemove                   0x080051e9   Thumb Code   156  rtx_thread.o(.text.osRtxThreadDelayRemove)
    osRtxThreadDelayTick                     0x08005285   Thumb Code   336  rtx_thread.o(.text.osRtxThreadDelayTick)
    osRtxThreadDestroy                       0x080053d5   Thumb Code    96  rtx_thread.o(.text.osRtxThreadDestroy)
    osRtxThreadDispatch                      0x08005435   Thumb Code   150  rtx_thread.o(.text.osRtxThreadDispatch)
    osRtxThreadJoinWakeup                    0x080055ad   Thumb Code    60  rtx_thread.o(.text.osRtxThreadJoinWakeup)
    osRtxThreadListGet                       0x080055e9   Thumb Code    54  rtx_thread.o(.text.osRtxThreadListGet)
    osRtxThreadListPut                       0x08005621   Thumb Code   118  rtx_thread.o(.text.osRtxThreadListPut)
    osRtxThreadListRemove                    0x08005699   Thumb Code    50  rtx_thread.o(.text.osRtxThreadListRemove)
    osRtxThreadListSort                      0x080056f1   Thumb Code    88  rtx_thread.o(.text.osRtxThreadListSort)
    osRtxThreadReadyPut                      0x080057a5   Thumb Code    32  rtx_thread.o(.text.osRtxThreadReadyPut)
    osRtxThreadRegPtr                        0x080057c5   Thumb Code    34  rtx_thread.o(.text.osRtxThreadRegPtr)
    osRtxThreadStackCheck                    0x08005811   Thumb Code    60  rtx_thread.o(.text.osRtxThreadStackCheck)
    osRtxThreadStartup                       0x0800584d   Thumb Code   150  rtx_thread.o(.text.osRtxThreadStartup)
    osRtxThreadSwitch                        0x080058e5   Thumb Code    46  rtx_thread.o(.text.osRtxThreadSwitch)
    osRtxThreadWaitEnter                     0x08005915   Thumb Code   118  rtx_thread.o(.text.osRtxThreadWaitEnter)
    osRtxThreadWaitExit                      0x0800598d   Thumb Code    70  rtx_thread.o(.text.osRtxThreadWaitExit)
    osRtxTick_Handler                        0x080059d5   Thumb Code   272  rtx_system.o(.text.osRtxTick_Handler)
    osRtxTimerSetup                          0x08005ae5   Thumb Code    48  rtx_timer.o(.text.osRtxTimerSetup)
    osRtxTimerThread                         0x08005b15   Thumb Code    50  rtx_timer.o(.text.osRtxTimerThread)
    osThreadExit                             0x08005c35   Thumb Code    36  rtx_thread.o(.text.osThreadExit)
    osThreadFlagsSet                         0x08005c59   Thumb Code    94  rtx_thread.o(.text.osThreadFlagsSet)
    osThreadFlagsWait                        0x08005cb9   Thumb Code   114  rtx_thread.o(.text.osThreadFlagsWait)
    osThreadNew                              0x08005d2d   Thumb Code   114  rtx_thread.o(.text.osThreadNew)
    $Super$$_fp_init                         0x080072d3   Thumb Code    26  fpinit.o(x$fpl$fpinit)
    __fplib_config_fpu_vfp                   0x080072eb   Thumb Code     0  fpinit.o(x$fpl$fpinit)
    __fplib_config_pureend_doubles           0x080072eb   Thumb Code     0  fpinit.o(x$fpl$fpinit)
    osRtxConfig                              0x080072ec   Data         112  rtx_lib.o(.rodata)
    os_cb_sections                           0x0800735c   Data          56  rtx_lib.o(.rodata)
    APBPrescTable                            0x08007394   Data           8  system_stm32f4xx.o(.rodata.APBPrescTable)
    Driver_CAN2                              0x0800739c   Data          60  can_stm32f4xx.o(.rodata.Driver_CAN2)
    osRtxUserSVC                             0x080073d8   Data           4  rtx_lib.o(.rodata.osRtxUserSVC)
    Region$$Table$$Base                      0x08007454   Number         0  anon$$obj.o(Region$$Table)
    Region$$Table$$Limit                     0x08007474   Number         0  anon$$obj.o(Region$$Table)
    SystemCoreClock                          0x20000000   Data           4  system_stm32f4xx.o(.data.SystemCoreClock)
    osRtxInfo                                0x20000004   Data         164  rtx_kernel.o(.data.os)
    __libspace_start                         0x200000a8   Data          96  libspace.o(.bss)
    __temporary_stack_top$libspace           0x20000108   Data           0  libspace.o(.bss)
    ID_CANT                                  0x20000118   Data           4  can.o(.bss.ID_CANT)
    ID_TRadars                               0x2000011c   Data           4  can.o(.bss.ID_TRadars)
    MB_Radars                                0x20000120   Data           4  can.o(.bss.MB_Radars)
    .bss.os.msgqueue.cb$$Base                0x2000836c   Number         0  rtx_lib.o(.bss.os.msgqueue.cb)
    .bss.os.msgqueue.cb$$Limit               0x200083a0   Number         0  rtx_lib.o(.bss.os.msgqueue.cb)
    .bss.os.thread.cb$$Base                  0x200083f0   Number         0  rtx_lib.o(.bss.os.thread.cb)
    .bss.os.thread.cb$$Limit                 0x20008490   Number         0  rtx_lib.o(.bss.os.thread.cb)



==============================================================================

Memory Map of the image

  Image Entry point : 0x08000189

  Load Region LR_IROM1 (Base: 0x08000000, Size: 0x00007520, Max: 0x00100000, ABSOLUTE)

    Execution Region ER_IROM1 (Exec base: 0x08000000, Load base: 0x08000000, Size: 0x00007474, Max: 0x00100000, ABSOLUTE)

    Exec Addr    Load Addr    Size         Type   Attr      Idx    E Section Name        Object

    0x08000000   0x08000000   0x00000188   Data   RO         1747    RESET               startup_stm32f407xx.o
    0x08000188   0x08000188   0x00000008   Code   RO         1780  * !!!main             c_w.l(__main.o)
    0x08000190   0x08000190   0x0000005c   Code   RO         1955    !!!scatter          c_w.l(__scatter.o)
    0x080001ec   0x080001ec   0x0000001a   Code   RO         1959    !!handler_copy      c_w.l(__scatter_copy.o)
    0x08000206   0x08000206   0x00000002   PAD
    0x08000208   0x08000208   0x00000002   Code   RO         1956    !!handler_null      c_w.l(__scatter.o)
    0x0800020a   0x0800020a   0x00000002   PAD
    0x0800020c   0x0800020c   0x0000001c   Code   RO         1961    !!handler_zi        c_w.l(__scatter_zi.o)
    0x08000228   0x08000228   0x00000002   Code   RO         1819    .ARM.Collect$$libinit$$00000000  c_w.l(libinit.o)
    0x0800022a   0x0800022a   0x00000004   Code   RO         1831    .ARM.Collect$$libinit$$00000001  c_w.l(libinit2.o)
    0x0800022e   0x0800022e   0x00000000   Code   RO         1834    .ARM.Collect$$libinit$$00000004  c_w.l(libinit2.o)
    0x0800022e   0x0800022e   0x00000000   Code   RO         1836    .ARM.Collect$$libinit$$00000006  c_w.l(libinit2.o)
    0x0800022e   0x0800022e   0x00000000   Code   RO         1839    .ARM.Collect$$libinit$$0000000C  c_w.l(libinit2.o)
    0x0800022e   0x0800022e   0x00000000   Code   RO         1841    .ARM.Collect$$libinit$$0000000E  c_w.l(libinit2.o)
    0x0800022e   0x0800022e   0x00000000   Code   RO         1843    .ARM.Collect$$libinit$$00000010  c_w.l(libinit2.o)
    0x0800022e   0x0800022e   0x00000000   Code   RO         1846    .ARM.Collect$$libinit$$00000013  c_w.l(libinit2.o)
    0x0800022e   0x0800022e   0x00000000   Code   RO         1848    .ARM.Collect$$libinit$$00000015  c_w.l(libinit2.o)
    0x0800022e   0x0800022e   0x00000000   Code   RO         1850    .ARM.Collect$$libinit$$00000017  c_w.l(libinit2.o)
    0x0800022e   0x0800022e   0x00000000   Code   RO         1852    .ARM.Collect$$libinit$$00000019  c_w.l(libinit2.o)
    0x0800022e   0x0800022e   0x00000000   Code   RO         1854    .ARM.Collect$$libinit$$0000001B  c_w.l(libinit2.o)
    0x0800022e   0x0800022e   0x00000000   Code   RO         1856    .ARM.Collect$$libinit$$0000001D  c_w.l(libinit2.o)
    0x0800022e   0x0800022e   0x00000000   Code   RO         1858    .ARM.Collect$$libinit$$0000001F  c_w.l(libinit2.o)
    0x0800022e   0x0800022e   0x00000000   Code   RO         1860    .ARM.Collect$$libinit$$00000021  c_w.l(libinit2.o)
    0x0800022e   0x0800022e   0x00000000   Code   RO         1862    .ARM.Collect$$libinit$$00000023  c_w.l(libinit2.o)
    0x0800022e   0x0800022e   0x00000000   Code   RO         1864    .ARM.Collect$$libinit$$00000025  c_w.l(libinit2.o)
    0x0800022e   0x0800022e   0x00000000   Code   RO         1866    .ARM.Collect$$libinit$$00000027  c_w.l(libinit2.o)
    0x0800022e   0x0800022e   0x00000000   Code   RO         1870    .ARM.Collect$$libinit$$0000002E  c_w.l(libinit2.o)
    0x0800022e   0x0800022e   0x00000000   Code   RO         1872    .ARM.Collect$$libinit$$00000030  c_w.l(libinit2.o)
    0x0800022e   0x0800022e   0x00000000   Code   RO         1874    .ARM.Collect$$libinit$$00000032  c_w.l(libinit2.o)
    0x0800022e   0x0800022e   0x00000000   Code   RO         1876    .ARM.Collect$$libinit$$00000034  c_w.l(libinit2.o)
    0x0800022e   0x0800022e   0x00000002   Code   RO         1877    .ARM.Collect$$libinit$$00000035  c_w.l(libinit2.o)
    0x08000230   0x08000230   0x00000002   Code   RO         1910    .ARM.Collect$$libshutdown$$00000000  c_w.l(libshutdown.o)
    0x08000232   0x08000232   0x00000000   Code   RO         1938    .ARM.Collect$$libshutdown$$00000002  c_w.l(libshutdown2.o)
    0x08000232   0x08000232   0x00000000   Code   RO         1940    .ARM.Collect$$libshutdown$$00000004  c_w.l(libshutdown2.o)
    0x08000232   0x08000232   0x00000000   Code   RO         1943    .ARM.Collect$$libshutdown$$00000007  c_w.l(libshutdown2.o)
    0x08000232   0x08000232   0x00000000   Code   RO         1946    .ARM.Collect$$libshutdown$$0000000A  c_w.l(libshutdown2.o)
    0x08000232   0x08000232   0x00000000   Code   RO         1948    .ARM.Collect$$libshutdown$$0000000C  c_w.l(libshutdown2.o)
    0x08000232   0x08000232   0x00000000   Code   RO         1951    .ARM.Collect$$libshutdown$$0000000F  c_w.l(libshutdown2.o)
    0x08000232   0x08000232   0x00000002   Code   RO         1952    .ARM.Collect$$libshutdown$$00000010  c_w.l(libshutdown2.o)
    0x08000234   0x08000234   0x00000000   Code   RO         1784    .ARM.Collect$$rtentry$$00000000  c_w.l(__rtentry.o)
    0x08000234   0x08000234   0x00000000   Code   RO         1792    .ARM.Collect$$rtentry$$00000002  c_w.l(__rtentry2.o)
    0x08000234   0x08000234   0x00000006   Code   RO         1804    .ARM.Collect$$rtentry$$00000004  c_w.l(__rtentry4.o)
    0x0800023a   0x0800023a   0x00000008   Code   RO         1793    .ARM.Collect$$rtentry$$00000008  c_w.l(__rtentry2.o)
    0x08000242   0x08000242   0x00000004   Code   RO         1795    .ARM.Collect$$rtentry$$0000000A  c_w.l(__rtentry2.o)
    0x08000246   0x08000246   0x00000000   Code   RO         1797    .ARM.Collect$$rtentry$$0000000C  c_w.l(__rtentry2.o)
    0x08000246   0x08000246   0x00000008   Code   RO         1798    .ARM.Collect$$rtentry$$0000000D  c_w.l(__rtentry2.o)
    0x0800024e   0x0800024e   0x00000002   Code   RO         1823    .ARM.Collect$$rtexit$$00000000  c_w.l(rtexit.o)
    0x08000250   0x08000250   0x00000000   Code   RO         1883    .ARM.Collect$$rtexit$$00000002  c_w.l(rtexit2.o)
    0x08000250   0x08000250   0x00000004   Code   RO         1884    .ARM.Collect$$rtexit$$00000003  c_w.l(rtexit2.o)
    0x08000254   0x08000254   0x00000006   Code   RO         1885    .ARM.Collect$$rtexit$$00000004  c_w.l(rtexit2.o)
    0x0800025a   0x0800025a   0x00000002   PAD
    0x0800025c   0x0800025c   0x00000100   Code   RO           34    .text               irq_armv7m.o
    0x0800035c   0x0800035c   0x00000040   Code   RO         1748    .text               startup_stm32f407xx.o
    0x0800039c   0x0800039c   0x0000008a   Code   RO         1772    .text               c_w.l(rt_memcpy_v6.o)
    0x08000426   0x08000426   0x00000044   Code   RO         1774    .text               c_w.l(rt_memclr.o)
    0x0800046a   0x0800046a   0x0000004e   Code   RO         1776    .text               c_w.l(rt_memclr_w.o)
    0x080004b8   0x080004b8   0x00000006   Code   RO         1778    .text               c_w.l(heapauxi.o)
    0x080004be   0x080004be   0x00000064   Code   RO         1789    .text               c_w.l(rt_memcpy_w.o)
    0x08000522   0x08000522   0x0000004a   Code   RO         1808    .text               c_w.l(sys_stackheap_outer.o)
    0x0800056c   0x0800056c   0x00000012   Code   RO         1810    .text               c_w.l(exit.o)
    0x0800057e   0x0800057e   0x00000002   PAD
    0x08000580   0x08000580   0x00000008   Code   RO         1820    .text               c_w.l(libspace.o)
    0x08000588   0x08000588   0x0000000c   Code   RO         1878    .text               c_w.l(sys_exit.o)
    0x08000594   0x08000594   0x00000002   Code   RO         1899    .text               c_w.l(use_no_semi.o)
    0x08000596   0x08000596   0x00000000   Code   RO         1901    .text               c_w.l(indicate_semi.o)
    0x08000596   0x08000596   0x00000002   PAD
    0x08000598   0x08000598   0x00000016   Code   RO          616    .text.$Sub$$_fp_init  rtx_lib.o
    0x080005ae   0x080005ae   0x00000002   PAD
    0x080005b0   0x080005b0   0x00000016   Code   RO         1337    .text.CAN2_Control  can_stm32f4xx.o
    0x080005c6   0x080005c6   0x00000002   PAD
    0x080005c8   0x080005c8   0x00000012   Code   RO         1339    .text.CAN2_GetStatus  can_stm32f4xx.o
    0x080005da   0x080005da   0x00000002   PAD
    0x080005dc   0x080005dc   0x00000016   Code   RO         1315    .text.CAN2_Initialize  can_stm32f4xx.o
    0x080005f2   0x080005f2   0x00000002   PAD
    0x080005f4   0x080005f4   0x0000002a   Code   RO         1335    .text.CAN2_MessageRead  can_stm32f4xx.o
    0x0800061e   0x0800061e   0x00000002   PAD
    0x08000620   0x08000620   0x0000002a   Code   RO         1333    .text.CAN2_MessageSend  can_stm32f4xx.o
    0x0800064a   0x0800064a   0x00000002   PAD
    0x0800064c   0x0800064c   0x0000001a   Code   RO         1331    .text.CAN2_ObjectConfigure  can_stm32f4xx.o
    0x08000666   0x08000666   0x00000002   PAD
    0x08000668   0x08000668   0x00000016   Code   RO         1327    .text.CAN2_ObjectGetCapabilities  can_stm32f4xx.o
    0x0800067e   0x0800067e   0x00000002   PAD
    0x08000680   0x08000680   0x0000002a   Code   RO         1329    .text.CAN2_ObjectSetFilter  can_stm32f4xx.o
    0x080006aa   0x080006aa   0x00000002   PAD
    0x080006ac   0x080006ac   0x00000016   Code   RO         1319    .text.CAN2_PowerControl  can_stm32f4xx.o
    0x080006c2   0x080006c2   0x00000002   PAD
    0x080006c4   0x080006c4   0x0000017e   Code   RO         1305    .text.CAN2_RX0_IRQHandler  can_stm32f4xx.o
    0x08000842   0x08000842   0x00000002   PAD
    0x08000844   0x08000844   0x0000017e   Code   RO         1307    .text.CAN2_RX1_IRQHandler  can_stm32f4xx.o
    0x080009c2   0x080009c2   0x00000002   PAD
    0x080009c4   0x080009c4   0x000000e6   Code   RO         1309    .text.CAN2_SCE_IRQHandler  can_stm32f4xx.o
    0x08000aaa   0x08000aaa   0x00000002   PAD
    0x08000aac   0x08000aac   0x0000001e   Code   RO         1323    .text.CAN2_SetBitrate  can_stm32f4xx.o
    0x08000aca   0x08000aca   0x00000002   PAD
    0x08000acc   0x08000acc   0x00000016   Code   RO         1325    .text.CAN2_SetMode  can_stm32f4xx.o
    0x08000ae2   0x08000ae2   0x00000002   PAD
    0x08000ae4   0x08000ae4   0x0000021e   Code   RO         1303    .text.CAN2_TX_IRQHandler  can_stm32f4xx.o
    0x08000d02   0x08000d02   0x00000002   PAD
    0x08000d04   0x08000d04   0x0000000a   Code   RO         1317    .text.CAN2_Uninitialize  can_stm32f4xx.o
    0x08000d0e   0x08000d0e   0x00000002   PAD
    0x08000d10   0x08000d10   0x0000002c   Code   RO            6    .text.CANT          can.o
    0x08000d3c   0x08000d3c   0x0000000e   Code   RO         1313    .text.CAN_GetCapabilities  can_stm32f4xx.o
    0x08000d4a   0x08000d4a   0x00000002   PAD
    0x08000d4c   0x08000d4c   0x00000008   Code   RO         1321    .text.CAN_GetClock  can_stm32f4xx.o
    0x08000d54   0x08000d54   0x00000012   Code   RO         1311    .text.CAN_GetVersion  can_stm32f4xx.o
    0x08000d66   0x08000d66   0x00000002   PAD
    0x08000d68   0x08000d68   0x000005a2   Code   RO         1363    .text.CANx_AddFilter  can_stm32f4xx.o
    0x0800130a   0x0800130a   0x00000002   PAD
    0x0800130c   0x0800130c   0x00000104   Code   RO         1373    .text.CANx_Control  can_stm32f4xx.o
    0x08001410   0x08001410   0x00000130   Code   RO         1375    .text.CANx_GetStatus  can_stm32f4xx.o
    0x08001540   0x08001540   0x000000e4   Code   RO         1341    .text.CANx_Initialize  can_stm32f4xx.o
    0x08001624   0x08001624   0x00000196   Code   RO         1371    .text.CANx_MessageRead  can_stm32f4xx.o
    0x080017ba   0x080017ba   0x00000002   PAD
    0x080017bc   0x080017bc   0x000001b6   Code   RO         1369    .text.CANx_MessageSend  can_stm32f4xx.o
    0x08001972   0x08001972   0x00000002   PAD
    0x08001974   0x08001974   0x00000132   Code   RO         1367    .text.CANx_ObjectConfigure  can_stm32f4xx.o
    0x08001aa6   0x08001aa6   0x00000002   PAD
    0x08001aa8   0x08001aa8   0x00000042   Code   RO         1359    .text.CANx_ObjectGetCapabilities  can_stm32f4xx.o
    0x08001aea   0x08001aea   0x00000002   PAD
    0x08001aec   0x08001aec   0x00000168   Code   RO         1361    .text.CANx_ObjectSetFilter  can_stm32f4xx.o
    0x08001c54   0x08001c54   0x000003f2   Code   RO         1347    .text.CANx_PowerControl  can_stm32f4xx.o
    0x08002046   0x08002046   0x00000002   PAD
    0x08002048   0x08002048   0x00000546   Code   RO         1365    .text.CANx_RemoveFilter  can_stm32f4xx.o
    0x0800258e   0x0800258e   0x00000002   PAD
    0x08002590   0x08002590   0x000001dc   Code   RO         1355    .text.CANx_SetBitrate  can_stm32f4xx.o
    0x0800276c   0x0800276c   0x0000024a   Code   RO         1357    .text.CANx_SetMode  can_stm32f4xx.o
    0x080029b6   0x080029b6   0x00000002   PAD
    0x080029b8   0x080029b8   0x0000007c   Code   RO         1345    .text.CANx_Uninitialize  can_stm32f4xx.o
    0x08002a34   0x08002a34   0x0000001e   Code   RO           18    .text.EXTI0_IRQHandler  can.o
    0x08002a52   0x08002a52   0x00000002   PAD
    0x08002a54   0x08002a54   0x000001ea   Code   RO         1343    .text.Enable_GPIO_Clock  can_stm32f4xx.o
    0x08002c3e   0x08002c3e   0x00000002   PAD
    0x08002c40   0x08002c40   0x00000070   Code   RO            8    .text.Envoi_CAN     can.o
    0x08002cb0   0x08002cb0   0x00000008   Code   RO          298    .text.EvrRtxDelay   rtx_evr.o
    0x08002cb8   0x08002cb8   0x00000008   Code   RO          306    .text.EvrRtxDelayCompleted  rtx_evr.o
    0x08002cc0   0x08002cc0   0x00000008   Code   RO          296    .text.EvrRtxDelayError  rtx_evr.o
    0x08002cc8   0x08002cc8   0x00000008   Code   RO          302    .text.EvrRtxDelayStarted  rtx_evr.o
    0x08002cd0   0x08002cd0   0x00000008   Code   RO          354    .text.EvrRtxEventFlagsWaitTimeout  rtx_evr.o
    0x08002cd8   0x08002cd8   0x00000008   Code   RO          142    .text.EvrRtxKernelError  rtx_evr.o
    0x08002ce0   0x08002ce0   0x0000000a   Code   RO          190    .text.EvrRtxKernelErrorNotify  rtx_evr.o
    0x08002cea   0x08002cea   0x00000002   PAD
    0x08002cec   0x08002cec   0x00000008   Code   RO          152    .text.EvrRtxKernelGetState  rtx_evr.o
    0x08002cf4   0x08002cf4   0x00000002   Code   RO          144    .text.EvrRtxKernelInitialize  rtx_evr.o
    0x08002cf6   0x08002cf6   0x00000002   PAD
    0x08002cf8   0x08002cf8   0x00000002   Code   RO          146    .text.EvrRtxKernelInitialized  rtx_evr.o
    0x08002cfa   0x08002cfa   0x00000002   PAD
    0x08002cfc   0x08002cfc   0x00000002   Code   RO          154    .text.EvrRtxKernelStart  rtx_evr.o
    0x08002cfe   0x08002cfe   0x00000002   PAD
    0x08002d00   0x08002d00   0x00000002   Code   RO          156    .text.EvrRtxKernelStarted  rtx_evr.o
    0x08002d02   0x08002d02   0x00000002   PAD
    0x08002d04   0x08002d04   0x0000000e   Code   RO          132    .text.EvrRtxMemoryAlloc  rtx_evr.o
    0x08002d12   0x08002d12   0x00000002   PAD
    0x08002d14   0x08002d14   0x0000000a   Code   RO          138    .text.EvrRtxMemoryBlockAlloc  rtx_evr.o
    0x08002d1e   0x08002d1e   0x00000002   PAD
    0x08002d20   0x08002d20   0x0000000c   Code   RO          140    .text.EvrRtxMemoryBlockFree  rtx_evr.o
    0x08002d2c   0x08002d2c   0x0000000e   Code   RO          136    .text.EvrRtxMemoryBlockInit  rtx_evr.o
    0x08002d3a   0x08002d3a   0x00000002   PAD
    0x08002d3c   0x08002d3c   0x0000000c   Code   RO          134    .text.EvrRtxMemoryFree  rtx_evr.o
    0x08002d48   0x08002d48   0x0000000c   Code   RO          130    .text.EvrRtxMemoryInit  rtx_evr.o
    0x08002d54   0x08002d54   0x00000008   Code   RO          432    .text.EvrRtxMemoryPoolAllocTimeout  rtx_evr.o
    0x08002d5c   0x08002d5c   0x0000000a   Code   RO          460    .text.EvrRtxMessageQueueCreated  rtx_evr.o
    0x08002d66   0x08002d66   0x00000002   PAD
    0x08002d68   0x08002d68   0x0000000a   Code   RO          456    .text.EvrRtxMessageQueueError  rtx_evr.o
    0x08002d72   0x08002d72   0x00000002   PAD
    0x08002d74   0x08002d74   0x0000000e   Code   RO          476    .text.EvrRtxMessageQueueGet  rtx_evr.o
    0x08002d82   0x08002d82   0x00000002   PAD
    0x08002d84   0x08002d84   0x0000000c   Code   RO          478    .text.EvrRtxMessageQueueGetPending  rtx_evr.o
    0x08002d90   0x08002d90   0x00000008   Code   RO          480    .text.EvrRtxMessageQueueGetTimeout  rtx_evr.o
    0x08002d98   0x08002d98   0x0000000a   Code   RO          470    .text.EvrRtxMessageQueueInsertPending  rtx_evr.o
    0x08002da2   0x08002da2   0x00000002   PAD
    0x08002da4   0x08002da4   0x0000000a   Code   RO          472    .text.EvrRtxMessageQueueInserted  rtx_evr.o
    0x08002dae   0x08002dae   0x00000002   PAD
    0x08002db0   0x08002db0   0x0000000c   Code   RO          458    .text.EvrRtxMessageQueueNew  rtx_evr.o
    0x08002dbc   0x08002dbc   0x0000000a   Code   RO          474    .text.EvrRtxMessageQueueNotInserted  rtx_evr.o
    0x08002dc6   0x08002dc6   0x00000002   PAD
    0x08002dc8   0x08002dc8   0x0000000a   Code   RO          484    .text.EvrRtxMessageQueueNotRetrieved  rtx_evr.o
    0x08002dd2   0x08002dd2   0x00000002   PAD
    0x08002dd4   0x08002dd4   0x00000010   Code   RO          464    .text.EvrRtxMessageQueuePut  rtx_evr.o
    0x08002de4   0x08002de4   0x0000000c   Code   RO          466    .text.EvrRtxMessageQueuePutPending  rtx_evr.o
    0x08002df0   0x08002df0   0x00000008   Code   RO          468    .text.EvrRtxMessageQueuePutTimeout  rtx_evr.o
    0x08002df8   0x08002df8   0x0000000a   Code   RO          482    .text.EvrRtxMessageQueueRetrieved  rtx_evr.o
    0x08002e02   0x08002e02   0x00000002   PAD
    0x08002e04   0x08002e04   0x0000000a   Code   RO          372    .text.EvrRtxMutexAcquire  rtx_evr.o
    0x08002e0e   0x08002e0e   0x00000002   PAD
    0x08002e10   0x08002e10   0x0000000a   Code   RO          374    .text.EvrRtxMutexAcquirePending  rtx_evr.o
    0x08002e1a   0x08002e1a   0x00000002   PAD
    0x08002e1c   0x08002e1c   0x00000008   Code   RO          376    .text.EvrRtxMutexAcquireTimeout  rtx_evr.o
    0x08002e24   0x08002e24   0x0000000a   Code   RO          378    .text.EvrRtxMutexAcquired  rtx_evr.o
    0x08002e2e   0x08002e2e   0x00000002   PAD
    0x08002e30   0x08002e30   0x0000000a   Code   RO          368    .text.EvrRtxMutexCreated  rtx_evr.o
    0x08002e3a   0x08002e3a   0x00000002   PAD
    0x08002e3c   0x08002e3c   0x00000008   Code   RO          388    .text.EvrRtxMutexDelete  rtx_evr.o
    0x08002e44   0x08002e44   0x00000008   Code   RO          390    .text.EvrRtxMutexDestroyed  rtx_evr.o
    0x08002e4c   0x08002e4c   0x0000000a   Code   RO          364    .text.EvrRtxMutexError  rtx_evr.o
    0x08002e56   0x08002e56   0x00000002   PAD
    0x08002e58   0x08002e58   0x00000008   Code   RO          366    .text.EvrRtxMutexNew  rtx_evr.o
    0x08002e60   0x08002e60   0x00000008   Code   RO          380    .text.EvrRtxMutexNotAcquired  rtx_evr.o
    0x08002e68   0x08002e68   0x00000008   Code   RO          382    .text.EvrRtxMutexRelease  rtx_evr.o
    0x08002e70   0x08002e70   0x0000000a   Code   RO          384    .text.EvrRtxMutexReleased  rtx_evr.o
    0x08002e7a   0x08002e7a   0x00000002   PAD
    0x08002e7c   0x08002e7c   0x00000008   Code   RO          404    .text.EvrRtxSemaphoreAcquireTimeout  rtx_evr.o
    0x08002e84   0x08002e84   0x0000000a   Code   RO          240    .text.EvrRtxThreadBlocked  rtx_evr.o
    0x08002e8e   0x08002e8e   0x00000002   PAD
    0x08002e90   0x08002e90   0x0000000c   Code   RO          198    .text.EvrRtxThreadCreated  rtx_evr.o
    0x08002e9c   0x08002e9c   0x00000008   Code   RO          252    .text.EvrRtxThreadDestroyed  rtx_evr.o
    0x08002ea4   0x08002ea4   0x0000000a   Code   RO          194    .text.EvrRtxThreadError  rtx_evr.o
    0x08002eae   0x08002eae   0x00000002   PAD
    0x08002eb0   0x08002eb0   0x00000002   Code   RO          248    .text.EvrRtxThreadExit  rtx_evr.o
    0x08002eb2   0x08002eb2   0x00000002   PAD
    0x08002eb4   0x08002eb4   0x0000000a   Code   RO          274    .text.EvrRtxThreadFlagsError  rtx_evr.o
    0x08002ebe   0x08002ebe   0x00000002   PAD
    0x08002ec0   0x08002ec0   0x0000000a   Code   RO          276    .text.EvrRtxThreadFlagsSet  rtx_evr.o
    0x08002eca   0x08002eca   0x00000002   PAD
    0x08002ecc   0x08002ecc   0x0000000a   Code   RO          278    .text.EvrRtxThreadFlagsSetDone  rtx_evr.o
    0x08002ed6   0x08002ed6   0x00000002   PAD
    0x08002ed8   0x08002ed8   0x0000000c   Code   RO          286    .text.EvrRtxThreadFlagsWait  rtx_evr.o
    0x08002ee4   0x08002ee4   0x0000000e   Code   RO          292    .text.EvrRtxThreadFlagsWaitCompleted  rtx_evr.o
    0x08002ef2   0x08002ef2   0x00000002   PAD
    0x08002ef4   0x08002ef4   0x0000000a   Code   RO          294    .text.EvrRtxThreadFlagsWaitNotCompleted  rtx_evr.o
    0x08002efe   0x08002efe   0x00000002   PAD
    0x08002f00   0x08002f00   0x0000000c   Code   RO          288    .text.EvrRtxThreadFlagsWaitPending  rtx_evr.o
    0x08002f0c   0x08002f0c   0x00000008   Code   RO          290    .text.EvrRtxThreadFlagsWaitTimeout  rtx_evr.o
    0x08002f14   0x08002f14   0x00000008   Code   RO          238    .text.EvrRtxThreadJoined  rtx_evr.o
    0x08002f1c   0x08002f1c   0x0000000c   Code   RO          196    .text.EvrRtxThreadNew  rtx_evr.o
    0x08002f28   0x08002f28   0x00000008   Code   RO          244    .text.EvrRtxThreadPreempted  rtx_evr.o
    0x08002f30   0x08002f30   0x00000008   Code   RO          246    .text.EvrRtxThreadSwitched  rtx_evr.o
    0x08002f38   0x08002f38   0x0000000a   Code   RO          242    .text.EvrRtxThreadUnblocked  rtx_evr.o
    0x08002f42   0x08002f42   0x00000002   PAD
    0x08002f44   0x08002f44   0x0000000a   Code   RO          310    .text.EvrRtxTimerCallback  rtx_evr.o
    0x08002f4e   0x08002f4e   0x00000002   PAD
    0x08002f50   0x08002f50   0x000003b6   Code   RO         1609    .text.HAL_GPIO_Init  stm32f4xx_hal_gpio.o
    0x08003306   0x08003306   0x00000002   PAD
    0x08003308   0x08003308   0x0000000c   Code   RO         1706    .text.HAL_RCC_GetHCLKFreq  stm32f4xx_hal_rcc.o
    0x08003314   0x08003314   0x00000022   Code   RO         1708    .text.HAL_RCC_GetPCLK1Freq  stm32f4xx_hal_rcc.o
    0x08003336   0x08003336   0x00000002   PAD
    0x08003338   0x08003338   0x0000007c   Code   RO           22    .text.Init_CAN      can.o
    0x080033b4   0x080033b4   0x00000096   Code   RO            2    .text.Init_GPIO     can.o
    0x0800344a   0x0800344a   0x00000002   PAD
    0x0800344c   0x0800344c   0x00000014   Code   RO           44    .text.IsException   rtx_delay.o
    0x08003460   0x08003460   0x00000014   Code   RO          515    .text.IsException   rtx_kernel.o
    0x08003474   0x08003474   0x00000014   Code   RO          758    .text.IsException   rtx_msgqueue.o
    0x08003488   0x08003488   0x00000014   Code   RO          839    .text.IsException   rtx_mutex.o
    0x0800349c   0x0800349c   0x00000014   Code   RO         1042    .text.IsException   rtx_thread.o
    0x080034b0   0x080034b0   0x0000002e   Code   RO           46    .text.IsIrqMasked   rtx_delay.o
    0x080034de   0x080034de   0x00000002   PAD
    0x080034e0   0x080034e0   0x0000002e   Code   RO          517    .text.IsIrqMasked   rtx_kernel.o
    0x0800350e   0x0800350e   0x00000002   PAD
    0x08003510   0x08003510   0x0000002e   Code   RO          760    .text.IsIrqMasked   rtx_msgqueue.o
    0x0800353e   0x0800353e   0x00000002   PAD
    0x08003540   0x08003540   0x0000002e   Code   RO          841    .text.IsIrqMasked   rtx_mutex.o
    0x0800356e   0x0800356e   0x00000002   PAD
    0x08003570   0x08003570   0x0000002e   Code   RO         1044    .text.IsIrqMasked   rtx_thread.o
    0x0800359e   0x0800359e   0x00000002   PAD
    0x080035a0   0x080035a0   0x00000022   Code   RO          794    .text.IsMessageQueuePtrValid  rtx_msgqueue.o
    0x080035c2   0x080035c2   0x00000002   PAD
    0x080035c4   0x080035c4   0x00000022   Code   RO          857    .text.IsMutexPtrValid  rtx_mutex.o
    0x080035e6   0x080035e6   0x00000002   PAD
    0x080035e8   0x080035e8   0x00000014   Code   RO          521    .text.IsPrivileged  rtx_kernel.o
    0x080035fc   0x080035fc   0x00000022   Code   RO         1128    .text.IsThreadPtrValid  rtx_thread.o
    0x0800361e   0x0800361e   0x00000002   PAD
    0x08003620   0x08003620   0x00000018   Code   RO          660    .text.MemBlockPtr   rtx_memory.o
    0x08003638   0x08003638   0x0000000a   Code   RO          658    .text.MemHeadPtr    rtx_memory.o
    0x08003642   0x08003642   0x00000002   PAD
    0x08003644   0x08003644   0x00000052   Code   RO          810    .text.MessageQueueGet  rtx_msgqueue.o
    0x08003696   0x08003696   0x00000002   PAD
    0x08003698   0x08003698   0x000000ac   Code   RO          802    .text.MessageQueuePut  rtx_msgqueue.o
    0x08003744   0x08003744   0x00000042   Code   RO          798    .text.MessageQueueRemove  rtx_msgqueue.o
    0x08003786   0x08003786   0x00000002   PAD
    0x08003788   0x08003788   0x0000000c   Code   RO         1272    .text.OS_Tick_AcknowledgeIRQ  os_systick.o
    0x08003794   0x08003794   0x0000003c   Code   RO         1268    .text.OS_Tick_Enable  os_systick.o
    0x080037d0   0x080037d0   0x00000006   Code   RO         1274    .text.OS_Tick_GetIRQn  os_systick.o
    0x080037d6   0x080037d6   0x00000002   PAD
    0x080037d8   0x080037d8   0x0000007e   Code   RO         1266    .text.OS_Tick_Setup  os_systick.o
    0x08003856   0x08003856   0x00000002   PAD
    0x08003858   0x08003858   0x00000090   Code   RO           10    .text.Radars        can.o
    0x080038e8   0x080038e8   0x00000050   Code   RO          579    .text.SVC_Setup     rtx_kernel.o
    0x08003938   0x08003938   0x00000010   Code   RO          963    .text.SetPendSV     rtx_system.o
    0x08003948   0x08003948   0x00000034   Code   RO         1008    .text.SetPrivileged  rtx_thread.o
    0x0800397c   0x0800397c   0x00000018   Code   RO         1004    .text.StackOffsetR0  rtx_thread.o
    0x08003994   0x08003994   0x00000012   Code   RO         1755    .text.SystemInit    system_stm32f4xx.o
    0x080039a6   0x080039a6   0x00000002   PAD
    0x080039a8   0x080039a8   0x0000007c   Code   RO         1136    .text.ThreadFlagsCheck  rtx_thread.o
    0x08003a24   0x08003a24   0x0000001a   Code   RO         1186    .text.ThreadFlagsSet  rtx_thread.o
    0x08003a3e   0x08003a3e   0x00000002   PAD
    0x08003a40   0x08003a40   0x0000009e   Code   RO         1239    .text.TimerInsert   rtx_timer.o
    0x08003ade   0x08003ade   0x00000002   PAD
    0x08003ae0   0x08003ae0   0x00000028   Code   RO         1235    .text.TimerUnlink   rtx_timer.o
    0x08003b08   0x08003b08   0x00000030   Code   RO         1351    .text.__NVIC_ClearPendingIRQ  can_stm32f4xx.o
    0x08003b38   0x08003b38   0x00000038   Code   RO         1349    .text.__NVIC_DisableIRQ  can_stm32f4xx.o
    0x08003b70   0x08003b70   0x00000030   Code   RO            4    .text.__NVIC_EnableIRQ  can.o
    0x08003ba0   0x08003ba0   0x00000030   Code   RO         1353    .text.__NVIC_EnableIRQ  can_stm32f4xx.o
    0x08003bd0   0x08003bd0   0x00000010   Code   RO          581    .text.__NVIC_GetPriorityGrouping  rtx_kernel.o
    0x08003be0   0x08003be0   0x00000020   Code   RO          628    .text._mutex_acquire  rtx_lib.o
    0x08003c00   0x08003c00   0x00000012   Code   RO          632    .text._mutex_free   rtx_lib.o
    0x08003c12   0x08003c12   0x00000002   PAD
    0x08003c14   0x08003c14   0x00000032   Code   RO          626    .text._mutex_initialize  rtx_lib.o
    0x08003c46   0x08003c46   0x00000002   PAD
    0x08003c48   0x08003c48   0x0000001c   Code   RO          630    .text._mutex_release  rtx_lib.o
    0x08003c64   0x08003c64   0x00000008   Code   RO          614    .text._platform_post_stackheap_init  rtx_lib.o
    0x08003c6c   0x08003c6c   0x0000001e   Code   RO           12    .text.allumer_led   can.o
    0x08003c8a   0x08003c8a   0x00000002   PAD
    0x08003c8c   0x08003c8c   0x00000038   Code   RO         1138    .text.atomic_chk32_all  rtx_thread.o
    0x08003cc4   0x08003cc4   0x00000034   Code   RO         1140    .text.atomic_chk32_any  rtx_thread.o
    0x08003cf8   0x08003cf8   0x0000002c   Code   RO          965    .text.atomic_dec16_nz  rtx_system.o
    0x08003d24   0x08003d24   0x00000020   Code   RO          685    .text.atomic_dec32  rtx_mempool.o
    0x08003d44   0x08003d44   0x00000028   Code   RO          812    .text.atomic_dec32_nz  rtx_msgqueue.o
    0x08003d6c   0x08003d6c   0x00000034   Code   RO          967    .text.atomic_inc16_lim  rtx_system.o
    0x08003da0   0x08003da0   0x00000038   Code   RO          971    .text.atomic_inc16_lt  rtx_system.o
    0x08003dd8   0x08003dd8   0x00000020   Code   RO          679    .text.atomic_inc32  rtx_mempool.o
    0x08003df8   0x08003df8   0x00000020   Code   RO          804    .text.atomic_inc32  rtx_msgqueue.o
    0x08003e18   0x08003e18   0x00000028   Code   RO          677    .text.atomic_link_get  rtx_mempool.o
    0x08003e40   0x08003e40   0x00000030   Code   RO          683    .text.atomic_link_put  rtx_mempool.o
    0x08003e70   0x08003e70   0x00000028   Code   RO         1188    .text.atomic_set32  rtx_thread.o
    0x08003e98   0x08003e98   0x00000028   Code   RO          814    .text.atomic_wr8    rtx_msgqueue.o
    0x08003ec0   0x08003ec0   0x00000022   Code   RO           14    .text.eteindre_led  can.o
    0x08003ee2   0x08003ee2   0x00000002   PAD
    0x08003ee4   0x08003ee4   0x000000ac   Code   RO          772    .text.isrRtxMessageQueueGet  rtx_msgqueue.o
    0x08003f90   0x08003f90   0x000000bc   Code   RO          768    .text.isrRtxMessageQueuePut  rtx_msgqueue.o
    0x0800404c   0x0800404c   0x00000086   Code   RO         1120    .text.isrRtxThreadFlagsSet  rtx_thread.o
    0x080040d2   0x080040d2   0x00000002   PAD
    0x080040d4   0x080040d4   0x00000054   Code   RO          947    .text.isr_queue_get  rtx_system.o
    0x08004128   0x08004128   0x0000005e   Code   RO          961    .text.isr_queue_put  rtx_system.o
    0x08004186   0x08004186   0x00000002   PAD
    0x08004188   0x08004188   0x000000a8   Code   RO           20    .text.main          can.o
    0x08004230   0x08004230   0x00000054   Code   RO           42    .text.osDelay       rtx_delay.o
    0x08004284   0x08004284   0x00000042   Code   RO          525    .text.osKernelGetState  rtx_kernel.o
    0x080042c6   0x080042c6   0x00000002   PAD
    0x080042c8   0x080042c8   0x0000004a   Code   RO          513    .text.osKernelInitialize  rtx_kernel.o
    0x08004312   0x08004312   0x00000002   PAD
    0x08004314   0x08004314   0x00000046   Code   RO          529    .text.osKernelStart  rtx_kernel.o
    0x0800435a   0x0800435a   0x00000002   PAD
    0x0800435c   0x0800435c   0x0000007e   Code   RO          770    .text.osMessageQueueGet  rtx_msgqueue.o
    0x080043da   0x080043da   0x00000002   PAD
    0x080043dc   0x080043dc   0x00000072   Code   RO          756    .text.osMessageQueueNew  rtx_msgqueue.o
    0x0800444e   0x0800444e   0x00000002   PAD
    0x08004450   0x08004450   0x0000008a   Code   RO          766    .text.osMessageQueuePut  rtx_msgqueue.o
    0x080044da   0x080044da   0x00000002   PAD
    0x080044dc   0x080044dc   0x00000064   Code   RO          847    .text.osMutexAcquire  rtx_mutex.o
    0x08004540   0x08004540   0x00000056   Code   RO          853    .text.osMutexDelete  rtx_mutex.o
    0x08004596   0x08004596   0x00000002   PAD
    0x08004598   0x08004598   0x00000056   Code   RO          837    .text.osMutexNew    rtx_mutex.o
    0x080045ee   0x080045ee   0x00000002   PAD
    0x080045f0   0x080045f0   0x00000056   Code   RO          849    .text.osMutexRelease  rtx_mutex.o
    0x08004646   0x08004646   0x00000002   PAD
    0x08004648   0x08004648   0x00000030   Code   RO         1294    .text.osRtxErrorNotify  rtx_config.o
    0x08004678   0x08004678   0x0000000a   Code   RO          951    .text.osRtxEventFlagsObject  rtx_system.o
    0x08004682   0x08004682   0x00000002   PAD
    0x08004684   0x08004684   0x00000008   Code   RO         1292    .text.osRtxIdleThread  rtx_config.o
    0x0800468c   0x0800468c   0x00000002   Code   RO          509    .text.osRtxKernelBeforeInit  rtx_kernel.o
    0x0800468e   0x0800468e   0x00000002   PAD
    0x08004690   0x08004690   0x0000001c   Code   RO          511    .text.osRtxKernelErrorNotify  rtx_kernel.o
    0x080046ac   0x080046ac   0x0000000c   Code   RO          943    .text.osRtxKernelGetState  rtx_system.o
    0x080046b8   0x080046b8   0x0000000c   Code   RO         1012    .text.osRtxKernelGetState  rtx_thread.o
    0x080046c4   0x080046c4   0x0000000c   Code   RO          575    .text.osRtxKernelState  rtx_kernel.o
    0x080046d0   0x080046d0   0x0000014c   Code   RO          662    .text.osRtxMemoryAlloc  rtx_memory.o
    0x0800481c   0x0800481c   0x000000c2   Code   RO          664    .text.osRtxMemoryFree  rtx_memory.o
    0x080048de   0x080048de   0x00000002   PAD
    0x080048e0   0x080048e0   0x00000096   Code   RO          656    .text.osRtxMemoryInit  rtx_memory.o
    0x08004976   0x08004976   0x00000002   PAD
    0x08004978   0x08004978   0x0000004a   Code   RO          675    .text.osRtxMemoryPoolAlloc  rtx_mempool.o
    0x080049c2   0x080049c2   0x00000002   PAD
    0x080049c4   0x080049c4   0x00000064   Code   RO          681    .text.osRtxMemoryPoolFree  rtx_mempool.o
    0x08004a28   0x08004a28   0x00000098   Code   RO          673    .text.osRtxMemoryPoolInit  rtx_mempool.o
    0x08004ac0   0x08004ac0   0x0000000a   Code   RO          955    .text.osRtxMemoryPoolObject  rtx_system.o
    0x08004aca   0x08004aca   0x00000002   PAD
    0x08004acc   0x08004acc   0x0000000a   Code   RO          957    .text.osRtxMessageObject  rtx_system.o
    0x08004ad6   0x08004ad6   0x00000002   PAD
    0x08004ad8   0x08004ad8   0x0000000a   Code   RO          752    .text.osRtxMessageQueueId  rtx_msgqueue.o
    0x08004ae2   0x08004ae2   0x00000002   PAD
    0x08004ae4   0x08004ae4   0x00000144   Code   RO          796    .text.osRtxMessageQueuePostProcess  rtx_msgqueue.o
    0x08004c28   0x08004c28   0x0000003e   Code   RO          750    .text.osRtxMessageQueueTimerSetup  rtx_msgqueue.o
    0x08004c66   0x08004c66   0x00000002   PAD
    0x08004c68   0x08004c68   0x0000005a   Code   RO          873    .text.osRtxMutexDestroy  rtx_mutex.o
    0x08004cc2   0x08004cc2   0x00000002   PAD
    0x08004cc4   0x08004cc4   0x0000000a   Code   RO          859    .text.osRtxMutexId  rtx_mutex.o
    0x08004cce   0x08004cce   0x00000002   PAD
    0x08004cd0   0x08004cd0   0x0000000a   Code   RO         1000    .text.osRtxMutexObject  rtx_thread.o
    0x08004cda   0x08004cda   0x00000002   PAD
    0x08004cdc   0x08004cdc   0x00000098   Code   RO          831    .text.osRtxMutexOwnerRelease  rtx_mutex.o
    0x08004d74   0x08004d74   0x000000ac   Code   RO          835    .text.osRtxMutexOwnerRestore  rtx_mutex.o
    0x08004e20   0x08004e20   0x000000fc   Code   RO          871    .text.osRtxMutexOwnerUnlock  rtx_mutex.o
    0x08004f1c   0x08004f1c   0x0000000a   Code   RO          800    .text.osRtxObject   rtx_msgqueue.o
    0x08004f26   0x08004f26   0x00000002   PAD
    0x08004f28   0x08004f28   0x0000000a   Code   RO          833    .text.osRtxObject   rtx_mutex.o
    0x08004f32   0x08004f32   0x00000002   PAD
    0x08004f34   0x08004f34   0x0000000a   Code   RO          969    .text.osRtxObject   rtx_system.o
    0x08004f3e   0x08004f3e   0x00000002   PAD
    0x08004f40   0x08004f40   0x0000000a   Code   RO          988    .text.osRtxObject   rtx_thread.o
    0x08004f4a   0x08004f4a   0x00000002   PAD
    0x08004f4c   0x08004f4c   0x000000b8   Code   RO          945    .text.osRtxPendSV_Handler  rtx_system.o
    0x08005004   0x08005004   0x00000042   Code   RO          959    .text.osRtxPostProcess  rtx_system.o
    0x08005046   0x08005046   0x00000002   PAD
    0x08005048   0x08005048   0x0000000a   Code   RO          953    .text.osRtxSemaphoreObject  rtx_system.o
    0x08005052   0x08005052   0x00000002   PAD
    0x08005054   0x08005054   0x00000010   Code   RO          622    .text.osRtxThreadBeforeFree  rtx_lib.o
    0x08005064   0x08005064   0x00000088   Code   RO         1016    .text.osRtxThreadBlock  rtx_thread.o
    0x080050ec   0x080050ec   0x000000fa   Code   RO         1022    .text.osRtxThreadDelayInsert  rtx_thread.o
    0x080051e6   0x080051e6   0x00000002   PAD
    0x080051e8   0x080051e8   0x0000009c   Code   RO          994    .text.osRtxThreadDelayRemove  rtx_thread.o
    0x08005284   0x08005284   0x00000150   Code   RO          996    .text.osRtxThreadDelayTick  rtx_thread.o
    0x080053d4   0x080053d4   0x00000060   Code   RO         1028    .text.osRtxThreadDestroy  rtx_thread.o
    0x08005434   0x08005434   0x00000096   Code   RO         1010    .text.osRtxThreadDispatch  rtx_thread.o
    0x080054ca   0x080054ca   0x00000002   PAD
    0x080054cc   0x080054cc   0x000000a2   Code   RO         1030    .text.osRtxThreadFree  rtx_thread.o
    0x0800556e   0x0800556e   0x00000002   PAD
    0x08005570   0x08005570   0x0000000c   Code   RO          808    .text.osRtxThreadGetRunning  rtx_msgqueue.o
    0x0800557c   0x0800557c   0x0000000c   Code   RO          863    .text.osRtxThreadGetRunning  rtx_mutex.o
    0x08005588   0x08005588   0x0000000c   Code   RO         1014    .text.osRtxThreadGetRunning  rtx_thread.o
    0x08005594   0x08005594   0x0000000c   Code   RO         1233    .text.osRtxThreadGetRunning  rtx_timer.o
    0x080055a0   0x080055a0   0x0000000a   Code   RO         1036    .text.osRtxThreadId  rtx_thread.o
    0x080055aa   0x080055aa   0x00000002   PAD
    0x080055ac   0x080055ac   0x0000003c   Code   RO         1026    .text.osRtxThreadJoinWakeup  rtx_thread.o
    0x080055e8   0x080055e8   0x00000036   Code   RO          984    .text.osRtxThreadListGet  rtx_thread.o
    0x0800561e   0x0800561e   0x00000002   PAD
    0x08005620   0x08005620   0x00000076   Code   RO          980    .text.osRtxThreadListPut  rtx_thread.o
    0x08005696   0x08005696   0x00000002   PAD
    0x08005698   0x08005698   0x00000032   Code   RO          990    .text.osRtxThreadListRemove  rtx_thread.o
    0x080056ca   0x080056ca   0x00000002   PAD
    0x080056cc   0x080056cc   0x00000022   Code   RO          998    .text.osRtxThreadListRoot  rtx_thread.o
    0x080056ee   0x080056ee   0x00000002   PAD
    0x080056f0   0x080056f0   0x00000058   Code   RO          986    .text.osRtxThreadListSort  rtx_thread.o
    0x08005748   0x08005748   0x0000000a   Code   RO          949    .text.osRtxThreadObject  rtx_system.o
    0x08005752   0x08005752   0x00000002   PAD
    0x08005754   0x08005754   0x0000000a   Code   RO          982    .text.osRtxThreadObject  rtx_thread.o
    0x0800575e   0x0800575e   0x00000002   PAD
    0x08005760   0x08005760   0x00000044   Code   RO         1134    .text.osRtxThreadPostProcess  rtx_thread.o
    0x080057a4   0x080057a4   0x00000020   Code   RO          992    .text.osRtxThreadReadyPut  rtx_thread.o
    0x080057c4   0x080057c4   0x00000022   Code   RO         1002    .text.osRtxThreadRegPtr  rtx_thread.o
    0x080057e6   0x080057e6   0x00000002   PAD
    0x080057e8   0x080057e8   0x00000014   Code   RO         1170    .text.osRtxThreadSetRunning  rtx_thread.o
    0x080057fc   0x080057fc   0x00000014   Code   RO         1237    .text.osRtxThreadSetRunning  rtx_timer.o
    0x08005810   0x08005810   0x0000003c   Code   RO         1024    .text.osRtxThreadStackCheck  rtx_thread.o
    0x0800584c   0x0800584c   0x00000096   Code   RO         1034    .text.osRtxThreadStartup  rtx_thread.o
    0x080058e2   0x080058e2   0x00000002   PAD
    0x080058e4   0x080058e4   0x0000002e   Code   RO         1006    .text.osRtxThreadSwitch  rtx_thread.o
    0x08005912   0x08005912   0x00000002   PAD
    0x08005914   0x08005914   0x00000076   Code   RO         1020    .text.osRtxThreadWaitEnter  rtx_thread.o
    0x0800598a   0x0800598a   0x00000002   PAD
    0x0800598c   0x0800598c   0x00000046   Code   RO         1018    .text.osRtxThreadWaitExit  rtx_thread.o
    0x080059d2   0x080059d2   0x00000002   PAD
    0x080059d4   0x080059d4   0x00000110   Code   RO          941    .text.osRtxTick_Handler  rtx_system.o
    0x08005ae4   0x08005ae4   0x00000030   Code   RO         1209    .text.osRtxTimerSetup  rtx_timer.o
    0x08005b14   0x08005b14   0x00000032   Code   RO         1213    .text.osRtxTimerThread  rtx_timer.o
    0x08005b46   0x08005b46   0x00000002   PAD
    0x08005b48   0x08005b48   0x000000dc   Code   RO         1211    .text.osRtxTimerTick  rtx_timer.o
    0x08005c24   0x08005c24   0x00000010   Code   RO         1130    .text.osThreadEntry  rtx_thread.o
    0x08005c34   0x08005c34   0x00000024   Code   RO         1082    .text.osThreadExit  rtx_thread.o
    0x08005c58   0x08005c58   0x0000005e   Code   RO         1118    .text.osThreadFlagsSet  rtx_thread.o
    0x08005cb6   0x08005cb6   0x00000002   PAD
    0x08005cb8   0x08005cb8   0x00000072   Code   RO         1126    .text.osThreadFlagsWait  rtx_thread.o
    0x08005d2a   0x08005d2a   0x00000002   PAD
    0x08005d2c   0x08005d2c   0x00000072   Code   RO         1040    .text.osThreadNew   rtx_thread.o
    0x08005d9e   0x08005d9e   0x00000002   PAD
    0x08005da0   0x08005da0   0x00000036   Code   RO          620    .text.os_kernel_is_active  rtx_lib.o
    0x08005dd6   0x08005dd6   0x00000002   PAD
    0x08005dd8   0x08005dd8   0x00000050   Code   RO           50    .text.svcRtxDelay   rtx_delay.o
    0x08005e28   0x08005e28   0x00000016   Code   RO          527    .text.svcRtxKernelGetState  rtx_kernel.o
    0x08005e3e   0x08005e3e   0x00000002   PAD
    0x08005e40   0x08005e40   0x00000304   Code   RO          573    .text.svcRtxKernelInitialize  rtx_kernel.o
    0x08006144   0x08006144   0x000000a4   Code   RO          577    .text.svcRtxKernelStart  rtx_kernel.o
    0x080061e8   0x080061e8   0x00000168   Code   RO          816    .text.svcRtxMessageQueueGet  rtx_msgqueue.o
    0x08006350   0x08006350   0x00000290   Code   RO          754    .text.svcRtxMessageQueueNew  rtx_msgqueue.o
    0x080065e0   0x080065e0   0x0000015c   Code   RO          806    .text.svcRtxMessageQueuePut  rtx_msgqueue.o
    0x0800673c   0x0800673c   0x00000176   Code   RO          861    .text.svcRtxMutexAcquire  rtx_mutex.o
    0x080068b2   0x080068b2   0x00000002   PAD
    0x080068b4   0x080068b4   0x00000058   Code   RO          869    .text.svcRtxMutexDelete  rtx_mutex.o
    0x0800690c   0x0800690c   0x00000142   Code   RO          855    .text.svcRtxMutexNew  rtx_mutex.o
    0x08006a4e   0x08006a4e   0x00000002   PAD
    0x08006a50   0x08006a50   0x000001a0   Code   RO          865    .text.svcRtxMutexRelease  rtx_mutex.o
    0x08006bf0   0x08006bf0   0x00000084   Code   RO         1168    .text.svcRtxThreadExit  rtx_thread.o
    0x08006c74   0x08006c74   0x000000d6   Code   RO         1190    .text.svcRtxThreadFlagsSet  rtx_thread.o
    0x08006d4a   0x08006d4a   0x00000002   PAD
    0x08006d4c   0x08006d4c   0x000000be   Code   RO         1200    .text.svcRtxThreadFlagsWait  rtx_thread.o
    0x08006e0a   0x08006e0a   0x00000002   PAD
    0x08006e0c   0x08006e0c   0x0000046a   Code   RO         1038    .text.svcRtxThreadNew  rtx_thread.o
    0x08007276   0x08007276   0x00000002   PAD
    0x08007278   0x08007278   0x00000048   Code   RO          624    .text.user_perthread_libspace_free  rtx_lib.o
    0x080072c0   0x080072c0   0x00000012   Code   RO         1132    .text.xPSR_InitVal  rtx_thread.o
    0x080072d2   0x080072d2   0x0000001a   Code   RO         1782    x$fpl$fpinit        fz_wm.l(fpinit.o)
    0x080072ec   0x080072ec   0x00000070   Data   RO          638    .rodata             rtx_lib.o
    0x0800735c   0x0800735c   0x00000038   Data   RO          641    .rodata             rtx_lib.o
    0x08007394   0x08007394   0x00000008   Data   RO         1761    .rodata.APBPrescTable  system_stm32f4xx.o
    0x0800739c   0x0800739c   0x0000003c   Data   RO         1380    .rodata.Driver_CAN2  can_stm32f4xx.o
    0x080073d8   0x080073d8   0x00000004   Data   RO          640    .rodata.osRtxUserSVC  rtx_lib.o
    0x080073dc   0x080073dc   0x00000024   Data   RO          635    .rodata.os_idle_thread_attr  rtx_lib.o
    0x08007400   0x08007400   0x00000018   Data   RO          637    .rodata.os_timer_mq_attr  rtx_lib.o
    0x08007418   0x08007418   0x00000024   Data   RO          636    .rodata.os_timer_thread_attr  rtx_lib.o
    0x0800743c   0x0800743c   0x0000000c   Data   RO         1384    .rodata.ptr_CANx    can_stm32f4xx.o
    0x08007448   0x08007448   0x0000000b   Data   RO          605    .rodata.str1.1      rtx_kernel.o
    0x08007453   0x08007453   0x00000001   PAD
    0x08007454   0x08007454   0x00000020   Data   RO         1954    Region$$Table       anon$$obj.o


    Execution Region RW_IRAM1 (Exec base: 0x20000000, Load base: 0x08007478, Size: 0x00008e98, Max: 0x00020000, ABSOLUTE)

    Exec Addr    Load Addr    Size         Type   Attr      Idx    E Section Name        Object

    0x20000000   0x08007478   0x00000004   Data   RW         1759    .data.SystemCoreClock  system_stm32f4xx.o
    0x20000004   0x0800747c   0x000000a4   Data   RW          606    .data.os            rtx_kernel.o
    0x200000a8        -       0x00000060   Zero   RW         1821    .bss                c_w.l(libspace.o)
    0x20000108        -       0x00000008   Zero   RW         1378    .bss.CAN_SignalObjectEvent  can_stm32f4xx.o
    0x20000110        -       0x00000008   Zero   RW         1379    .bss.CAN_SignalUnitEvent  can_stm32f4xx.o
    0x20000118        -       0x00000004   Zero   RW           25    .bss.ID_CANT        can.o
    0x2000011c        -       0x00000004   Zero   RW           26    .bss.ID_TRadars     can.o
    0x20000120        -       0x00000004   Zero   RW           24    .bss.MB_Radars      can.o
    0x20000124        -       0x00000002   Zero   RW         1383    .bss.can_driver_initialized  can_stm32f4xx.o
    0x20000126        -       0x00000002   Zero   RW         1385    .bss.can_driver_powered  can_stm32f4xx.o
    0x20000128        -       0x0000000a   Zero   RW         1377    .bss.can_obj_cfg    can_stm32f4xx.o
    0x20000132   0x08007520   0x00000006   PAD
    0x20000138        -       0x00008040   Zero   RW          634    .bss.os             rtx_lib.o
    0x20008178        -       0x00000001   Zero   RW         1284    .bss.os             os_systick.o
    0x20008179   0x08007520   0x00000003   PAD
    0x2000817c        -       0x000001f0   Zero   RW          642    .bss.os.libspace    rtx_lib.o
    0x2000836c        -       0x00000034   Zero   RW          646    .bss.os.msgqueue.cb  rtx_lib.o
    0x200083a0        -       0x00000050   Zero   RW          647    .bss.os.msgqueue.mem  rtx_lib.o
    0x200083f0        -       0x000000a0   Zero   RW          643    .bss.os.thread.cb   rtx_lib.o
    0x20008490        -       0x00000200   Zero   RW          644    .bss.os.thread.idle.stack  rtx_lib.o
    0x20008690        -       0x00000200   Zero   RW          645    .bss.os.thread.timer.stack  rtx_lib.o
    0x20008890        -       0x00000001   Zero   RW          648    .bss.os_kernel_is_active.os_kernel_active  rtx_lib.o
    0x20008891   0x08007520   0x00000007   PAD
    0x20008898        -       0x00000200   Zero   RW         1746    HEAP                startup_stm32f407xx.o
    0x20008a98        -       0x00000400   Zero   RW         1745    STACK               startup_stm32f407xx.o


==============================================================================

Image component sizes


      Code (inc. data)   RO Data    RW Data    ZI Data      Debug   Object Name

       884          0          0          0         12       7561   can.o
      9894         30         72          0         30      22622   can_stm32f4xx.o
       256         16          0          0          0        779   irq_armv7m.o
       204          0          0          0          1       4732   os_systick.o
        56          6          0          0          0        748   rtx_config.o
       230          0          0          0          0       2759   rtx_delay.o
       608          0          0          0          0      26484   rtx_evr.o
      1392          0         11        164          0      17939   rtx_kernel.o
       300          0        268          0      34645       7974   rtx_lib.o
       710          0          0          0          0       2351   rtx_memory.o
       478          0          0          0          0      12598   rtx_mempool.o
      3052          0          0          0          0      15224   rtx_msgqueue.o
      2356          0          0          0          0       9421   rtx_mutex.o
       940         10          0          0          0       6263   rtx_system.o
      5018          0          0          0          0      33997   rtx_thread.o
       548          0          0          0          0       9329   rtx_timer.o
        64         26        392          0       1536        876   startup_stm32f407xx.o
       950          0          0          0          0       5285   stm32f4xx_hal_gpio.o
        46          0          0          0          0       7770   stm32f4xx_hal_rcc.o
        18          0          8          4          0       2727   system_stm32f4xx.o

    ----------------------------------------------------------------------
     28282         88        784        168      36240     197439   Object Totals
         0          0         32          0          0          0   (incl. Generated)
       278          0          1          0         16          0   (incl. Padding)

    ----------------------------------------------------------------------

      Code (inc. data)   RO Data    RW Data    ZI Data      Debug   Library Member Name

         8          0          0          0          0         68   __main.o
         0          0          0          0          0          0   __rtentry.o
        20          0          0          0          0          0   __rtentry2.o
         6          0          0          0          0          0   __rtentry4.o
        94          8          0          0          0          0   __scatter.o
        26          0          0          0          0          0   __scatter_copy.o
        28          0          0          0          0          0   __scatter_zi.o
        18          0          0          0          0         80   exit.o
         6          0          0          0          0        152   heapauxi.o
         0          0          0          0          0          0   indicate_semi.o
         2          0          0          0          0          0   libinit.o
         6          0          0          0          0          0   libinit2.o
         2          0          0          0          0          0   libshutdown.o
         2          0          0          0          0          0   libshutdown2.o
         8          4          0          0         96         68   libspace.o
        68          0          0          0          0         68   rt_memclr.o
        78          0          0          0          0         80   rt_memclr_w.o
       138          0          0          0          0         68   rt_memcpy_v6.o
       100          0          0          0          0         80   rt_memcpy_w.o
         2          0          0          0          0          0   rtexit.o
        10          0          0          0          0          0   rtexit2.o
        12          4          0          0          0         68   sys_exit.o
        74          0          0          0          0         80   sys_stackheap_outer.o
         2          0          0          0          0         68   use_no_semi.o
        26          0          0          0          0        116   fpinit.o

    ----------------------------------------------------------------------
       746         16          0          0         96        996   Library Totals
        10          0          0          0          0          0   (incl. Padding)

    ----------------------------------------------------------------------

      Code (inc. data)   RO Data    RW Data    ZI Data      Debug   Library Name

       710         16          0          0         96        880   c_w.l
        26          0          0          0          0        116   fz_wm.l

    ----------------------------------------------------------------------
       746         16          0          0         96        996   Library Totals

    ----------------------------------------------------------------------

==============================================================================


      Code (inc. data)   RO Data    RW Data    ZI Data      Debug   

     29028        104        784        168      36336     197799   Grand Totals
     29028        104        784        168      36336     197799   ELF Image Totals
     29028        104        784        168          0          0   ROM Totals

==============================================================================

    Total RO  Size (Code + RO Data)                29812 (  29.11kB)
    Total RW  Size (RW Data + ZI Data)             36504 (  35.65kB)
    Total ROM Size (Code + RO Data + RW Data)      29980 (  29.28kB)

==============================================================================

